E/AudioService(  813): Could not get client death handler for stream: 3
W/ContextImpl(  813): Calling a method in the system process without a qualified user: android.app.ContextImpl.sendBroadcast:1213 com.android.internal.policy.impl.PhoneWindowManager.interceptKeyBeforeQueueing:4268 com.android.server.wm.InputMonitor.interceptKeyBeforeQueueing:357 com.android.server.input.InputManagerService.interceptKeyBeforeQueueing:1343 dalvik.system.NativeStart.run:-2 
D/PowerManagerService(  813): sendPendingNotificationsLocked mSendGoToSleepFinishedNotificationWhenReady = false
D/LightsService(  813):  Trun on the button and after 2000s,then turn off the button !
D/BatteryService(  813): ZTE Sending ACTION_BATTERY_CHANGED.  level:80, scale:100, status:3, health:2, present:true, voltage: 4186, temperature: 280, technology: Li-ion, AC powered:false, USB powered:false, Wireless powered:false, icon:17302952, invalid charger:0
E/ledlog_hw(  813): is battery
E/ledlog_hw(  813): Battery or NotificationColor=0 newRGB=0 newMode=0
E/ledlog_hw(  813): update RGB over :red=0 green=0 blink=0
D/WifiApPowerMode(  813): ACTION_BATTERY_CHANGED received. pluggedType=0 mUSBConnected=false
D/LockScreen_KeyguardUpdateMonitor(  974): received broadcast android.intent.action.BATTERY_CHANGED
D/LockScreen_DMLockCodeController(  974): canAcceptIntent - can: false
D/LockScreen_CMASAlertController(  974): canAcceptIntent - can: false
D/LockScreen_KeyguardUpdateMonitor(  974): handleBatteryUpdate
D/Ulp_jni (  813): JNI:system_update. Event-3
D/LBSSystemMonitorService(  813): handleMessage what - 14
D/DeviceContext(  813): handleMessage what - 1
E/RingtoneManager(  974): lgn getRingtone ringtoneUri: ,streamType: -1
E/MediaPlayer-JNI(  974): QCMediaPlayer mediaplayer NOT present
E/MediaPlayer(  974): Uri is  /system/media/audio/ui/ChargerRemove.ogg
I/iu.Environment( 2114): update battery state; isPlugged? false*
D/PowerManagerService(  813): sendPendingNotificationsLocked mSendGoToSleepFinishedNotificationWhenReady = false
D/WifiController(  813): battery changed pluggedType: 0
D/PowerUI (  974): playing charger insert/remove sound. enabledfalse
D/PowerManagerService(  813): sendPendingNotificationsLocked mSendGoToSleepFinishedNotificationWhenReady = false
D/Sonivox (  260): file[-1211334528]: EAS_HWOpenFile ---->. mDrmManagerClient[0], mDrmBufOffset[0], mDrmBufSize[0], mDrmBuf[0]
D/Sonivox (  260): wangchong: path is NULL
D/PRDrmPlugIn(  259): PRDrmPlugin::onInitialize, uniqueId = 7810
D/PRDrmPlugIn(  259): PRDrmPlugin::onSetOnInfoListener: starts! uniqueId = 7810
D/PRDrmPlugIn(  259): PRDrmPlugin::onSetOnInfoListener: ends!
D/Sonivox (  260): [qwu ]FileSource::canHandle()begin 
D/Sonivox (  260): [qwu ]FileSource::canHandle()end 
D/Sonivox (  260): [qwu ]FileSource::canHandle() OK 
D/Sonivox (  260): [qwu ]FileSource::canHandle() failed 
D/PRDrmPlugIn(  259): PRDrmPlugin::onTerminate, uniqueId = 7810
D/Sonivox (  260): file[-1211334528]: EAS_HWOpenFile <----. mDrmManagerClient[0], mDrmBufOffset[0], mDrmBufSize[0], mDrmBuf[0]
D/Sonivox (  260): file[-1211334528]: EAS_HWCloseFile ---->. mDrmManagerClient[0], mDrmBufOffset[0], mDrmBufSize[0], mDrmBuf[0]
D/Sonivox (  260): file[-1211334528]: EAS_HWCloseFile <----. mDrmManagerClient[0], mDrmBufOffset[0], mDrmBufSize[0], mDrmBuf[0]
I/ExtendedUtils(  260): AV Sync late margin : Intended=40ms Using=0ms
D/Utils   (  260): printFileName fd(35) -> /system/media/audio/ui/ChargerRemove.ogg
W/ContextImpl(  813): Calling a method in the system process without a qualified user: android.app.ContextImpl.sendBroadcast:1213 com.android.internal.policy.impl.PhoneWindowManager.interceptKeyBeforeQueueing:4268 com.android.server.wm.InputMonitor.interceptKeyBeforeQueueing:357 com.android.server.input.InputManagerService.interceptKeyBeforeQueueing:1343 dalvik.system.NativeStart.run:-2 
D/PowerManagerService(  813): sendPendingNotificationsLocked mSendGoToSleepFinishedNotificationWhenReady = false
D/PowerManagerService(  813): sendPendingNotificationsLocked mSendGoToSleepFinishedNotificationWhenReady = false
I/iu.UploadsManager( 2114): num queued entries: 0
D/PRDrmPlugIn(  259): PRDrmPlugin::onInitialize, uniqueId = 7333
D/PRDrmPlugIn(  259): PRDrmPlugin::onSetOnInfoListener: starts! uniqueId = 7333
D/PRDrmPlugIn(  259): PRDrmPlugin::onSetOnInfoListener: ends!
I/iu.UploadsManager( 2114): num updated entries: 0
D/PRDrmPlugIn(  259): PRDrmPlugin::onTerminate, uniqueId = 7333
I/iu.SyncManager( 2114): NEXT; no task
D/ExtendedUtils(  260): extended extractor not needed, return default
D/AudioPolicyManager(  260): copl: isOffloadSupported: SR=44100, CM=0x3, Format=0x7000000, StreamType=2, BitRate=4294967295, duration=724421 us, has_video=0
D/AudioPolicyManager(  260): copl: isOffloadSupported: stream_type != MUSIC, returning false
D/OMXCodec(  260): Successfully allocated OMX node 'OMX.google.vorbis.decoder'
I/AwesomePlayer(  260): Could not offload audio decode, try pcm offload
D/DisplayPowerController(  813): updateAmbientLux:  mLightSensorListener lux is 2.0
D/AudioPolicyManager(  260): copl: isOffloadSupported: SR=44100, CM=0x1, Format=0x17000001, StreamType=2, BitRate=4294967295, duration=724421 us, has_video=0
D/AudioPolicyManager(  260): copl: isOffloadSupported: stream_type != MUSIC, returning false
D/Ringtone(  974): Successfully created local player
E/MediaPlayer-JNI(  974): QCMediaPlayer mediaplayer NOT present
E/MediaPlayer(  974): Uri is  /system/media/audio/ui/ChargerRemove.ogg
D/Sonivox (  260): file[-1211246816]: EAS_HWOpenFile ---->. mDrmManagerClient[0], mDrmBufOffset[0], mDrmBufSize[0], mDrmBuf[0]
D/Sonivox (  260): wangchong: path is NULL
D/PRDrmPlugIn(  259): PRDrmPlugin::onInitialize, uniqueId = 6577
D/PRDrmPlugIn(  259): PRDrmPlugin::onSetOnInfoListener: starts! uniqueId = 6577
D/PRDrmPlugIn(  259): PRDrmPlugin::onSetOnInfoListener: ends!
D/Sonivox (  260): [qwu ]FileSource::canHandle()begin 
D/Sonivox (  260): [qwu ]FileSource::canHandle()end 
D/Sonivox (  260): [qwu ]FileSource::canHandle() OK 
D/Sonivox (  260): [qwu ]FileSource::canHandle() failed 
D/PRDrmPlugIn(  259): PRDrmPlugin::onTerminate, uniqueId = 6577
D/Sonivox (  260): file[-1211246816]: EAS_HWOpenFile <----. mDrmManagerClient[0], mDrmBufOffset[0], mDrmBufSize[0], mDrmBuf[0]
D/Sonivox (  260): file[-1211246816]: EAS_HWCloseFile ---->. mDrmManagerClient[0], mDrmBufOffset[0], mDrmBufSize[0], mDrmBuf[0]
D/Sonivox (  260): file[-1211246816]: EAS_HWCloseFile <----. mDrmManagerClient[0], mDrmBufOffset[0], mDrmBufSize[0], mDrmBuf[0]
I/ExtendedUtils(  260): AV Sync late margin : Intended=40ms Using=0ms
D/Utils   (  260): printFileName fd(35) -> /system/media/audio/ui/ChargerRemove.ogg
D/PRDrmPlugIn(  259): PRDrmPlugin::onInitialize, uniqueId = 7037
D/PRDrmPlugIn(  259): PRDrmPlugin::onSetOnInfoListener: starts! uniqueId = 7037
D/PRDrmPlugIn(  259): PRDrmPlugin::onSetOnInfoListener: ends!
D/PRDrmPlugIn(  259): PRDrmPlugin::onTerminate, uniqueId = 7037
D/PowerManagerService(  813): sendPendingNotificationsLocked mSendGoToSleepFinishedNotificationWhenReady = false
D/ExtendedUtils(  260): extended extractor not needed, return default
D/AudioPolicyManager(  260): copl: isOffloadSupported: SR=44100, CM=0x3, Format=0x7000000, StreamType=5, BitRate=4294967295, duration=724421 us, has_video=0
D/AudioPolicyManager(  260): copl: isOffloadSupported: stream_type != MUSIC, returning false
D/OMXCodec(  260): Successfully allocated OMX node 'OMX.google.vorbis.decoder'
I/AwesomePlayer(  260): Could not offload audio decode, try pcm offload
D/AudioPolicyManager(  260): copl: isOffloadSupported: SR=44100, CM=0x1, Format=0x17000001, StreamType=5, BitRate=4294967295, duration=724421 us, has_video=0
D/AudioPolicyManager(  260): copl: isOffloadSupported: stream_type != MUSIC, returning false
D/Ringtone(  974): Successfully created local player
E/MediaPlayer(  974): Should have subtitle controller already set
D/PowerUI (  974): paly enable=false
W/UnimplementedWebViewApi( 3385): Unimplemented WebView method onKeyDown called from: android.webkit.WebView.onKeyDown(WebView.java:2178)
D/LockScreen_KeyguardUpdateMonitor(  974): received broadcast android.media.RINGER_MODE_CHANGED
D/LockScreen_DMLockCodeController(  974): canAcceptIntent - can: false
D/LockScreen_CMASAlertController(  974): canAcceptIntent - can: false
E/AudioSwitchController(  974): intent.getAction=android.media.RINGER_MODE_CHANGED
E/AudioSwitchController(  974):  updateView=	Sound
I/AudioSwitchController(  974): getBtnRingmode  state =1
E/AudioSwitchController(  974):  status=1
I/SwitchButton(  974): Sound  setStatus1
E/SwitchButton(  974):  Sound status no change return
D/LockScreen_KeyguardUpdateMonitor(  974): handleRingerModeChange(1)
D/AudioService(  813): flag is 17
I/RingtoneManager(  813): getActualDefaultRingtoneUri().setting=ringtone uriString=content://media/internal/audio/media/35
I/RingtoneManager(  813): TYPE_RINGTONE getActualDefaultRingtoneUri().volume = internal
I/RingtoneManager(  813): TYPE_RINGTONE getActualDefaultRingtoneUri().songid = 35
D/DisplayPowerController(  813): updateAmbientLux:  mLightSensorListener lux is 0.0
I/RingtoneManager(  813): TYPE_RINGTONE getActualDefaultRingtoneUri().iRingtone = 1
I/RingtoneManager(  813): TYPE_RINGTONE getActualDefaultRingtoneUri().bExist = true
D/AudioService(  813): flag is 4
D/LockScreen_KeyguardViewMediator(  974): setHidden false
D/LockScreen_KeyguardUpdateMonitor(  974): sendKeyguardVisibilityChanged(true)
D/LockScreen_KeyguardUpdateMonitor(  974): handleKeyguardVisibilityChanged(1)
D/LockScreen_KeyguardViewMediator(  974): setHidden false
D/LockScreen_KeyguardUpdateMonitor(  974): sendKeyguardVisibilityChanged(true)
D/LockScreen_KeyguardUpdateMonitor(  974): handleKeyguardVisibilityChanged(1)
D/LockScreen_KeyguardViewMediator(  974): setHidden false
D/LockScreen_KeyguardUpdateMonitor(  974): sendKeyguardVisibilityChanged(true)
D/LockScreen_KeyguardUpdateMonitor(  974): handleKeyguardVisibilityChanged(1)
D/LockScreen_KeyguardViewMediator(  974): setHidden false
D/LockScreen_KeyguardUpdateMonitor(  974): sendKeyguardVisibilityChanged(true)
D/LockScreen_KeyguardUpdateMonitor(  974): handleKeyguardVisibilityChanged(1)
D/LockScreen_KeyguardViewMediator(  974): setHidden false
D/LockScreen_KeyguardUpdateMonitor(  974): sendKeyguardVisibilityChanged(true)
D/LockScreen_KeyguardUpdateMonitor(  974): handleKeyguardVisibilityChanged(1)
D/vibrator_java(  813): mPackageName=android
D/vibrator_java(  813): doVibratorOn  uid= 1000  millis=300ms
D/AudioPolicyManager(  260):  getOutput() device 2, stream 2, samplingRate 0, format 0, channelMask 3, flags 0 
D/AudioPolicyManager(  260): getOutput() returns output 2
D/AudioPolicyManager(  260):  getOutput() device 2, stream 2, samplingRate 0, format 0, channelMask 3, flags 0 
D/AudioPolicyManager(  260): getOutput() returns output 2
D/AudioPolicyManager(  260):  getOutput() device 2, stream 2, samplingRate 48000, format 1, channelMask 1, flags 4 
D/AudioPolicyManager(  260): getOutput() returns output 3
D/AudioFlinger(  260): start(4100), calling pid 813 session 17
D/AudioFlinger(  260): ? => ACTIVE (4100) on thread 0xb7cdb818
D/AudioPolicyManagerBase(  260): startOutput() output 3, stream 2, session 17
D/PowerManagerService(  813): sendPendingNotificationsLocked mSendGoToSleepFinishedNotificationWhenReady = false
D/audio_hw_primary(  260): start_output_stream: enter: stream(0xb7cb7988)usecase(1: low-latency-playback) devices(0x2)
D/audio_hw_primary(  260): select_devices: out_snd_device(2: speaker) in_snd_device(0: )
D/hardware_info(  260): hw_info_append_hw_type : device_name = speaker
I/listen_hal_loader(  260): audio_extn_listen_update_device_status(): device 0x2 of type 0 for Event 1, with Raise=0
D/ACDB-LOADER(  260): ACDB -> send_audio_cal, acdb_id = 14, path =  0
D/ACDB-LOADER(  260): ACDB -> send_adm_topology
D/ACDB-LOADER(  260): ACDB -> ACDB_CMD_GET_AUDPROC_COMMON_TOPOLOGY_ID
D/ACDB-LOADER(  260): ACDB -> send_asm_topology
D/ACDB-LOADER(  260): ACDB -> ACDB_CMD_GET_AUDPROC_STREAM_TOPOLOGY_ID
D/ACDB-LOADER(  260): ACDB -> send_audtable
D/ACDB-LOADER(  260): ACDB -> ACDB_CMD_GET_AUDPROC_COMMON_TABLE
D/ACDB-LOADER(  260): ACDB -> AUDIO_SET_AUDPROC_CAL
D/ACDB-LOADER(  260): ACDB -> send_audvoltable
D/ACDB-LOADER(  260): ACDB -> ACDB_CMD_GET_AUDPROC_GAIN_DEP_STEP_TABLE
D/ACDB-LOADER(  260): ACDB -> AUDIO_SET_AUDPROC_VOL_CAL
D/ACDB-LOADER(  260): ACDB -> send_afe_cal
D/ACDB-LOADER(  260): ACDB -> ACDB_CMD_GET_AFE_COMMON_TABLE
D/ACDB-LOADER(  260): ACDB -> AUDIO_SET_AFE_CAL
I/listen_hal_loader(  260): audio_extn_listen_update_stream_status(): uc_id 1 of type 0 for Event 3, with Raise=0
D/audio_hw_primary(  260): select_devices: done
D/ACDB-LOADER(  260): ACDB -> send_audio_cal, acdb_id = 14, path =  0
D/ACDB-LOADER(  260): ACDB -> send_adm_topology
D/ACDB-LOADER(  260): ACDB -> ACDB_CMD_GET_AUDPROC_COMMON_TOPOLOGY_ID
D/ACDB-LOADER(  260): ACDB -> send_asm_topology
D/ACDB-LOADER(  260): ACDB -> ACDB_CMD_GET_AUDPROC_STREAM_TOPOLOGY_ID
D/ACDB-LOADER(  260): ACDB -> send_audtable
D/ACDB-LOADER(  260): ACDB -> ACDB_CMD_GET_AUDPROC_COMMON_TABLE
D/ACDB-LOADER(  260): ACDB -> AUDIO_SET_AUDPROC_CAL
D/ACDB-LOADER(  260): ACDB -> send_audvoltable
D/ACDB-LOADER(  260): ACDB -> ACDB_CMD_GET_AUDPROC_GAIN_DEP_STEP_TABLE
D/ACDB-LOADER(  260): ACDB -> AUDIO_SET_AUDPROC_VOL_CAL
D/ACDB-LOADER(  260): ACDB -> send_afe_cal
D/ACDB-LOADER(  260): ACDB -> ACDB_CMD_GET_AFE_COMMON_TABLE
D/ACDB-LOADER(  260): ACDB -> AUDIO_SET_AFE_CAL
D/DisplayPowerController(  813): updateAmbientLux:  mLightSensorListener lux is 1.0
W/XTWiFiOS(  813): Active network info is not available
D/Ulp_jni (  813): JNI:In update_settings:currentContextType 0, currentGpsSetting 0, currentAgpsSetting 1,currentNetworkProvSetting 0,currentWifiSetting 1,currentBatteryCharging 0,currentEnhLocationServicesSetting 0 currentPipUserSetting 0 
D/Ulp_jni (  813): JNI:system_update. Event-4
D/LockScreen_KeyguardViewMediator(  974): setHidden false
D/LockScreen_KeyguardUpdateMonitor(  974): sendKeyguardVisibilityChanged(true)
D/LockScreen_KeyguardUpdateMonitor(  974): handleKeyguardVisibilityChanged(1)
D/UsbDeviceManager(  813): setEnabledFunctions mtp,adb makeDefault: false
D/UsbDeviceManager(  813): processOperatorUsbOverride
D/UsbDeviceManager(  813): send a broadcast when usb line plugged out
D/ledlog_java_ntf(  813): cancelNotification
D/ledlog_java_ntf(  813): mLedNotification=null turn off
W/ContextImpl(  813): Calling a method in the system process without a qualified user: android.app.ContextImpl.sendBroadcast:1213 com.android.server.usb.UsbDeviceManager$UsbHandler.handleMessage:758 android.os.Handler.dispatchMessage:102 android.os.Looper.loop:136 android.os.HandlerThread.run:61 
D/UsbDeviceManager(  813): broadcasting Intent { act=android.hardware.usb.action.USB_STATE flg=0x20000000 (has extras) } connected: false configured: false
D/UsbDeviceManager(  813): AlwaysAsk=1 mMenuPopUpEnabletrue
D/UsbDeviceManager(  813): updateUsbNotification();   1
E/UsbDeviceManager(  813): ++++++++++++++++mConnectedfalse
E/UsbDeviceManager(  813): ++++++++++++++++mUseUsbNotificationtrue
E/UsbDeviceManager(  813): ++++++++++++++++mUsbNotificationId17040539
E/UsbDeviceManager(  813): ++++++++++++++++id0
D/ledlog_java_ntf(  813): cancelNotification
D/ledlog_java_ntf(  813): mLedNotification=null turn off
E/AUD_MediaButtonIntentReceiver( 3189): receive action: android.hardware.usb.action.USB_STATE
E/AUD_MediaButtonIntentReceiver( 3189): usbState.equals(intentAction)
I/ActivityManager(  813): Killing 2169:com.qualcomm.logkit/u0a63 (adj 15): empty #17
D/DisplayPowerController(  813): updateAmbientLux:  mLightSensorListener lux is 0.0
D/DisplayPowerController(  813): updateAmbientLux:  mLightSensorListener lux is 1.0
D/LockScreen_KeyguardViewMediator(  974): setHidden false
D/LockScreen_KeyguardUpdateMonitor(  974): sendKeyguardVisibilityChanged(true)
D/DisplayPowerController(  813): updateAmbientLux:  mLightSensorListener lux is 28.0
D/LockScreen_KeyguardUpdateMonitor(  974): handleKeyguardVisibilityChanged(1)
D/LockScreen_KeyguardViewMediator(  974): setHidden false
D/LockScreen_KeyguardUpdateMonitor(  974): sendKeyguardVisibilityChanged(true)
D/LockScreen_KeyguardUpdateMonitor(  974): handleKeyguardVisibilityChanged(1)
D/vibrator_java(  813): mPackageName=android
D/PowerManagerService(  813): sendPendingNotificationsLocked mSendGoToSleepFinishedNotificationWhenReady = false
W/ContextImpl(  813): Calling a method in the system process without a qualified user: android.app.ContextImpl.sendBroadcast:1213 com.android.internal.policy.impl.PhoneWindowManager.interceptKeyBeforeQueueing:4268 com.android.server.wm.InputMonitor.interceptKeyBeforeQueueing:357 com.android.server.input.InputManagerService.interceptKeyBeforeQueueing:1343 dalvik.system.NativeStart.run:-2 
D/PowerManagerService(  813): sendPendingNotificationsLocked mSendGoToSleepFinishedNotificationWhenReady = false
D/LightsService(  813):  Trun on the button and after 2000s,then turn off the button !
D/vibrator_java(  813): mPackageName=android
D/vibrator_java(  813): doVibratorOn  uid= 1000  millis=40ms
W/UnimplementedWebViewApi( 3385): Unimplemented WebView method onKeyDown called from: android.webkit.WebView.onKeyDown(WebView.java:2178)
D/PowerManagerService(  813): sendPendingNotificationsLocked mSendGoToSleepFinishedNotificationWhenReady = false
D/dalvikvm(  813): GC_FOR_ALLOC freed 1519K, 14% free 13584K/15744K, paused 78ms, total 87ms
D/DisplayPowerController(  813): updateAmbientLux:  mLightSensorListener lux is 27.0
D/LockScreen_KeyguardViewMediator(  974): setHidden false
D/LockScreen_KeyguardUpdateMonitor(  974): sendKeyguardVisibilityChanged(true)
D/LockScreen_KeyguardUpdateMonitor(  974): handleKeyguardVisibilityChanged(1)
D/PowerManagerService(  813): sendPendingNotificationsLocked mSendGoToSleepFinishedNotificationWhenReady = false
D/LightsService(  813):  Trun on the button and after 2000s,then turn off the button !
D/vibrator_java(  813): mPackageName=android
D/PowerManagerService(  813): sendPendingNotificationsLocked mSendGoToSleepFinishedNotificationWhenReady = false
D/vibrator_java(  813): doVibratorOn  uid= 1000  millis=1ms
V/RCActivity( 3385): onPause()
I/ActivityManager(  813): START u0 {act=com.android.systemui.recent.action.TOGGLE_RECENTS flg=0x10800000 cmp=com.android.systemui/.recent.RecentsActivity (has extras)} from pid 974
D/PowerManagerService(  813): sendPendingNotificationsLocked mSendGoToSleepFinishedNotificationWhenReady = false
D/vibrator_java(  813): doVibratorOn  uid= 1000  millis=21ms
D/LockScreen_KeyguardViewMediator(  974): setHidden false
D/LockScreen_KeyguardUpdateMonitor(  974): sendKeyguardVisibilityChanged(true)
D/LockScreen_KeyguardViewMediator(  974): setHidden false
D/LockScreen_KeyguardUpdateMonitor(  974): sendKeyguardVisibilityChanged(true)
W/UnimplementedWebViewApi( 3385): Unimplemented WebView method onKeyDown called from: android.webkit.WebView.onKeyDown(WebView.java:2178)
D/LockScreen_KeyguardViewMediator(  974): setHidden false
D/LockScreen_KeyguardUpdateMonitor(  974): sendKeyguardVisibilityChanged(true)
D/dalvikvm( 3385): GC_CONCURRENT freed 1947K, 53% free 5285K/11088K, paused 6ms+2ms, total 70ms
D/PowerManagerService(  813): sendPendingNotificationsLocked mSendGoToSleepFinishedNotificationWhenReady = false
D/dalvikvm(  813): GC_FOR_ALLOC freed 664K, 17% free 13570K/16168K, paused 74ms, total 75ms
D/LockScreen_KeyguardUpdateMonitor(  974): handleKeyguardVisibilityChanged(1)
D/LockScreen_KeyguardUpdateMonitor(  974): handleKeyguardVisibilityChanged(1)
D/LockScreen_KeyguardUpdateMonitor(  974): handleKeyguardVisibilityChanged(1)
D/PowerManagerService(  813): sendPendingNotificationsLocked mSendGoToSleepFinishedNotificationWhenReady = false
D/LockScreen_KeyguardViewMediator(  974): setHidden false
D/LockScreen_KeyguardUpdateMonitor(  974): sendKeyguardVisibilityChanged(true)
D/LockScreen_KeyguardViewMediator(  974): setHidden false
D/LockScreen_KeyguardUpdateMonitor(  974): sendKeyguardVisibilityChanged(true)
D/LockScreen_KeyguardUpdateMonitor(  974): handleKeyguardVisibilityChanged(1)
D/LockScreen_KeyguardViewMediator(  974): setHidden false
D/LockScreen_KeyguardUpdateMonitor(  974): sendKeyguardVisibilityChanged(true)
D/LockScreen_KeyguardUpdateMonitor(  974): handleKeyguardVisibilityChanged(1)
D/LockScreen_KeyguardUpdateMonitor(  974): handleKeyguardVisibilityChanged(1)
D/LockScreen_KeyguardViewMediator(  974): setHidden false
D/LockScreen_KeyguardUpdateMonitor(  974): sendKeyguardVisibilityChanged(true)
D/LockScreen_KeyguardUpdateMonitor(  974): handleKeyguardVisibilityChanged(1)
E/Launcher( 1218): onResume____ mRestoring=false___ mOnResumeNeedsLoad=false, getIsDisplayAddToHome ()=false
D/DisplayPowerController(  813): ZTE_PM updateAutoBrightness: useAutoBrightness = true  mAmbientLuxValid = true  mAmbientLux = 15.37225
D/DisplayPowerController(  813): updateAutoBrightness: value=0.13044643 *255 = 33.26384
D/DisplayPowerController(  813): ZTE_PM mPowerRequest.screenState is 2
D/DisplayPowerController(  813): ZTE_PM_PROX disable ProxSensor while NO useProximitySensor 
D/DisplayPowerController(  813): ZTE_PM_PROX setProximitySensorEnabled enable = false
D/DisplayPowerController(  813): ZTE_PM  setLightSensorEnabled enable = true updateAutoBrightness = false
D/DisplayPowerState(  813): Updating screen state: onChanged=false, on= true, backlightChanged=true, backlight=45
D/ledlog_java_com(  813): Excessive delay setting light: 64ms
D/DisplayPowerState(  813): Updating screen state: onChanged=false, on= true, backlightChanged=true, backlight=35
W/BackupManagerService(  813): dataChanged but no participant pkg='com.android.providers.settings' uid=10017
D/android.widget.GridLayout( 1218): horizontal constraints: x1-x0>=199, x2-x1>=244, x2-x0<=442 are inconsistent; permanently removing: x2-x0<=442. 
D/android.widget.GridLayout( 1218): horizontal constraints: x1-x0>=199, x2-x1>=244, x2-x0<=442 are inconsistent; permanently removing: x2-x0<=442. 
D/LockScreen_KeyguardViewMediator(  974): setHidden false
D/LockScreen_KeyguardUpdateMonitor(  974): sendKeyguardVisibilityChanged(true)
D/LockScreen_KeyguardUpdateMonitor(  974): handleKeyguardVisibilityChanged(1)
D/android.widget.GridLayout( 1218): horizontal constraints: x1-x0>=199, x2-x1>=244, x2-x0<=442 are inconsistent; permanently removing: x2-x0<=442. 
D/android.widget.GridLayout( 1218): horizontal constraints: x1-x0>=199, x2-x1>=244, x2-x0<=442 are inconsistent; permanently removing: x2-x0<=442. 
D/ledlog_java_com(  813): Excessive delay setting light: 66ms
D/DisplayPowerState(  813): Updating screen state: onChanged=false, on= true, backlightChanged=true, backlight=33
D/LockScreen_KeyguardViewMediator(  974): setHidden false
D/LockScreen_KeyguardUpdateMonitor(  974): sendKeyguardVisibilityChanged(true)
D/LockScreen_KeyguardUpdateMonitor(  974): handleKeyguardVisibilityChanged(1)
D/LockScreen_KeyguardViewMediator(  974): setHidden false
D/LockScreen_KeyguardUpdateMonitor(  974): sendKeyguardVisibilityChanged(true)
D/LockScreen_KeyguardUpdateMonitor(  974): handleKeyguardVisibilityChanged(1)
D/dalvikvm( 1218): GC_FOR_ALLOC freed 6436K, 29% free 18620K/26108K, paused 26ms, total 27ms
I/dalvikvm-heap( 1218): Grow heap (frag case) to 21.128MB for 925072-byte allocation
E/FolderIcon( 1218): wjx __setDisplayMode_111_mDisplayMode=1
D/DisplayPowerController(  813): updateAmbientLux:  mLightSensorListener lux is 26.0
D/dalvikvm( 1218): GC_FOR_ALLOC freed 1546K, 32% free 18521K/27012K, paused 23ms, total 23ms
I/dalvikvm-heap( 1218): Grow heap (frag case) to 22.181MB for 2129360-byte allocation
E/FolderIcon( 1218): wjx __setDisplayMode_111_mDisplayMode=1
E/PagedViewIcon( 1218): wjx __setDisplayMode_111_mDisplayMode=1
E/PagedViewIcon( 1218): wjx __setDisplayMode_111_mDisplayMode=1
E/PagedViewIcon( 1218): wjx __setDisplayMode_111_mDisplayMode=1
E/PagedViewIcon( 1218): wjx __setDisplayMode_111_mDisplayMode=1
E/PagedViewIcon( 1218): wjx __setDisplayMode_111_mDisplayMode=1
E/PagedViewIcon( 1218): wjx __setDisplayMode_111_mDisplayMode=1
E/PagedViewIcon( 1218): wjx __setDisplayMode_111_mDisplayMode=1
E/PagedViewIcon( 1218): wjx __setDisplayMode_111_mDisplayMode=1
E/PagedViewIcon( 1218): wjx __setDisplayMode_111_mDisplayMode=1
E/PagedViewIcon( 1218): wjx __setDisplayMode_111_mDisplayMode=1
E/PagedViewIcon( 1218): wjx __setDisplayMode_111_mDisplayMode=1
E/PagedViewIcon( 1218): wjx __setDisplayMode_111_mDisplayMode=1
D/DisplayPowerController(  813): updateAmbientLux:  mLightSensorListener lux is 25.0
D/dalvikvm( 1218): GC_FOR_ALLOC freed 2880K, 28% free 18558K/25620K, paused 27ms, total 27ms
I/dalvikvm-heap( 1218): Grow heap (frag case) to 21.069MB for 925072-byte allocation
W/ContextImpl(  813): Calling a method in the system process without a qualified user: android.app.ContextImpl.sendBroadcast:1213 com.android.internal.policy.impl.PhoneWindowManager.interceptKeyBeforeQueueing:4268 com.android.server.wm.InputMonitor.interceptKeyBeforeQueueing:357 com.android.server.input.InputManagerService.interceptKeyBeforeQueueing:1343 dalvik.system.NativeStart.run:-2 
E/PagedViewIcon( 1218): wjx __setDisplayMode_111_mDisplayMode=1
E/PagedViewIcon( 1218): wjx __setDisplayMode_111_mDisplayMode=1
E/PagedViewIcon( 1218): wjx __setDisplayMode_111_mDisplayMode=1
E/PagedViewIcon( 1218): wjx __setDisplayMode_111_mDisplayMode=1
E/PagedViewIcon( 1218): wjx __setDisplayMode_111_mDisplayMode=1
D/dalvikvm( 1218): GC_FOR_ALLOC freed 1028K, 28% free 19324K/26524K, paused 22ms, total 22ms
I/dalvikvm-heap( 1218): Grow heap (frag case) to 23.006MB for 2172688-byte allocation
E/PagedViewIcon( 1218): wjx __setDisplayMode_111_mDisplayMode=1
E/PagedViewIcon( 1218): wjx __setDisplayMode_111_mDisplayMode=1
D/DisplayPowerController(  813): updateAmbientLux:  mLightSensorListener lux is 24.0
D/dalvikvm( 1218): GC_FOR_ALLOC freed 2872K, 27% free 18952K/25620K, paused 26ms, total 26ms
I/dalvikvm-heap( 1218): Grow heap (frag case) to 21.797MB for 1286224-byte allocation
D/dalvikvm( 1218): GC_FOR_ALLOC freed 2K, 25% free 20205K/26880K, paused 23ms, total 23ms
I/dalvikvm-heap( 1218): Grow heap (frag case) to 23.715MB for 2013712-byte allocation
E/PagedViewIcon( 1218): wjx __setDisplayMode_111_mDisplayMode=1
D/dalvikvm( 1218): GC_FOR_ALLOC freed 5K, 24% free 22168K/28848K, paused 21ms, total 21ms
I/dalvikvm-heap( 1218): Grow heap (frag case) to 27.177MB for 3632848-byte allocation
E/PagedViewIcon( 1218): wjx __setDisplayMode_111_mDisplayMode=1
E/PagedViewIcon( 1218): wjx __setDisplayMode_111_mDisplayMode=1
E/PagedViewIcon( 1218): wjx __setDisplayMode_111_mDisplayMode=1
E/PagedViewIcon( 1218): wjx __setDisplayMode_111_mDisplayMode=1
E/PagedViewIcon( 1218): wjx __setDisplayMode_111_mDisplayMode=1
E/PagedViewIcon( 1218): wjx __setDisplayMode_111_mDisplayMode=1
E/PagedViewIcon( 1218): wjx __setDisplayMode_111_mDisplayMode=1
E/PagedViewIcon( 1218): wjx __setDisplayMode_111_mDisplayMode=1
D/LockScreen_KeyguardViewMediator(  974): setHidden false
D/LockScreen_KeyguardUpdateMonitor(  974): sendKeyguardVisibilityChanged(true)
D/LockScreen_KeyguardUpdateMonitor(  974): handleKeyguardVisibilityChanged(1)
D/dalvikvm( 1218): GC_FOR_ALLOC freed 6941K, 26% free 19170K/25620K, paused 40ms, total 40ms
I/dalvikvm-heap( 1218): Grow heap (frag case) to 22.514MB for 1814416-byte allocation
D/LockScreen_KeyguardViewMediator(  974): setHidden false
D/LockScreen_KeyguardUpdateMonitor(  974): sendKeyguardVisibilityChanged(true)
D/LockScreen_KeyguardUpdateMonitor(  974): handleKeyguardVisibilityChanged(1)
D/dalvikvm( 1218): GC_FOR_ALLOC freed 7K, 24% free 20935K/27392K, paused 23ms, total 23ms
D/DisplayPowerController(  813): updateAmbientLux:  mLightSensorListener lux is 25.0
I/dalvikvm-heap( 1218): Grow heap (frag case) to 24.253MB for 1831120-byte allocation
E/PagedViewIcon( 1218): wjx __setDisplayMode_111_mDisplayMode=1
D/dalvikvm( 1218): GC_FOR_ALLOC freed 1K, 23% free 22724K/29184K, paused 22ms, total 22ms
I/dalvikvm-heap( 1218): Grow heap (frag case) to 24.816MB for 588688-byte allocation
E/PagedViewIcon( 1218): wjx __setDisplayMode_111_mDisplayMode=1
E/PagedViewIcon( 1218): wjx __setDisplayMode_111_mDisplayMode=1
E/PagedViewIcon( 1218): wjx __setDisplayMode_111_mDisplayMode=1
E/PagedViewIcon( 1218): wjx __setDisplayMode_111_mDisplayMode=1
D/dalvikvm( 1218): GC_FOR_ALLOC freed 4688K, 24% free 19678K/25620K, paused 28ms, total 28ms
I/dalvikvm-heap( 1218): Grow heap (frag case) to 21.701MB for 440848-byte allocation
E/PagedViewIcon( 1218): wjx __setDisplayMode_111_mDisplayMode=1
E/PagedViewIcon( 1218): wjx __setDisplayMode_111_mDisplayMode=1
E/PagedViewIcon( 1218): wjx __setDisplayMode_111_mDisplayMode=1
I/Choreographer( 1218): Skipped 36 frames!  The application may be doing too much work on its main thread.
D/LockScreen_KeyguardViewMediator(  974): setHidden false
D/LockScreen_KeyguardUpdateMonitor(  974): sendKeyguardVisibilityChanged(true)
D/LockScreen_KeyguardUpdateMonitor(  974): handleKeyguardVisibilityChanged(1)
D/LockScreen_KeyguardViewMediator(  974): setHidden false
D/LockScreen_KeyguardUpdateMonitor(  974): sendKeyguardVisibilityChanged(true)
D/LockScreen_KeyguardViewMediator(  974): setHidden false
D/LockScreen_KeyguardUpdateMonitor(  974): sendKeyguardVisibilityChanged(true)
D/LockScreen_KeyguardViewMediator(  974): setHidden false
D/LockScreen_KeyguardUpdateMonitor(  974): sendKeyguardVisibilityChanged(true)
D/LockScreen_KeyguardViewMediator(  974): setHidden false
D/LockScreen_KeyguardUpdateMonitor(  974): sendKeyguardVisibilityChanged(true)
D/LockScreen_KeyguardUpdateMonitor(  974): handleKeyguardVisibilityChanged(1)
D/LockScreen_KeyguardUpdateMonitor(  974): handleKeyguardVisibilityChanged(1)
D/LockScreen_KeyguardUpdateMonitor(  974): handleKeyguardVisibilityChanged(1)
I/Timeline( 1218): Timeline: Activity_idle id: android.os.BinderProxy@418c8b28 time:330221
D/LockScreen_KeyguardUpdateMonitor(  974): handleKeyguardVisibilityChanged(1)
D/LockScreen_KeyguardViewMediator(  974): setHidden false
D/LockScreen_KeyguardUpdateMonitor(  974): sendKeyguardVisibilityChanged(true)
D/PowerManagerService(  813): sendPendingNotificationsLocked mSendGoToSleepFinishedNotificationWhenReady = false
D/RecentsButtonBarView(  974): getRecentsPanelView - panel: com.android.systemui.recent.RecentsPanelView{422fe168 VFED.... .F....I. 0,0-480,854 #7f070094 app:id/recents_root}
D/LockScreen_KeyguardViewMediator(  974): setHidden false
D/LockScreen_KeyguardUpdateMonitor(  974): sendKeyguardVisibilityChanged(true)
D/LockScreen_KeyguardUpdateMonitor(  974): handleKeyguardVisibilityChanged(1)
D/LockScreen_KeyguardUpdateMonitor(  974): handleKeyguardVisibilityChanged(1)
D/LockScreen_KeyguardViewMediator(  974): setHidden false
D/LockScreen_KeyguardUpdateMonitor(  974): sendKeyguardVisibilityChanged(true)
D/LockScreen_KeyguardUpdateMonitor(  974): handleKeyguardVisibilityChanged(1)
D/DisplayPowerController(  813): updateAmbientLux:  mLightSensorListener lux is 26.0
D/LockScreen_KeyguardViewMediator(  974): setHidden false
D/LockScreen_KeyguardUpdateMonitor(  974): sendKeyguardVisibilityChanged(true)
D/LockScreen_KeyguardUpdateMonitor(  974): handleKeyguardVisibilityChanged(1)
D/LockScreen_KeyguardViewMediator(  974): setHidden false
D/LockScreen_KeyguardUpdateMonitor(  974): sendKeyguardVisibilityChanged(true)
D/LockScreen_KeyguardUpdateMonitor(  974): handleKeyguardVisibilityChanged(1)
D/audio_hw_primary(  260): out_standby: enter: stream (0xb7cb7988) usecase(1: low-latency-playback)
D/LockScreen_KeyguardViewMediator(  974): setHidden false
D/LockScreen_KeyguardUpdateMonitor(  974): sendKeyguardVisibilityChanged(true)
D/LockScreen_KeyguardUpdateMonitor(  974): handleKeyguardVisibilityChanged(1)
I/Timeline(  813): Timeline: Activity_windows_visible id: ActivityRecord{41971ac8 u0 com.zte.milauncher/com.android.launcher2.Launcher t1} time:330497
D/LockScreen_KeyguardViewMediator(  974): setHidden false
D/LockScreen_KeyguardUpdateMonitor(  974): sendKeyguardVisibilityChanged(true)
D/LockScreen_KeyguardUpdateMonitor(  974): handleKeyguardVisibilityChanged(1)
I/listen_hal_loader(  260): audio_extn_listen_update_stream_status(): uc_id 1 of type 0 for Event 2, with Raise=0
D/hardware_info(  260): hw_info_append_hw_type : device_name = speaker
W/SurfaceFlinger(  254): couldn't log to binary event log: overflow.
D/LockScreen_KeyguardViewMediator(  974): setHidden false
D/LockScreen_KeyguardUpdateMonitor(  974): sendKeyguardVisibilityChanged(true)
D/LockScreen_KeyguardUpdateMonitor(  974): handleKeyguardVisibilityChanged(1)
I/listen_hal_loader(  260): audio_extn_listen_update_device_status(): device 0x2 of type 0 for Event 0, with Raise=0
D/PowerManagerService(  813): sendPendingNotificationsLocked mSendGoToSleepFinishedNotificationWhenReady = false
D/LightsService(  813):  Trun on the button and after 2000s,then turn off the button !
D/PowerManagerService(  813): sendPendingNotificationsLocked mSendGoToSleepFinishedNotificationWhenReady = false
D/PowerManagerService(  813): sendPendingNotificationsLocked mSendGoToSleepFinishedNotificationWhenReady = false
V/RCActivity( 3385): onStop()
V/RobotCore( 3385): executive service robot setup is terminated
V/Robocol ( 3385): EventLoopManager.shutdown()
V/RobotCore( 3385): waiting for service EventLoop
V/RobotCore( 3385): EventLoopRunnable interrupted
D/LockScreen_KeyguardViewMediator(  974): setHidden false
D/LockScreen_KeyguardUpdateMonitor(  974): sendKeyguardVisibilityChanged(true)
V/RobotCore( 3385): EventLoopManager state is STOPPED
D/LockScreen_KeyguardUpdateMonitor(  974): handleKeyguardVisibilityChanged(1)
V/RobotCore( 3385): Robot Status: stopped
I/FIRST   ( 3385): ======= TEARDOWN =======
D/RobotCore( 3385): disarming modern motor controller Modern Robotics USB DC Motor Controller [AL00VS9P]...
V/RobotCore( 3385): thread: ...terminating 'r/w loop: Modern Robotics USB DC Motor Controller [AL00VS9P]'
V/RobotCore( 3385): waiting for service ReadWriteRunnable for Modern Robotics USB Device
V/RobotCore( 3385): awaitTermination returned, isTerminated=true
V/RobotCore( 3385): executive service ReadWriteRunnable for Modern Robotics USB Device is terminated
D/RobotCore( 3385): ...disarming modern motor controller Modern Robotics USB DC Motor Controller [AL00VS9P] complete
D/RobotCore( 3385): disarming modern motor controller Modern Robotics USB DC Motor Controller [AL00VVUU]...
V/RobotCore( 3385): thread: ...terminating 'r/w loop: Modern Robotics USB DC Motor Controller [AL00VVUU]'
V/RobotCore( 3385): executive service ReadWriteRunnable for Modern Robotics USB Device is terminated
D/RobotCore( 3385): ...disarming modern motor controller Modern Robotics USB DC Motor Controller [AL00VVUU] complete
D/RobotCore( 3385): disarming modern motor controller Modern Robotics USB DC Motor Controller [AL00VW5E]...
V/RobotCore( 3385): thread: ...terminating 'r/w loop: Modern Robotics USB DC Motor Controller [AL00VW5E]'
V/RobotCore( 3385): executive service ReadWriteRunnable for Modern Robotics USB Device is terminated
D/RobotCore( 3385): ...disarming modern motor controller Modern Robotics USB DC Motor Controller [AL00VW5E] complete
D/RobotCore( 3385): disarming modern servo controller "Modern Robotics USB Servo Controller [AL00XOKN]"...
V/RobotCore( 3385): thread: ...terminating 'r/w loop: Modern Robotics USB Servo Controller [AL00XOKN]'
V/RobotCore( 3385): executive service ReadWriteRunnable for Modern Robotics USB Device is terminated
D/RobotCore( 3385): ...disarming modern servo controller Modern Robotics USB Servo Controller [AL00XOKN] complete
V/RobotCore( 3385): thread: ...terminating 'r/w loop: Modern Robotics USB Core Device Interface Module [AL00VE3C]'
V/RobotCore( 3385): waiting for service ReadWriteRunnable for Modern Robotics USB Device
V/RobotCore( 3385): awaitTermination returned, isTerminated=true
V/RobotCore( 3385): executive service ReadWriteRunnable for Modern Robotics USB Device is terminated
V/RobotCore( 3385): thread: ...terminating 'r/w loop: Modern Robotics USB Legacy Module [AL00XROI]'
V/RobotCore( 3385): executive service ReadWriteRunnable for Modern Robotics USB Device is terminated
I/FIRST   ( 3385): ======= TEARDOWN COMPLETE =======
V/RobotCore( 3385): thread: ...terminating 'opmode loop()'
V/RobotCore( 3385): awaitTermination returned, isTerminated=true
V/RobotCore( 3385): executive service EventLoop is terminated
V/RobotCore( 3385): EventLoopManager state is STOPPED
D/LockScreen_KeyguardViewMediator(  974): setHidden false
D/LockScreen_KeyguardUpdateMonitor(  974): sendKeyguardVisibilityChanged(true)
D/LockScreen_KeyguardUpdateMonitor(  974): handleKeyguardVisibilityChanged(1)
D/DisplayPowerController(  813): updateAmbientLux:  mLightSensorListener lux is 25.0
I/InputDispatcher(  813): Dropped event because the current application is not responding and the user has started interacting with a different application.
I/InputDispatcher(  813): Dropped event because the current application is not responding and the user has started interacting with a different application.
D/LightsService(  813):  Trun on the button and after 2000s,then turn off the button !
D/PowerManagerService(  813): sendPendingNotificationsLocked mSendGoToSleepFinishedNotificationWhenReady = false
D/LightsService(  813):  Trun on the button and after 2000s,then turn off the button !
D/DisplayPowerController(  813): updateAmbientLux:  mLightSensorListener lux is 24.0
W/IInputConnectionWrapper( 3385): showStatusIcon on inactive InputConnection
D/DisplayPowerController(  813): updateAmbientLux:  mLightSensorListener lux is 25.0
D/DisplayPowerController(  813): updateAmbientLux:  mLightSensorListener lux is 26.0
D/vibrator_java(  813): mPackageName=android
D/PowerManagerService(  813): sendPendingNotificationsLocked mSendGoToSleepFinishedNotificationWhenReady = false
D/vibrator_java(  813): doVibratorOn  uid= 1000  millis=10ms
W/ContextImpl(  813): Calling a method in the system process without a qualified user: android.app.ContextImpl.sendBroadcast:1213 com.android.internal.policy.impl.PhoneWindowManager.interceptKeyBeforeQueueing:4268 com.android.server.wm.InputMonitor.interceptKeyBeforeQueueing:357 com.android.server.input.InputManagerService.interceptKeyBeforeQueueing:1343 dalvik.system.NativeStart.run:-2 
D/PowerManagerService(  813): sendPendingNotificationsLocked mSendGoToSleepFinishedNotificationWhenReady = false
D/LightsService(  813):  Trun on the button and after 2000s,then turn off the button !
D/vibrator_java(  813): mPackageName=android
D/vibrator_java(  813): doVibratorOn  uid= 1000  millis=40ms
D/PowerManagerService(  813): sendPendingNotificationsLocked mSendGoToSleepFinishedNotificationWhenReady = false
D/DisplayPowerController(  813): updateAmbientLux:  mLightSensorListener lux is 27.0
D/PowerManagerService(  813): sendPendingNotificationsLocked mSendGoToSleepFinishedNotificationWhenReady = false
D/LightsService(  813):  Trun on the button and after 2000s,then turn off the button !
D/vibrator_java(  813): mPackageName=android
D/PowerManagerService(  813): sendPendingNotificationsLocked mSendGoToSleepFinishedNotificationWhenReady = false
D/vibrator_java(  813): doVibratorOn  uid= 1000  millis=1ms
D/LockScreen_KeyguardViewMediator(  974): setHidden false
D/LockScreen_KeyguardUpdateMonitor(  974): sendKeyguardVisibilityChanged(true)
D/LockScreen_KeyguardUpdateMonitor(  974): handleKeyguardVisibilityChanged(1)
D/vibrator_java(  813): doVibratorOn  uid= 1000  millis=21ms
I/ActivityManager(  813): START u0 {act=com.android.systemui.recent.action.TOGGLE_RECENTS flg=0x10800000 cmp=com.android.systemui/.recent.RecentsActivity} from pid 974
D/PowerManagerService(  813): sendPendingNotificationsLocked mSendGoToSleepFinishedNotificationWhenReady = false
D/dalvikvm(  813): GC_FOR_ALLOC freed 750K, 18% free 13372K/16168K, paused 89ms, total 89ms
D/PowerManagerService(  813): sendPendingNotificationsLocked mSendGoToSleepFinishedNotificationWhenReady = false
W/BackupManagerService(  813): dataChanged but no participant pkg='com.android.providers.settings' uid=10017
D/LockScreen_KeyguardViewMediator(  974): setHidden false
D/LockScreen_KeyguardUpdateMonitor(  974): sendKeyguardVisibilityChanged(true)
D/RecentsButtonBarView(  974): onFinishInflate
D/RecentsButtonBarView(  974): onFinishInflate ***googleNowButton: android.widget.Button{42174cf8 GFED..C. ......I. 0,0-0,0 #7f07008c app:id/googlenow}****removeAllButton: android.widget.Button{41b07b78 VFED..C. ......I. 0,0-0,0 #7f07008b app:id/removeall}
D/LockScreen_KeyguardUpdateMonitor(  974): handleKeyguardVisibilityChanged(1)
D/LockScreen_KeyguardViewMediator(  974): setHidden false
D/LockScreen_KeyguardUpdateMonitor(  974): sendKeyguardVisibilityChanged(true)
D/RecentsButtonBarView(  974): onAttachedToWindow
D/RecentsButtonBarView(  974): getRecentsPanelView - panel: com.android.systemui.recent.RecentsPanelView{42162048 VFED.... .F....I. 0,0-0,0 #7f070094 app:id/recents_root}
D/LockScreen_KeyguardViewMediator(  974): setHidden false
D/LockScreen_KeyguardUpdateMonitor(  974): sendKeyguardVisibilityChanged(true)
D/LockScreen_KeyguardViewMediator(  974): setHidden false
D/LockScreen_KeyguardUpdateMonitor(  974): sendKeyguardVisibilityChanged(true)
D/LockScreen_KeyguardViewMediator(  974): setHidden false
D/LockScreen_KeyguardUpdateMonitor(  974): sendKeyguardVisibilityChanged(true)
D/LockScreen_KeyguardUpdateMonitor(  974): handleKeyguardVisibilityChanged(1)
W/ViewRootImpl(  974): Dropping event due to no window focus: KeyEvent { action=ACTION_DOWN, keyCode=KEYCODE_MENU, scanCode=139, metaState=0, flags=0x48, repeatCount=3, eventTime=332070, downTime=331467, deviceId=0, source=0x101 }
D/LockScreen_KeyguardUpdateMonitor(  974): handleKeyguardVisibilityChanged(1)
D/LockScreen_KeyguardUpdateMonitor(  974): handleKeyguardVisibilityChanged(1)
W/ViewRootImpl(  974): Dropping event due to no window focus: KeyEvent { action=ACTION_DOWN, keyCode=KEYCODE_MENU, scanCode=139, metaState=0, flags=0x48, repeatCount=4, eventTime=332261, downTime=331467, deviceId=0, source=0x101 }
D/LockScreen_KeyguardUpdateMonitor(  974): handleKeyguardVisibilityChanged(1)
D/LockScreen_KeyguardViewMediator(  974): setHidden false
D/LockScreen_KeyguardUpdateMonitor(  974): sendKeyguardVisibilityChanged(true)
D/LockScreen_KeyguardUpdateMonitor(  974): handleKeyguardVisibilityChanged(1)
I/Timeline(  974): Timeline: Activity_idle id: android.os.BinderProxy@4216f3b8 time:332339
D/LockScreen_KeyguardViewMediator(  974): setHidden false
D/LockScreen_KeyguardUpdateMonitor(  974): sendKeyguardVisibilityChanged(true)
D/LockScreen_KeyguardUpdateMonitor(  974): handleKeyguardVisibilityChanged(1)
I/ActivityManager(  813): Displayed com.android.systemui/.recent.RecentsActivity: +187ms
D/PowerManagerService(  813): sendPendingNotificationsLocked mSendGoToSleepFinishedNotificationWhenReady = false
D/LockScreen_KeyguardViewMediator(  974): setHidden false
D/LockScreen_KeyguardUpdateMonitor(  974): sendKeyguardVisibilityChanged(true)
D/LockScreen_KeyguardUpdateMonitor(  974): handleKeyguardVisibilityChanged(1)
D/LockScreen_KeyguardViewMediator(  974): setHidden false
D/LockScreen_KeyguardUpdateMonitor(  974): sendKeyguardVisibilityChanged(true)
D/LockScreen_KeyguardUpdateMonitor(  974): handleKeyguardVisibilityChanged(1)
W/BackupManagerService(  813): dataChanged but no participant pkg='com.android.providers.settings' uid=10017
D/LockScreen_KeyguardViewMediator(  974): setHidden false
D/LockScreen_KeyguardUpdateMonitor(  974): sendKeyguardVisibilityChanged(true)
D/LockScreen_KeyguardUpdateMonitor(  974): handleKeyguardVisibilityChanged(1)
D/PowerManagerService(  813): sendPendingNotificationsLocked mSendGoToSleepFinishedNotificationWhenReady = false
D/LightsService(  813):  Trun on the button and after 2000s,then turn off the button !
I/Timeline(  813): Timeline: Activity_windows_visible id: ActivityRecord{420cc2d0 u0 com.android.systemui/.recent.RecentsActivity t4} time:332629
D/LockScreen_KeyguardViewMediator(  974): setHidden false
D/LockScreen_KeyguardUpdateMonitor(  974): sendKeyguardVisibilityChanged(true)
D/LockScreen_KeyguardUpdateMonitor(  974): handleKeyguardVisibilityChanged(1)
D/LockScreen_KeyguardViewMediator(  974): setHidden false
D/LockScreen_KeyguardUpdateMonitor(  974): sendKeyguardVisibilityChanged(true)
D/LockScreen_KeyguardUpdateMonitor(  974): handleKeyguardVisibilityChanged(1)
D/LockScreen_KeyguardViewMediator(  974): setHidden false
D/LockScreen_KeyguardUpdateMonitor(  974): sendKeyguardVisibilityChanged(true)
D/LockScreen_KeyguardUpdateMonitor(  974): handleKeyguardVisibilityChanged(1)
D/DisplayPowerController(  813): ZTE_PM updateAutoBrightness: useAutoBrightness = true  mAmbientLuxValid = true  mAmbientLux = 24.658962
D/DisplayPowerController(  813): updateAutoBrightness: value=0.17615168 *255 = 44.91868
D/DisplayPowerController(  813): ZTE_PM mPowerRequest.screenState is 2
D/DisplayPowerController(  813): ZTE_PM_PROX disable ProxSensor while NO useProximitySensor 
D/DisplayPowerController(  813): ZTE_PM_PROX setProximitySensorEnabled enable = false
D/DisplayPowerController(  813): ZTE_PM  setLightSensorEnabled enable = true updateAutoBrightness = false
W/ContextImpl(  813): Calling a method in the system process without a qualified user: android.app.ContextImpl.sendBroadcast:1213 com.android.internal.policy.impl.PhoneWindowManager.interceptKeyBeforeQueueing:4268 com.android.server.wm.InputMonitor.interceptKeyBeforeQueueing:357 com.android.server.input.InputManagerService.interceptKeyBeforeQueueing:1343 dalvik.system.NativeStart.run:-2 
D/DisplayPowerState(  813): Updating screen state: onChanged=false, on= true, backlightChanged=true, backlight=35
D/ledlog_java_com(  813): Excessive delay setting light: 66ms
D/DisplayPowerState(  813): Updating screen state: onChanged=false, on= true, backlightChanged=true, backlight=45
D/ledlog_java_com(  813): Excessive delay setting light: 64ms
D/PowerManagerService(  813): sendPendingNotificationsLocked mSendGoToSleepFinishedNotificationWhenReady = false
D/LightsService(  813):  Trun on the button and after 2000s,then turn off the button !
D/DisplayPowerController(  813): updateAmbientLux:  mLightSensorListener lux is 24.0
D/DisplayPowerController(  813): updateAmbientLux:  mLightSensorListener lux is 20.0
W/BackupManagerService(  813): dataChanged but no participant pkg='com.android.providers.settings' uid=10017
D/PowerManagerService(  813): sendPendingNotificationsLocked mSendGoToSleepFinishedNotificationWhenReady = false
I/ActivityManager(  813): Killing 3146:com.google.android.gms.feedback/u0a12 (adj 15): empty #17
I/ActivityManager(  813): Killing 3385:com.qualcomm.ftcrobotcontroller/u0a108 (adj 9): remove task
D/LockScreen_KeyguardViewMediator(  974): setHidden false
D/LockScreen_KeyguardUpdateMonitor(  974): sendKeyguardVisibilityChanged(true)
D/LockScreen_KeyguardViewMediator(  974): setHidden false
D/LockScreen_KeyguardUpdateMonitor(  974): sendKeyguardVisibilityChanged(true)
D/LockScreen_KeyguardUpdateMonitor(  974): handleKeyguardVisibilityChanged(1)
D/LockScreen_KeyguardUpdateMonitor(  974): handleKeyguardVisibilityChanged(1)
D/LockScreen_KeyguardViewMediator(  974): setHidden false
D/LockScreen_KeyguardUpdateMonitor(  974): sendKeyguardVisibilityChanged(true)
D/LockScreen_KeyguardUpdateMonitor(  974): handleKeyguardVisibilityChanged(1)
E/Launcher( 1218): onResume____ mRestoring=false___ mOnResumeNeedsLoad=false, getIsDisplayAddToHome ()=false
D/DisplayPowerController(  813): updateAmbientLux:  mLightSensorListener lux is 24.0
D/dalvikvm( 1218): GC_FOR_ALLOC freed 3716K, 30% free 18286K/26052K, paused 26ms, total 26ms
F/ActivityManager(  813): Service ServiceRecord{4222f7a8 u0 com.qualcomm.ftcrobotcontroller/com.qualcomm.ftccommon.FtcRobotControllerService} in process ProcessRecord{423f12e0 3385:com.qualcomm.ftcrobotcontroller/u0a108} not same as in map: null
I/WindowState(  813): WIN DEATH: Window{422ff048 u0 com.qualcomm.ftcrobotcontroller/org.firstinspires.ftc.robotcontroller.internal.FtcRobotControllerActivity}
D/WifiService(  813): releaseWifiLockLocked: WifiLock{ type=3 binder=android.os.BinderProxy@42348960}
D/WifiService(  813): Client connection lost with reason: 4
D/LockScreen_KeyguardViewMediator(  974): setHidden false
D/LockScreen_KeyguardUpdateMonitor(  974): sendKeyguardVisibilityChanged(true)
D/LockScreen_KeyguardUpdateMonitor(  974): handleKeyguardVisibilityChanged(1)
D/LockScreen_KeyguardViewMediator(  974): setHidden false
D/LockScreen_KeyguardUpdateMonitor(  974): sendKeyguardVisibilityChanged(true)
D/LockScreen_KeyguardViewMediator(  974): setHidden false
D/LockScreen_KeyguardUpdateMonitor(  974): sendKeyguardVisibilityChanged(true)
D/LockScreen_KeyguardUpdateMonitor(  974): handleKeyguardVisibilityChanged(1)
D/LockScreen_KeyguardUpdateMonitor(  974): handleKeyguardVisibilityChanged(1)
D/WifiService(  813): Client connection lost with reason: 4
D/DisplayPowerController(  813): updateAmbientLux:  mLightSensorListener lux is 25.0
D/LockScreen_KeyguardViewMediator(  974): setHidden false
D/LockScreen_KeyguardUpdateMonitor(  974): sendKeyguardVisibilityChanged(true)
D/LockScreen_KeyguardUpdateMonitor(  974): handleKeyguardVisibilityChanged(1)
I/ActivityManager(  813): Start proc com.qualcomm.logkit for broadcast com.qualcomm.logkit/.autotrigger.AutotriggerReceiver: pid=3620 uid=10063 gids={50063, 1028, 1015, 1023, 1007, 3003, 3002}
