D/PowerManagerService(  813): sendPendingNotificationsLocked mSendGoToSleepFinishedNotificationWhenReady = false
D/PowerManagerService(  813): sendPendingNotificationsLocked mSendGoToSleepFinishedNotificationWhenReady = false
D/PowerManagerService(  813): sendPendingNotificationsLocked mSendGoToSleepFinishedNotificationWhenReady = false
D/PowerManagerService(  813): sendPendingNotificationsLocked mSendGoToSleepFinishedNotificationWhenReady = false
D/PowerManagerService(  813): sendPendingNotificationsLocked mSendGoToSleepFinishedNotificationWhenReady = false
D/PowerManagerService(  813): sendPendingNotificationsLocked mSendGoToSleepFinishedNotificationWhenReady = false
D/PowerManagerService(  813): sendPendingNotificationsLocked mSendGoToSleepFinishedNotificationWhenReady = false
D/PowerManagerService(  813): sendPendingNotificationsLocked mSendGoToSleepFinishedNotificationWhenReady = false
D/PowerManagerService(  813): sendPendingNotificationsLocked mSendGoToSleepFinishedNotificationWhenReady = false
D/PowerManagerService(  813): sendPendingNotificationsLocked mSendGoToSleepFinishedNotificationWhenReady = false
D/PowerManagerService(  813): sendPendingNotificationsLocked mSendGoToSleepFinishedNotificationWhenReady = false
D/PowerManagerService(  813): sendPendingNotificationsLocked mSendGoToSleepFinishedNotificationWhenReady = false
D/PowerManagerService(  813): sendPendingNotificationsLocked mSendGoToSleepFinishedNotificationWhenReady = false
D/PowerManagerService(  813): sendPendingNotificationsLocked mSendGoToSleepFinishedNotificationWhenReady = false
D/PowerManagerService(  813): sendPendingNotificationsLocked mSendGoToSleepFinishedNotificationWhenReady = false
D/PowerManagerService(  813): sendPendingNotificationsLocked mSendGoToSleepFinishedNotificationWhenReady = false
D/PowerManagerService(  813): sendPendingNotificationsLocked mSendGoToSleepFinishedNotificationWhenReady = false
D/PowerManagerService(  813): sendPendingNotificationsLocked mSendGoToSleepFinishedNotificationWhenReady = false
W/ctxmgr  ( 1111): [ContextSpecificAclFactory]LocationConsent failed, ULR opt-in status is: false, account#-395797278#
W/ctxmgr  ( 1111): [AclManager]No 2 for (accnt=account#-395797278#, com.google.android.gms(10012):UserLocationProducer, vrsn=9877000, 0, 3pPkg = null ,  3pMdlId = null). Was: 2 for 1, account#-395797278#
D/PowerManagerService(  813): sendPendingNotificationsLocked mSendGoToSleepFinishedNotificationWhenReady = false
D/LockScreen_KeyguardViewMediator(  974): setHidden false
D/LockScreen_KeyguardUpdateMonitor(  974): sendKeyguardVisibilityChanged(true)
D/LockScreen_KeyguardUpdateMonitor(  974): handleKeyguardVisibilityChanged(1)
D/DisplayPowerController(  813): updateAmbientLux:  mLightSensorListener lux is 26.0
D/DisplayPowerController(  813): updateAmbientLux:  mLightSensorListener lux is 27.0
D/LockScreen_KeyguardViewMediator(  974): setHidden false
D/LockScreen_KeyguardUpdateMonitor(  974): sendKeyguardVisibilityChanged(true)
D/LockScreen_KeyguardUpdateMonitor(  974): handleKeyguardVisibilityChanged(1)
D/DisplayPowerController(  813): updateAmbientLux:  mLightSensorListener lux is 26.0
D/DisplayPowerController(  813): updateAmbientLux:  mLightSensorListener lux is 27.0
D/DisplayPowerController(  813): updateAmbientLux:  mLightSensorListener lux is 26.0
D/DisplayPowerController(  813): updateAmbientLux:  mLightSensorListener lux is 27.0
D/LockScreen_KeyguardViewMediator(  974): setHidden false
D/LockScreen_KeyguardUpdateMonitor(  974): sendKeyguardVisibilityChanged(true)
D/LockScreen_KeyguardUpdateMonitor(  974): handleKeyguardVisibilityChanged(1)
D/LockScreen_KeyguardViewMediator(  974): setHidden false
D/LockScreen_KeyguardUpdateMonitor(  974): sendKeyguardVisibilityChanged(true)
D/LockScreen_KeyguardUpdateMonitor(  974): handleKeyguardVisibilityChanged(1)
D/DisplayPowerController(  813): updateAmbientLux:  mLightSensorListener lux is 26.0
D/DisplayPowerController(  813): updateAmbientLux:  mLightSensorListener lux is 27.0
D/LockScreen_KeyguardViewMediator(  974): setHidden false
D/LockScreen_KeyguardUpdateMonitor(  974): sendKeyguardVisibilityChanged(true)
D/LockScreen_KeyguardUpdateMonitor(  974): handleKeyguardVisibilityChanged(1)
D/DisplayPowerController(  813): updateAmbientLux:  mLightSensorListener lux is 26.0
D/LockScreen_KeyguardViewMediator(  974): setHidden false
D/LockScreen_KeyguardUpdateMonitor(  974): sendKeyguardVisibilityChanged(true)
D/LockScreen_KeyguardUpdateMonitor(  974): handleKeyguardVisibilityChanged(1)
D/DisplayPowerController(  813): updateAmbientLux:  mLightSensorListener lux is 27.0
D/dalvikvm( 3385): GC_FOR_ALLOC freed 2000K, 53% free 5278K/11088K, paused 20ms, total 20ms
D/DisplayPowerController(  813): updateAmbientLux:  mLightSensorListener lux is 26.0
D/LockScreen_KeyguardViewMediator(  974): setHidden false
D/LockScreen_KeyguardUpdateMonitor(  974): sendKeyguardVisibilityChanged(true)
D/LockScreen_KeyguardUpdateMonitor(  974): handleKeyguardVisibilityChanged(1)
D/DisplayPowerController(  813): updateAmbientLux:  mLightSensorListener lux is 27.0
D/DisplayPowerController(  813): updateAmbientLux:  mLightSensorListener lux is 26.0
D/DisplayPowerController(  813): updateAmbientLux:  mLightSensorListener lux is 27.0
D/LockScreen_KeyguardViewMediator(  974): setHidden false
D/LockScreen_KeyguardUpdateMonitor(  974): sendKeyguardVisibilityChanged(true)
D/LockScreen_KeyguardUpdateMonitor(  974): handleKeyguardVisibilityChanged(1)
D/DisplayPowerController(  813): updateAmbientLux:  mLightSensorListener lux is 26.0
D/LockScreen_KeyguardViewMediator(  974): setHidden false
D/LockScreen_KeyguardUpdateMonitor(  974): sendKeyguardVisibilityChanged(true)
D/DisplayPowerController(  813): updateAmbientLux:  mLightSensorListener lux is 27.0
D/LockScreen_KeyguardUpdateMonitor(  974): handleKeyguardVisibilityChanged(1)
D/LockScreen_KeyguardViewMediator(  974): setHidden false
D/LockScreen_KeyguardUpdateMonitor(  974): sendKeyguardVisibilityChanged(true)
D/LockScreen_KeyguardUpdateMonitor(  974): handleKeyguardVisibilityChanged(1)
D/LockScreen_KeyguardViewMediator(  974): setHidden false
D/LockScreen_KeyguardUpdateMonitor(  974): sendKeyguardVisibilityChanged(true)
D/LockScreen_KeyguardUpdateMonitor(  974): handleKeyguardVisibilityChanged(1)
D/LockScreen_KeyguardViewMediator(  974): setHidden false
D/LockScreen_KeyguardUpdateMonitor(  974): sendKeyguardVisibilityChanged(true)
D/LockScreen_KeyguardUpdateMonitor(  974): handleKeyguardVisibilityChanged(1)
D/LockScreen_KeyguardViewMediator(  974): setHidden false
D/LockScreen_KeyguardUpdateMonitor(  974): sendKeyguardVisibilityChanged(true)
D/LockScreen_KeyguardUpdateMonitor(  974): handleKeyguardVisibilityChanged(1)
D/LockScreen_KeyguardViewMediator(  974): setHidden false
D/LockScreen_KeyguardUpdateMonitor(  974): sendKeyguardVisibilityChanged(true)
D/LockScreen_KeyguardUpdateMonitor(  974): handleKeyguardVisibilityChanged(1)
D/LockScreen_KeyguardViewMediator(  974): setHidden false
D/LockScreen_KeyguardUpdateMonitor(  974): sendKeyguardVisibilityChanged(true)
D/LockScreen_KeyguardUpdateMonitor(  974): handleKeyguardVisibilityChanged(1)
D/LockScreen_KeyguardViewMediator(  974): setHidden false
D/LockScreen_KeyguardUpdateMonitor(  974): sendKeyguardVisibilityChanged(true)
D/LockScreen_KeyguardUpdateMonitor(  974): handleKeyguardVisibilityChanged(1)
D/LockScreen_KeyguardViewMediator(  974): setHidden false
D/LockScreen_KeyguardUpdateMonitor(  974): sendKeyguardVisibilityChanged(true)
D/LockScreen_KeyguardUpdateMonitor(  974): handleKeyguardVisibilityChanged(1)
D/LockScreen_KeyguardViewMediator(  974): setHidden false
D/LockScreen_KeyguardUpdateMonitor(  974): sendKeyguardVisibilityChanged(true)
D/LockScreen_KeyguardUpdateMonitor(  974): handleKeyguardVisibilityChanged(1)
D/LockScreen_KeyguardViewMediator(  974): setHidden false
D/LockScreen_KeyguardUpdateMonitor(  974): sendKeyguardVisibilityChanged(true)
D/LockScreen_KeyguardUpdateMonitor(  974): handleKeyguardVisibilityChanged(1)
D/LockScreen_KeyguardViewMediator(  974): setHidden false
D/LockScreen_KeyguardUpdateMonitor(  974): sendKeyguardVisibilityChanged(true)
D/LockScreen_KeyguardUpdateMonitor(  974): handleKeyguardVisibilityChanged(1)
D/LockScreen_KeyguardViewMediator(  974): setHidden false
D/LockScreen_KeyguardUpdateMonitor(  974): sendKeyguardVisibilityChanged(true)
D/LockScreen_KeyguardUpdateMonitor(  974): handleKeyguardVisibilityChanged(1)
D/dalvikvm( 3385): GC_FOR_ALLOC freed 1996K, 53% free 5278K/11088K, paused 19ms, total 20ms
D/LockScreen_KeyguardViewMediator(  974): setHidden false
D/LockScreen_KeyguardUpdateMonitor(  974): sendKeyguardVisibilityChanged(true)
D/LockScreen_KeyguardUpdateMonitor(  974): handleKeyguardVisibilityChanged(1)
D/Ulp_jni (  813): Location CB invoked
D/PowerManagerService(  813): sendPendingNotificationsLocked mSendGoToSleepFinishedNotificationWhenReady = false
D/PowerManagerService(  813): sendPendingNotificationsLocked mSendGoToSleepFinishedNotificationWhenReady = false
D/PowerManagerService(  813): sendPendingNotificationsLocked mSendGoToSleepFinishedNotificationWhenReady = false
D/PowerManagerService(  813): sendPendingNotificationsLocked mSendGoToSleepFinishedNotificationWhenReady = false
D/PowerManagerService(  813): sendPendingNotificationsLocked mSendGoToSleepFinishedNotificationWhenReady = false
D/PowerManagerService(  813): sendPendingNotificationsLocked mSendGoToSleepFinishedNotificationWhenReady = false
D/PowerManagerService(  813): sendPendingNotificationsLocked mSendGoToSleepFinishedNotificationWhenReady = false
D/PowerManagerService(  813): sendPendingNotificationsLocked mSendGoToSleepFinishedNotificationWhenReady = false
D/PowerManagerService(  813): sendPendingNotificationsLocked mSendGoToSleepFinishedNotificationWhenReady = false
D/PowerManagerService(  813): sendPendingNotificationsLocked mSendGoToSleepFinishedNotificationWhenReady = false
D/PowerManagerService(  813): sendPendingNotificationsLocked mSendGoToSleepFinishedNotificationWhenReady = false
D/PowerManagerService(  813): sendPendingNotificationsLocked mSendGoToSleepFinishedNotificationWhenReady = false
D/PowerManagerService(  813): sendPendingNotificationsLocked mSendGoToSleepFinishedNotificationWhenReady = false
D/PowerManagerService(  813): sendPendingNotificationsLocked mSendGoToSleepFinishedNotificationWhenReady = false
D/PowerManagerService(  813): sendPendingNotificationsLocked mSendGoToSleepFinishedNotificationWhenReady = false
D/PowerManagerService(  813): sendPendingNotificationsLocked mSendGoToSleepFinishedNotificationWhenReady = false
D/PowerManagerService(  813): sendPendingNotificationsLocked mSendGoToSleepFinishedNotificationWhenReady = false
D/PowerManagerService(  813): sendPendingNotificationsLocked mSendGoToSleepFinishedNotificationWhenReady = false
D/PowerManagerService(  813): sendPendingNotificationsLocked mSendGoToSleepFinishedNotificationWhenReady = false
D/PowerManagerService(  813): sendPendingNotificationsLocked mSendGoToSleepFinishedNotificationWhenReady = false
D/PowerManagerService(  813): sendPendingNotificationsLocked mSendGoToSleepFinishedNotificationWhenReady = false
D/PowerManagerService(  813): sendPendingNotificationsLocked mSendGoToSleepFinishedNotificationWhenReady = false
D/PowerManagerService(  813): sendPendingNotificationsLocked mSendGoToSleepFinishedNotificationWhenReady = false
W/ctxmgr  ( 1111): [ContextSpecificAclFactory]LocationConsent failed, ULR opt-in status is: false, account#-395797278#
W/ctxmgr  ( 1111): [AclManager]No 2 for (accnt=account#-395797278#, com.google.android.gms(10012):UserLocationProducer, vrsn=9877000, 0, 3pPkg = null ,  3pMdlId = null). Was: 2 for 1, account#-395797278#
D/PowerManagerService(  813): sendPendingNotificationsLocked mSendGoToSleepFinishedNotificationWhenReady = false
D/LockScreen_KeyguardViewMediator(  974): setHidden false
D/LockScreen_KeyguardUpdateMonitor(  974): sendKeyguardVisibilityChanged(true)
D/LockScreen_KeyguardUpdateMonitor(  974): handleKeyguardVisibilityChanged(1)
D/LockScreen_KeyguardViewMediator(  974): setHidden false
D/LockScreen_KeyguardUpdateMonitor(  974): sendKeyguardVisibilityChanged(true)
D/LockScreen_KeyguardUpdateMonitor(  974): handleKeyguardVisibilityChanged(1)
D/LockScreen_KeyguardViewMediator(  974): setHidden false
D/LockScreen_KeyguardUpdateMonitor(  974): sendKeyguardVisibilityChanged(true)
D/LockScreen_KeyguardUpdateMonitor(  974): handleKeyguardVisibilityChanged(1)
D/LockScreen_KeyguardViewMediator(  974): setHidden false
D/LockScreen_KeyguardUpdateMonitor(  974): sendKeyguardVisibilityChanged(true)
D/LockScreen_KeyguardUpdateMonitor(  974): handleKeyguardVisibilityChanged(1)
D/LockScreen_KeyguardViewMediator(  974): setHidden false
D/LockScreen_KeyguardUpdateMonitor(  974): sendKeyguardVisibilityChanged(true)
D/LockScreen_KeyguardUpdateMonitor(  974): handleKeyguardVisibilityChanged(1)
D/LockScreen_KeyguardViewMediator(  974): setHidden false
D/LockScreen_KeyguardUpdateMonitor(  974): sendKeyguardVisibilityChanged(true)
D/LockScreen_KeyguardUpdateMonitor(  974): handleKeyguardVisibilityChanged(1)
D/LockScreen_KeyguardViewMediator(  974): setHidden false
D/LockScreen_KeyguardUpdateMonitor(  974): sendKeyguardVisibilityChanged(true)
D/LockScreen_KeyguardUpdateMonitor(  974): handleKeyguardVisibilityChanged(1)
D/LockScreen_KeyguardViewMediator(  974): setHidden false
D/LockScreen_KeyguardUpdateMonitor(  974): sendKeyguardVisibilityChanged(true)
D/LockScreen_KeyguardUpdateMonitor(  974): handleKeyguardVisibilityChanged(1)
D/LockScreen_KeyguardViewMediator(  974): setHidden false
D/LockScreen_KeyguardUpdateMonitor(  974): sendKeyguardVisibilityChanged(true)
D/LockScreen_KeyguardUpdateMonitor(  974): handleKeyguardVisibilityChanged(1)
D/LockScreen_KeyguardViewMediator(  974): setHidden false
D/LockScreen_KeyguardUpdateMonitor(  974): sendKeyguardVisibilityChanged(true)
D/LockScreen_KeyguardUpdateMonitor(  974): handleKeyguardVisibilityChanged(1)
D/LockScreen_KeyguardViewMediator(  974): setHidden false
D/LockScreen_KeyguardUpdateMonitor(  974): sendKeyguardVisibilityChanged(true)
D/LockScreen_KeyguardUpdateMonitor(  974): handleKeyguardVisibilityChanged(1)
D/LockScreen_KeyguardViewMediator(  974): setHidden false
D/LockScreen_KeyguardUpdateMonitor(  974): sendKeyguardVisibilityChanged(true)
D/LockScreen_KeyguardUpdateMonitor(  974): handleKeyguardVisibilityChanged(1)
D/DisplayPowerController(  813): updateAmbientLux:  mLightSensorListener lux is 26.0
D/DisplayPowerController(  813): updateAmbientLux:  mLightSensorListener lux is 27.0
D/dalvikvm( 3385): GC_FOR_ALLOC freed 1984K, 53% free 5278K/11088K, paused 19ms, total 19ms
D/LockScreen_KeyguardViewMediator(  974): setHidden false
D/LockScreen_KeyguardUpdateMonitor(  974): sendKeyguardVisibilityChanged(true)
D/LockScreen_KeyguardUpdateMonitor(  974): handleKeyguardVisibilityChanged(1)
D/LockScreen_KeyguardViewMediator(  974): setHidden false
D/LockScreen_KeyguardUpdateMonitor(  974): sendKeyguardVisibilityChanged(true)
D/LockScreen_KeyguardUpdateMonitor(  974): handleKeyguardVisibilityChanged(1)
D/DisplayPowerController(  813): updateAmbientLux:  mLightSensorListener lux is 26.0
D/DisplayPowerController(  813): updateAmbientLux:  mLightSensorListener lux is 27.0
D/LockScreen_KeyguardViewMediator(  974): setHidden false
D/LockScreen_KeyguardUpdateMonitor(  974): sendKeyguardVisibilityChanged(true)
D/LockScreen_KeyguardUpdateMonitor(  974): handleKeyguardVisibilityChanged(1)
D/LockScreen_KeyguardViewMediator(  974): setHidden false
D/LockScreen_KeyguardUpdateMonitor(  974): sendKeyguardVisibilityChanged(true)
D/LockScreen_KeyguardUpdateMonitor(  974): handleKeyguardVisibilityChanged(1)
D/LockScreen_KeyguardViewMediator(  974): setHidden false
D/LockScreen_KeyguardUpdateMonitor(  974): sendKeyguardVisibilityChanged(true)
D/LockScreen_KeyguardUpdateMonitor(  974): handleKeyguardVisibilityChanged(1)
D/DisplayPowerController(  813): updateAmbientLux:  mLightSensorListener lux is 26.0
D/DisplayPowerController(  813): updateAmbientLux:  mLightSensorListener lux is 27.0
D/LockScreen_KeyguardViewMediator(  974): setHidden false
D/LockScreen_KeyguardUpdateMonitor(  974): sendKeyguardVisibilityChanged(true)
D/LockScreen_KeyguardUpdateMonitor(  974): handleKeyguardVisibilityChanged(1)
D/LockScreen_KeyguardViewMediator(  974): setHidden false
D/LockScreen_KeyguardUpdateMonitor(  974): sendKeyguardVisibilityChanged(true)
D/LockScreen_KeyguardUpdateMonitor(  974): handleKeyguardVisibilityChanged(1)
D/LockScreen_KeyguardViewMediator(  974): setHidden false
D/LockScreen_KeyguardUpdateMonitor(  974): sendKeyguardVisibilityChanged(true)
D/LockScreen_KeyguardUpdateMonitor(  974): handleKeyguardVisibilityChanged(1)
D/Ulp_jni (  813): Location CB invoked
D/PowerManagerService(  813): sendPendingNotificationsLocked mSendGoToSleepFinishedNotificationWhenReady = false
D/PowerManagerService(  813): sendPendingNotificationsLocked mSendGoToSleepFinishedNotificationWhenReady = false
D/PowerManagerService(  813): sendPendingNotificationsLocked mSendGoToSleepFinishedNotificationWhenReady = false
D/PowerManagerService(  813): sendPendingNotificationsLocked mSendGoToSleepFinishedNotificationWhenReady = false
D/PowerManagerService(  813): sendPendingNotificationsLocked mSendGoToSleepFinishedNotificationWhenReady = false
D/PowerManagerService(  813): sendPendingNotificationsLocked mSendGoToSleepFinishedNotificationWhenReady = false
D/PowerManagerService(  813): sendPendingNotificationsLocked mSendGoToSleepFinishedNotificationWhenReady = false
D/PowerManagerService(  813): sendPendingNotificationsLocked mSendGoToSleepFinishedNotificationWhenReady = false
D/PowerManagerService(  813): sendPendingNotificationsLocked mSendGoToSleepFinishedNotificationWhenReady = false
D/PowerManagerService(  813): sendPendingNotificationsLocked mSendGoToSleepFinishedNotificationWhenReady = false
D/PowerManagerService(  813): sendPendingNotificationsLocked mSendGoToSleepFinishedNotificationWhenReady = false
D/PowerManagerService(  813): sendPendingNotificationsLocked mSendGoToSleepFinishedNotificationWhenReady = false
D/PowerManagerService(  813): sendPendingNotificationsLocked mSendGoToSleepFinishedNotificationWhenReady = false
D/PowerManagerService(  813): sendPendingNotificationsLocked mSendGoToSleepFinishedNotificationWhenReady = false
D/PowerManagerService(  813): sendPendingNotificationsLocked mSendGoToSleepFinishedNotificationWhenReady = false
D/PowerManagerService(  813): sendPendingNotificationsLocked mSendGoToSleepFinishedNotificationWhenReady = false
D/PowerManagerService(  813): sendPendingNotificationsLocked mSendGoToSleepFinishedNotificationWhenReady = false
D/PowerManagerService(  813): sendPendingNotificationsLocked mSendGoToSleepFinishedNotificationWhenReady = false
D/PowerManagerService(  813): sendPendingNotificationsLocked mSendGoToSleepFinishedNotificationWhenReady = false
D/PowerManagerService(  813): sendPendingNotificationsLocked mSendGoToSleepFinishedNotificationWhenReady = false
D/PowerManagerService(  813): sendPendingNotificationsLocked mSendGoToSleepFinishedNotificationWhenReady = false
D/PowerManagerService(  813): sendPendingNotificationsLocked mSendGoToSleepFinishedNotificationWhenReady = false
D/PowerManagerService(  813): sendPendingNotificationsLocked mSendGoToSleepFinishedNotificationWhenReady = false
W/ctxmgr  ( 1111): [ContextSpecificAclFactory]LocationConsent failed, ULR opt-in status is: false, account#-395797278#
W/ctxmgr  ( 1111): [AclManager]No 2 for (accnt=account#-395797278#, com.google.android.gms(10012):UserLocationProducer, vrsn=9877000, 0, 3pPkg = null ,  3pMdlId = null). Was: 2 for 1, account#-395797278#
D/PowerManagerService(  813): sendPendingNotificationsLocked mSendGoToSleepFinishedNotificationWhenReady = false
D/LockScreen_KeyguardViewMediator(  974): setHidden false
D/LockScreen_KeyguardUpdateMonitor(  974): sendKeyguardVisibilityChanged(true)
D/LockScreen_KeyguardUpdateMonitor(  974): handleKeyguardVisibilityChanged(1)
D/LockScreen_KeyguardViewMediator(  974): setHidden false
D/LockScreen_KeyguardUpdateMonitor(  974): sendKeyguardVisibilityChanged(true)
D/LockScreen_KeyguardUpdateMonitor(  974): handleKeyguardVisibilityChanged(1)
D/DisplayPowerController(  813): updateAmbientLux:  mLightSensorListener lux is 26.0
D/LockScreen_KeyguardViewMediator(  974): setHidden false
D/LockScreen_KeyguardUpdateMonitor(  974): sendKeyguardVisibilityChanged(true)
D/LockScreen_KeyguardUpdateMonitor(  974): handleKeyguardVisibilityChanged(1)
D/LockScreen_KeyguardViewMediator(  974): setHidden false
D/LockScreen_KeyguardUpdateMonitor(  974): sendKeyguardVisibilityChanged(true)
D/LockScreen_KeyguardUpdateMonitor(  974): handleKeyguardVisibilityChanged(1)
D/DisplayPowerController(  813): updateAmbientLux:  mLightSensorListener lux is 27.0
D/DisplayPowerController(  813): updateAmbientLux:  mLightSensorListener lux is 26.0
D/LockScreen_KeyguardViewMediator(  974): setHidden false
D/LockScreen_KeyguardUpdateMonitor(  974): sendKeyguardVisibilityChanged(true)
D/LockScreen_KeyguardUpdateMonitor(  974): handleKeyguardVisibilityChanged(1)
D/DisplayPowerController(  813): updateAmbientLux:  mLightSensorListener lux is 27.0
D/LockScreen_KeyguardViewMediator(  974): setHidden false
D/LockScreen_KeyguardUpdateMonitor(  974): sendKeyguardVisibilityChanged(true)
D/LockScreen_KeyguardUpdateMonitor(  974): handleKeyguardVisibilityChanged(1)
D/LockScreen_KeyguardViewMediator(  974): setHidden false
D/LockScreen_KeyguardUpdateMonitor(  974): sendKeyguardVisibilityChanged(true)
D/LockScreen_KeyguardUpdateMonitor(  974): handleKeyguardVisibilityChanged(1)
D/dalvikvm( 3385): GC_FOR_ALLOC freed 1990K, 53% free 5278K/11088K, paused 22ms, total 23ms
D/LockScreen_KeyguardViewMediator(  974): setHidden false
D/LockScreen_KeyguardUpdateMonitor(  974): sendKeyguardVisibilityChanged(true)
D/LockScreen_KeyguardUpdateMonitor(  974): handleKeyguardVisibilityChanged(1)
D/LockScreen_KeyguardViewMediator(  974): setHidden false
D/LockScreen_KeyguardUpdateMonitor(  974): sendKeyguardVisibilityChanged(true)
D/LockScreen_KeyguardUpdateMonitor(  974): handleKeyguardVisibilityChanged(1)
D/DisplayPowerController(  813): updateAmbientLux:  mLightSensorListener lux is 26.0
D/DisplayPowerController(  813): updateAmbientLux:  mLightSensorListener lux is 27.0
D/LockScreen_KeyguardViewMediator(  974): setHidden false
D/LockScreen_KeyguardUpdateMonitor(  974): sendKeyguardVisibilityChanged(true)
D/LockScreen_KeyguardUpdateMonitor(  974): handleKeyguardVisibilityChanged(1)
D/DisplayPowerController(  813): updateAmbientLux:  mLightSensorListener lux is 28.0
D/DisplayPowerController(  813): updateAmbientLux:  mLightSensorListener lux is 27.0
D/LockScreen_KeyguardViewMediator(  974): setHidden false
D/LockScreen_KeyguardUpdateMonitor(  974): sendKeyguardVisibilityChanged(true)
D/LockScreen_KeyguardUpdateMonitor(  974): handleKeyguardVisibilityChanged(1)
D/LockScreen_KeyguardViewMediator(  974): setHidden false
D/LockScreen_KeyguardUpdateMonitor(  974): sendKeyguardVisibilityChanged(true)
D/LockScreen_KeyguardUpdateMonitor(  974): handleKeyguardVisibilityChanged(1)
D/LockScreen_KeyguardViewMediator(  974): setHidden false
D/LockScreen_KeyguardUpdateMonitor(  974): sendKeyguardVisibilityChanged(true)
D/LockScreen_KeyguardUpdateMonitor(  974): handleKeyguardVisibilityChanged(1)
D/LockScreen_KeyguardViewMediator(  974): setHidden false
D/LockScreen_KeyguardUpdateMonitor(  974): sendKeyguardVisibilityChanged(true)
D/LockScreen_KeyguardUpdateMonitor(  974): handleKeyguardVisibilityChanged(1)
D/LockScreen_KeyguardViewMediator(  974): setHidden false
D/LockScreen_KeyguardUpdateMonitor(  974): sendKeyguardVisibilityChanged(true)
D/LockScreen_KeyguardUpdateMonitor(  974): handleKeyguardVisibilityChanged(1)
D/LockScreen_KeyguardViewMediator(  974): setHidden false
D/LockScreen_KeyguardUpdateMonitor(  974): sendKeyguardVisibilityChanged(true)
D/LockScreen_KeyguardUpdateMonitor(  974): handleKeyguardVisibilityChanged(1)
D/LockScreen_KeyguardViewMediator(  974): setHidden false
D/LockScreen_KeyguardUpdateMonitor(  974): sendKeyguardVisibilityChanged(true)
D/LockScreen_KeyguardUpdateMonitor(  974): handleKeyguardVisibilityChanged(1)
D/LockScreen_KeyguardViewMediator(  974): setHidden false
D/LockScreen_KeyguardUpdateMonitor(  974): sendKeyguardVisibilityChanged(true)
D/LockScreen_KeyguardUpdateMonitor(  974): handleKeyguardVisibilityChanged(1)
D/LockScreen_KeyguardViewMediator(  974): setHidden false
D/LockScreen_KeyguardUpdateMonitor(  974): sendKeyguardVisibilityChanged(true)
D/LockScreen_KeyguardUpdateMonitor(  974): handleKeyguardVisibilityChanged(1)
D/LockScreen_KeyguardViewMediator(  974): setHidden false
D/LockScreen_KeyguardUpdateMonitor(  974): sendKeyguardVisibilityChanged(true)
D/LockScreen_KeyguardUpdateMonitor(  974): handleKeyguardVisibilityChanged(1)
D/LockScreen_KeyguardViewMediator(  974): setHidden false
D/LockScreen_KeyguardUpdateMonitor(  974): sendKeyguardVisibilityChanged(true)
D/LockScreen_KeyguardUpdateMonitor(  974): handleKeyguardVisibilityChanged(1)
D/Ulp_jni (  813): Location CB invoked
D/PowerManagerService(  813): sendPendingNotificationsLocked mSendGoToSleepFinishedNotificationWhenReady = false
D/PowerManagerService(  813): sendPendingNotificationsLocked mSendGoToSleepFinishedNotificationWhenReady = false
D/PowerManagerService(  813): sendPendingNotificationsLocked mSendGoToSleepFinishedNotificationWhenReady = false
D/PowerManagerService(  813): sendPendingNotificationsLocked mSendGoToSleepFinishedNotificationWhenReady = false
D/PowerManagerService(  813): sendPendingNotificationsLocked mSendGoToSleepFinishedNotificationWhenReady = false
D/PowerManagerService(  813): sendPendingNotificationsLocked mSendGoToSleepFinishedNotificationWhenReady = false
D/PowerManagerService(  813): sendPendingNotificationsLocked mSendGoToSleepFinishedNotificationWhenReady = false
D/PowerManagerService(  813): sendPendingNotificationsLocked mSendGoToSleepFinishedNotificationWhenReady = false
D/PowerManagerService(  813): sendPendingNotificationsLocked mSendGoToSleepFinishedNotificationWhenReady = false
D/PowerManagerService(  813): sendPendingNotificationsLocked mSendGoToSleepFinishedNotificationWhenReady = false
D/PowerManagerService(  813): sendPendingNotificationsLocked mSendGoToSleepFinishedNotificationWhenReady = false
D/PowerManagerService(  813): sendPendingNotificationsLocked mSendGoToSleepFinishedNotificationWhenReady = false
D/PowerManagerService(  813): sendPendingNotificationsLocked mSendGoToSleepFinishedNotificationWhenReady = false
D/PowerManagerService(  813): sendPendingNotificationsLocked mSendGoToSleepFinishedNotificationWhenReady = false
D/PowerManagerService(  813): sendPendingNotificationsLocked mSendGoToSleepFinishedNotificationWhenReady = false
D/PowerManagerService(  813): sendPendingNotificationsLocked mSendGoToSleepFinishedNotificationWhenReady = false
D/PowerManagerService(  813): sendPendingNotificationsLocked mSendGoToSleepFinishedNotificationWhenReady = false
D/PowerManagerService(  813): sendPendingNotificationsLocked mSendGoToSleepFinishedNotificationWhenReady = false
D/PowerManagerService(  813): sendPendingNotificationsLocked mSendGoToSleepFinishedNotificationWhenReady = false
D/PowerManagerService(  813): sendPendingNotificationsLocked mSendGoToSleepFinishedNotificationWhenReady = false
D/PowerManagerService(  813): sendPendingNotificationsLocked mSendGoToSleepFinishedNotificationWhenReady = false
D/PowerManagerService(  813): sendPendingNotificationsLocked mSendGoToSleepFinishedNotificationWhenReady = false
D/PowerManagerService(  813): sendPendingNotificationsLocked mSendGoToSleepFinishedNotificationWhenReady = false
W/ctxmgr  ( 1111): [ContextSpecificAclFactory]LocationConsent failed, ULR opt-in status is: false, account#-395797278#
W/ctxmgr  ( 1111): [AclManager]No 2 for (accnt=account#-395797278#, com.google.android.gms(10012):UserLocationProducer, vrsn=9877000, 0, 3pPkg = null ,  3pMdlId = null). Was: 2 for 1, account#-395797278#
D/PowerManagerService(  813): sendPendingNotificationsLocked mSendGoToSleepFinishedNotificationWhenReady = false
D/dalvikvm( 3385): GC_FOR_ALLOC freed 1990K, 53% free 5278K/11088K, paused 24ms, total 24ms
D/LockScreen_KeyguardViewMediator(  974): setHidden false
D/LockScreen_KeyguardUpdateMonitor(  974): sendKeyguardVisibilityChanged(true)
D/LockScreen_KeyguardUpdateMonitor(  974): handleKeyguardVisibilityChanged(1)
D/LockScreen_KeyguardViewMediator(  974): setHidden false
D/LockScreen_KeyguardUpdateMonitor(  974): sendKeyguardVisibilityChanged(true)
D/LockScreen_KeyguardUpdateMonitor(  974): handleKeyguardVisibilityChanged(1)
D/LockScreen_KeyguardViewMediator(  974): setHidden false
D/LockScreen_KeyguardUpdateMonitor(  974): sendKeyguardVisibilityChanged(true)
D/LockScreen_KeyguardUpdateMonitor(  974): handleKeyguardVisibilityChanged(1)
D/LockScreen_KeyguardViewMediator(  974): setHidden false
D/LockScreen_KeyguardUpdateMonitor(  974): sendKeyguardVisibilityChanged(true)
D/LockScreen_KeyguardUpdateMonitor(  974): handleKeyguardVisibilityChanged(1)
D/LockScreen_KeyguardViewMediator(  974): setHidden false
D/LockScreen_KeyguardUpdateMonitor(  974): sendKeyguardVisibilityChanged(true)
D/LockScreen_KeyguardUpdateMonitor(  974): handleKeyguardVisibilityChanged(1)
D/LockScreen_KeyguardViewMediator(  974): setHidden false
D/LockScreen_KeyguardUpdateMonitor(  974): sendKeyguardVisibilityChanged(true)
D/LockScreen_KeyguardUpdateMonitor(  974): handleKeyguardVisibilityChanged(1)
D/LockScreen_KeyguardViewMediator(  974): setHidden false
D/LockScreen_KeyguardUpdateMonitor(  974): sendKeyguardVisibilityChanged(true)
D/LockScreen_KeyguardUpdateMonitor(  974): handleKeyguardVisibilityChanged(1)
D/BatteryService(  813): ZTE Sending ACTION_BATTERY_CHANGED.  level:80, scale:100, status:2, health:2, present:true, voltage: 4186, temperature: 280, technology: Li-ion, AC powered:false, USB powered:true, Wireless powered:false, icon:17302966, invalid charger:0
D/LockScreen_KeyguardUpdateMonitor(  974): received broadcast android.intent.action.BATTERY_CHANGED
D/LockScreen_DMLockCodeController(  974): canAcceptIntent - can: false
D/LockScreen_CMASAlertController(  974): canAcceptIntent - can: false
D/WifiApPowerMode(  813): ACTION_BATTERY_CHANGED received. pluggedType=2 mUSBConnected=true
D/PowerManagerService(  813): sendPendingNotificationsLocked mSendGoToSleepFinishedNotificationWhenReady = false
D/WifiController(  813): battery changed pluggedType: 2
D/LockScreen_KeyguardUpdateMonitor(  974): handleBatteryUpdate
D/LockScreen_KeyguardViewMediator(  974): setHidden false
D/LockScreen_KeyguardUpdateMonitor(  974): sendKeyguardVisibilityChanged(true)
D/LockScreen_KeyguardUpdateMonitor(  974): handleKeyguardVisibilityChanged(1)
D/LockScreen_KeyguardViewMediator(  974): setHidden false
D/LockScreen_KeyguardUpdateMonitor(  974): sendKeyguardVisibilityChanged(true)
D/LockScreen_KeyguardUpdateMonitor(  974): handleKeyguardVisibilityChanged(1)
D/LockScreen_KeyguardViewMediator(  974): setHidden false
D/LockScreen_KeyguardUpdateMonitor(  974): sendKeyguardVisibilityChanged(true)
D/LockScreen_KeyguardUpdateMonitor(  974): handleKeyguardVisibilityChanged(1)
D/LockScreen_KeyguardViewMediator(  974): setHidden false
D/LockScreen_KeyguardUpdateMonitor(  974): sendKeyguardVisibilityChanged(true)
D/LockScreen_KeyguardUpdateMonitor(  974): handleKeyguardVisibilityChanged(1)
D/LockScreen_KeyguardViewMediator(  974): setHidden false
D/LockScreen_KeyguardUpdateMonitor(  974): sendKeyguardVisibilityChanged(true)
D/LockScreen_KeyguardUpdateMonitor(  974): handleKeyguardVisibilityChanged(1)
D/LockScreen_KeyguardViewMediator(  974): setHidden false
D/LockScreen_KeyguardUpdateMonitor(  974): sendKeyguardVisibilityChanged(true)
D/LockScreen_KeyguardUpdateMonitor(  974): handleKeyguardVisibilityChanged(1)
D/LockScreen_KeyguardViewMediator(  974): setHidden false
D/LockScreen_KeyguardUpdateMonitor(  974): sendKeyguardVisibilityChanged(true)
D/LockScreen_KeyguardUpdateMonitor(  974): handleKeyguardVisibilityChanged(1)
D/LockScreen_KeyguardViewMediator(  974): setHidden false
D/LockScreen_KeyguardUpdateMonitor(  974): sendKeyguardVisibilityChanged(true)
D/LockScreen_KeyguardUpdateMonitor(  974): handleKeyguardVisibilityChanged(1)
D/LockScreen_KeyguardViewMediator(  974): setHidden false
D/LockScreen_KeyguardUpdateMonitor(  974): sendKeyguardVisibilityChanged(true)
D/LockScreen_KeyguardUpdateMonitor(  974): handleKeyguardVisibilityChanged(1)
W/AlarmManager(  813): Alarm triggering: Alarm{420e68f8 type 3 android}
D/PowerManagerService(  813): sendPendingNotificationsLocked mSendGoToSleepFinishedNotificationWhenReady = false
D/LockScreen_KeyguardUpdateMonitor(  974): received broadcast android.intent.action.TIME_TICK
D/LockScreen_DMLockCodeController(  974): canAcceptIntent - can: false
D/LockScreen_CMASAlertController(  974): canAcceptIntent - can: false
D/LockScreen_KeyguardUpdateMonitor(  974): handleTimeUpdate
E/niejiyong(  974): WeatherService is Running
E/niejiyong(  974): Weather process is Running
E/niejiyong(  974): WeatherService is Running
E/niejiyong(  974): Weather process is Running
D/haha    ( 1349): mDateTimeReceiver intent::Intent { act=android.intent.action.TIME_TICK flg=0x50000014 (has extras) }
E/niejiyong( 1349): TypeBWeatherWidget :: performUpdate..
E/niejiyong( 1349): TypeBWeatherWidget :: performUpdate..cityLocationId = cityId:351193
D/haha    ( 1349): WeatherWidget update  AmPm=1,  Hour=7,  Minute=46
D/dalvikvm( 3385): GC_FOR_ALLOC freed 1993K, 53% free 5278K/11088K, paused 16ms, total 16ms
W/AlarmManager(  813): +++alarm onSendFinished ,action=android.intent.action.TIME_TICK
D/PowerManagerService(  813): sendPendingNotificationsLocked mSendGoToSleepFinishedNotificationWhenReady = false
D/LockScreen_KeyguardViewMediator(  974): setHidden false
D/LockScreen_KeyguardUpdateMonitor(  974): sendKeyguardVisibilityChanged(true)
D/LockScreen_KeyguardUpdateMonitor(  974): handleKeyguardVisibilityChanged(1)
D/LockScreen_KeyguardViewMediator(  974): setHidden false
D/LockScreen_KeyguardUpdateMonitor(  974): sendKeyguardVisibilityChanged(true)
D/LockScreen_KeyguardUpdateMonitor(  974): handleKeyguardVisibilityChanged(1)
D/LockScreen_KeyguardViewMediator(  974): setHidden false
D/LockScreen_KeyguardUpdateMonitor(  974): sendKeyguardVisibilityChanged(true)
D/LockScreen_KeyguardUpdateMonitor(  974): handleKeyguardVisibilityChanged(1)
D/LockScreen_KeyguardViewMediator(  974): setHidden false
D/LockScreen_KeyguardUpdateMonitor(  974): sendKeyguardVisibilityChanged(true)
D/LockScreen_KeyguardUpdateMonitor(  974): handleKeyguardVisibilityChanged(1)
D/LockScreen_KeyguardViewMediator(  974): setHidden false
D/LockScreen_KeyguardUpdateMonitor(  974): sendKeyguardVisibilityChanged(true)
D/LockScreen_KeyguardUpdateMonitor(  974): handleKeyguardVisibilityChanged(1)
D/LockScreen_KeyguardViewMediator(  974): setHidden false
D/LockScreen_KeyguardUpdateMonitor(  974): sendKeyguardVisibilityChanged(true)
D/LockScreen_KeyguardUpdateMonitor(  974): handleKeyguardVisibilityChanged(1)
D/Ulp_jni (  813): Location CB invoked
D/PowerManagerService(  813): sendPendingNotificationsLocked mSendGoToSleepFinishedNotificationWhenReady = false
D/PowerManagerService(  813): sendPendingNotificationsLocked mSendGoToSleepFinishedNotificationWhenReady = false
D/PowerManagerService(  813): sendPendingNotificationsLocked mSendGoToSleepFinishedNotificationWhenReady = false
D/PowerManagerService(  813): sendPendingNotificationsLocked mSendGoToSleepFinishedNotificationWhenReady = false
D/PowerManagerService(  813): sendPendingNotificationsLocked mSendGoToSleepFinishedNotificationWhenReady = false
D/PowerManagerService(  813): sendPendingNotificationsLocked mSendGoToSleepFinishedNotificationWhenReady = false
D/PowerManagerService(  813): sendPendingNotificationsLocked mSendGoToSleepFinishedNotificationWhenReady = false
D/PowerManagerService(  813): sendPendingNotificationsLocked mSendGoToSleepFinishedNotificationWhenReady = false
D/PowerManagerService(  813): sendPendingNotificationsLocked mSendGoToSleepFinishedNotificationWhenReady = false
D/PowerManagerService(  813): sendPendingNotificationsLocked mSendGoToSleepFinishedNotificationWhenReady = false
D/PowerManagerService(  813): sendPendingNotificationsLocked mSendGoToSleepFinishedNotificationWhenReady = false
D/PowerManagerService(  813): sendPendingNotificationsLocked mSendGoToSleepFinishedNotificationWhenReady = false
D/PowerManagerService(  813): sendPendingNotificationsLocked mSendGoToSleepFinishedNotificationWhenReady = false
D/PowerManagerService(  813): sendPendingNotificationsLocked mSendGoToSleepFinishedNotificationWhenReady = false
D/PowerManagerService(  813): sendPendingNotificationsLocked mSendGoToSleepFinishedNotificationWhenReady = false
D/PowerManagerService(  813): sendPendingNotificationsLocked mSendGoToSleepFinishedNotificationWhenReady = false
D/PowerManagerService(  813): sendPendingNotificationsLocked mSendGoToSleepFinishedNotificationWhenReady = false
D/PowerManagerService(  813): sendPendingNotificationsLocked mSendGoToSleepFinishedNotificationWhenReady = false
D/PowerManagerService(  813): sendPendingNotificationsLocked mSendGoToSleepFinishedNotificationWhenReady = false
D/PowerManagerService(  813): sendPendingNotificationsLocked mSendGoToSleepFinishedNotificationWhenReady = false
D/PowerManagerService(  813): sendPendingNotificationsLocked mSendGoToSleepFinishedNotificationWhenReady = false
D/PowerManagerService(  813): sendPendingNotificationsLocked mSendGoToSleepFinishedNotificationWhenReady = false
D/PowerManagerService(  813): sendPendingNotificationsLocked mSendGoToSleepFinishedNotificationWhenReady = false
W/ctxmgr  ( 1111): [ContextSpecificAclFactory]LocationConsent failed, ULR opt-in status is: false, account#-395797278#
W/ctxmgr  ( 1111): [AclManager]No 2 for (accnt=account#-395797278#, com.google.android.gms(10012):UserLocationProducer, vrsn=9877000, 0, 3pPkg = null ,  3pMdlId = null). Was: 2 for 1, account#-395797278#
D/PowerManagerService(  813): sendPendingNotificationsLocked mSendGoToSleepFinishedNotificationWhenReady = false
D/LockScreen_KeyguardViewMediator(  974): setHidden false
D/LockScreen_KeyguardUpdateMonitor(  974): sendKeyguardVisibilityChanged(true)
D/LockScreen_KeyguardUpdateMonitor(  974): handleKeyguardVisibilityChanged(1)
D/LockScreen_KeyguardViewMediator(  974): setHidden false
D/LockScreen_KeyguardUpdateMonitor(  974): sendKeyguardVisibilityChanged(true)
D/LockScreen_KeyguardUpdateMonitor(  974): handleKeyguardVisibilityChanged(1)
D/LockScreen_KeyguardViewMediator(  974): setHidden false
D/LockScreen_KeyguardUpdateMonitor(  974): sendKeyguardVisibilityChanged(true)
D/LockScreen_KeyguardUpdateMonitor(  974): handleKeyguardVisibilityChanged(1)
D/LockScreen_KeyguardViewMediator(  974): setHidden false
D/LockScreen_KeyguardUpdateMonitor(  974): sendKeyguardVisibilityChanged(true)
D/LockScreen_KeyguardUpdateMonitor(  974): handleKeyguardVisibilityChanged(1)
D/LockScreen_KeyguardViewMediator(  974): setHidden false
D/LockScreen_KeyguardUpdateMonitor(  974): sendKeyguardVisibilityChanged(true)
D/LockScreen_KeyguardUpdateMonitor(  974): handleKeyguardVisibilityChanged(1)
D/LockScreen_KeyguardViewMediator(  974): setHidden false
D/LockScreen_KeyguardUpdateMonitor(  974): sendKeyguardVisibilityChanged(true)
D/LockScreen_KeyguardUpdateMonitor(  974): handleKeyguardVisibilityChanged(1)
D/LockScreen_KeyguardViewMediator(  974): setHidden false
D/LockScreen_KeyguardUpdateMonitor(  974): sendKeyguardVisibilityChanged(true)
D/LockScreen_KeyguardUpdateMonitor(  974): handleKeyguardVisibilityChanged(1)
D/LockScreen_KeyguardViewMediator(  974): setHidden false
D/LockScreen_KeyguardUpdateMonitor(  974): sendKeyguardVisibilityChanged(true)
D/LockScreen_KeyguardUpdateMonitor(  974): handleKeyguardVisibilityChanged(1)
D/dalvikvm( 3385): GC_FOR_ALLOC freed 1986K, 53% free 5278K/11088K, paused 22ms, total 22ms
D/LockScreen_KeyguardViewMediator(  974): setHidden false
D/LockScreen_KeyguardUpdateMonitor(  974): sendKeyguardVisibilityChanged(true)
D/LockScreen_KeyguardUpdateMonitor(  974): handleKeyguardVisibilityChanged(1)
D/LockScreen_KeyguardViewMediator(  974): setHidden false
D/LockScreen_KeyguardUpdateMonitor(  974): sendKeyguardVisibilityChanged(true)
D/LockScreen_KeyguardUpdateMonitor(  974): handleKeyguardVisibilityChanged(1)
D/LockScreen_KeyguardViewMediator(  974): setHidden false
D/LockScreen_KeyguardUpdateMonitor(  974): sendKeyguardVisibilityChanged(true)
D/LockScreen_KeyguardUpdateMonitor(  974): handleKeyguardVisibilityChanged(1)
D/LockScreen_KeyguardViewMediator(  974): setHidden false
D/LockScreen_KeyguardUpdateMonitor(  974): sendKeyguardVisibilityChanged(true)
D/LockScreen_KeyguardUpdateMonitor(  974): handleKeyguardVisibilityChanged(1)
D/LockScreen_KeyguardViewMediator(  974): setHidden false
D/LockScreen_KeyguardUpdateMonitor(  974): sendKeyguardVisibilityChanged(true)
D/LockScreen_KeyguardUpdateMonitor(  974): handleKeyguardVisibilityChanged(1)
D/LockScreen_KeyguardViewMediator(  974): setHidden false
D/LockScreen_KeyguardUpdateMonitor(  974): sendKeyguardVisibilityChanged(true)
D/LockScreen_KeyguardUpdateMonitor(  974): handleKeyguardVisibilityChanged(1)
D/LockScreen_KeyguardViewMediator(  974): setHidden false
D/LockScreen_KeyguardUpdateMonitor(  974): sendKeyguardVisibilityChanged(true)
D/LockScreen_KeyguardUpdateMonitor(  974): handleKeyguardVisibilityChanged(1)
D/LockScreen_KeyguardViewMediator(  974): setHidden false
D/LockScreen_KeyguardUpdateMonitor(  974): sendKeyguardVisibilityChanged(true)
D/LockScreen_KeyguardUpdateMonitor(  974): handleKeyguardVisibilityChanged(1)
D/LockScreen_KeyguardViewMediator(  974): setHidden false
D/LockScreen_KeyguardUpdateMonitor(  974): sendKeyguardVisibilityChanged(true)
D/LockScreen_KeyguardUpdateMonitor(  974): handleKeyguardVisibilityChanged(1)
D/LockScreen_KeyguardViewMediator(  974): setHidden false
D/LockScreen_KeyguardUpdateMonitor(  974): sendKeyguardVisibilityChanged(true)
D/LockScreen_KeyguardUpdateMonitor(  974): handleKeyguardVisibilityChanged(1)
D/LockScreen_KeyguardViewMediator(  974): setHidden false
D/LockScreen_KeyguardUpdateMonitor(  974): sendKeyguardVisibilityChanged(true)
D/LockScreen_KeyguardUpdateMonitor(  974): handleKeyguardVisibilityChanged(1)
D/LockScreen_KeyguardViewMediator(  974): setHidden false
D/LockScreen_KeyguardUpdateMonitor(  974): sendKeyguardVisibilityChanged(true)
D/LockScreen_KeyguardUpdateMonitor(  974): handleKeyguardVisibilityChanged(1)
D/LockScreen_KeyguardViewMediator(  974): setHidden false
D/LockScreen_KeyguardUpdateMonitor(  974): sendKeyguardVisibilityChanged(true)
D/LockScreen_KeyguardUpdateMonitor(  974): handleKeyguardVisibilityChanged(1)
D/Ulp_jni (  813): Location CB invoked
D/PowerManagerService(  813): sendPendingNotificationsLocked mSendGoToSleepFinishedNotificationWhenReady = false
D/PowerManagerService(  813): sendPendingNotificationsLocked mSendGoToSleepFinishedNotificationWhenReady = false
D/PowerManagerService(  813): sendPendingNotificationsLocked mSendGoToSleepFinishedNotificationWhenReady = false
D/PowerManagerService(  813): sendPendingNotificationsLocked mSendGoToSleepFinishedNotificationWhenReady = false
D/PowerManagerService(  813): sendPendingNotificationsLocked mSendGoToSleepFinishedNotificationWhenReady = false
D/PowerManagerService(  813): sendPendingNotificationsLocked mSendGoToSleepFinishedNotificationWhenReady = false
D/PowerManagerService(  813): sendPendingNotificationsLocked mSendGoToSleepFinishedNotificationWhenReady = false
D/PowerManagerService(  813): sendPendingNotificationsLocked mSendGoToSleepFinishedNotificationWhenReady = false
D/PowerManagerService(  813): sendPendingNotificationsLocked mSendGoToSleepFinishedNotificationWhenReady = false
D/PowerManagerService(  813): sendPendingNotificationsLocked mSendGoToSleepFinishedNotificationWhenReady = false
D/PowerManagerService(  813): sendPendingNotificationsLocked mSendGoToSleepFinishedNotificationWhenReady = false
D/PowerManagerService(  813): sendPendingNotificationsLocked mSendGoToSleepFinishedNotificationWhenReady = false
D/PowerManagerService(  813): sendPendingNotificationsLocked mSendGoToSleepFinishedNotificationWhenReady = false
D/PowerManagerService(  813): sendPendingNotificationsLocked mSendGoToSleepFinishedNotificationWhenReady = false
D/PowerManagerService(  813): sendPendingNotificationsLocked mSendGoToSleepFinishedNotificationWhenReady = false
D/PowerManagerService(  813): sendPendingNotificationsLocked mSendGoToSleepFinishedNotificationWhenReady = false
D/PowerManagerService(  813): sendPendingNotificationsLocked mSendGoToSleepFinishedNotificationWhenReady = false
D/PowerManagerService(  813): sendPendingNotificationsLocked mSendGoToSleepFinishedNotificationWhenReady = false
D/PowerManagerService(  813): sendPendingNotificationsLocked mSendGoToSleepFinishedNotificationWhenReady = false
D/PowerManagerService(  813): sendPendingNotificationsLocked mSendGoToSleepFinishedNotificationWhenReady = false
D/PowerManagerService(  813): sendPendingNotificationsLocked mSendGoToSleepFinishedNotificationWhenReady = false
D/LockScreen_KeyguardViewMediator(  974): setHidden false
D/LockScreen_KeyguardUpdateMonitor(  974): sendKeyguardVisibilityChanged(true)
D/LockScreen_KeyguardUpdateMonitor(  974): handleKeyguardVisibilityChanged(1)
D/PowerManagerService(  813): sendPendingNotificationsLocked mSendGoToSleepFinishedNotificationWhenReady = false
D/PowerManagerService(  813): sendPendingNotificationsLocked mSendGoToSleepFinishedNotificationWhenReady = false
W/ctxmgr  ( 1111): [ContextSpecificAclFactory]LocationConsent failed, ULR opt-in status is: false, account#-395797278#
W/ctxmgr  ( 1111): [AclManager]No 2 for (accnt=account#-395797278#, com.google.android.gms(10012):UserLocationProducer, vrsn=9877000, 0, 3pPkg = null ,  3pMdlId = null). Was: 2 for 1, account#-395797278#
D/PowerManagerService(  813): sendPendingNotificationsLocked mSendGoToSleepFinishedNotificationWhenReady = false
D/WifiP2pService(  813): GroupCreatedState{ when=-99ms what=143361 arg1=1 target=com.android.internal.util.StateMachine$SmHandler }  = GROUP_CREATING_TIMED_OUT
D/WifiP2pService(  813): P2pEnabledState{ when=-100ms what=143361 arg1=1 target=com.android.internal.util.StateMachine$SmHandler }  = GROUP_CREATING_TIMED_OUT
D/WifiP2pService(  813): DefaultState =143361
D/LockScreen_KeyguardViewMediator(  974): setHidden false
D/LockScreen_KeyguardUpdateMonitor(  974): sendKeyguardVisibilityChanged(true)
D/LockScreen_KeyguardUpdateMonitor(  974): handleKeyguardVisibilityChanged(1)
D/dalvikvm( 3385): GC_FOR_ALLOC freed 1995K, 53% free 5278K/11088K, paused 21ms, total 22ms
D/LockScreen_KeyguardViewMediator(  974): setHidden false
D/LockScreen_KeyguardUpdateMonitor(  974): sendKeyguardVisibilityChanged(true)
D/LockScreen_KeyguardUpdateMonitor(  974): handleKeyguardVisibilityChanged(1)
D/LockScreen_KeyguardViewMediator(  974): setHidden false
D/LockScreen_KeyguardUpdateMonitor(  974): sendKeyguardVisibilityChanged(true)
D/LockScreen_KeyguardUpdateMonitor(  974): handleKeyguardVisibilityChanged(1)
D/LockScreen_KeyguardViewMediator(  974): setHidden false
D/LockScreen_KeyguardUpdateMonitor(  974): sendKeyguardVisibilityChanged(true)
D/LockScreen_KeyguardUpdateMonitor(  974): handleKeyguardVisibilityChanged(1)
D/LockScreen_KeyguardViewMediator(  974): setHidden false
D/LockScreen_KeyguardUpdateMonitor(  974): sendKeyguardVisibilityChanged(true)
D/LockScreen_KeyguardUpdateMonitor(  974): handleKeyguardVisibilityChanged(1)
D/LockScreen_KeyguardViewMediator(  974): setHidden false
D/LockScreen_KeyguardUpdateMonitor(  974): sendKeyguardVisibilityChanged(true)
D/LockScreen_KeyguardUpdateMonitor(  974): handleKeyguardVisibilityChanged(1)
D/DisplayPowerController(  813): updateAmbientLux:  mLightSensorListener lux is 1.0
D/LockScreen_KeyguardViewMediator(  974): setHidden false
D/LockScreen_KeyguardUpdateMonitor(  974): sendKeyguardVisibilityChanged(true)
D/LockScreen_KeyguardUpdateMonitor(  974): handleKeyguardVisibilityChanged(1)
D/DisplayPowerController(  813): updateAmbientLux:  mLightSensorListener lux is 2.0
D/LockScreen_KeyguardViewMediator(  974): setHidden false
D/LockScreen_KeyguardUpdateMonitor(  974): sendKeyguardVisibilityChanged(true)
D/LockScreen_KeyguardUpdateMonitor(  974): handleKeyguardVisibilityChanged(1)
D/DisplayPowerController(  813): updateAmbientLux:  mLightSensorListener lux is 3.0
D/LockScreen_KeyguardViewMediator(  974): setHidden false
D/LockScreen_KeyguardUpdateMonitor(  974): sendKeyguardVisibilityChanged(true)
D/LockScreen_KeyguardUpdateMonitor(  974): handleKeyguardVisibilityChanged(1)
E/Vold    (  244): wangzy usb Switch state: DISCONNECTED
D/dalvikvm( 3385): Debugger has detached; object registry had 1 entries
V/UsbDeviceManager(  813): USB UEVENT: {USB_STATE=OFFLINE, SUBSYSTEM=switch, DEVPATH=/devices/virtual/switch/usb_scsi_command, SEQNUM=4515, ACTION=change}
D/UsbDeviceManager(  813): usb updateState(OFFLINE)
V/UsbDeviceManager(  813): USB UEVENT: {USB_STATE=DISCONNECTED, SUBSYSTEM=android_usb, DEVPATH=/devices/virtual/android_usb/android0, SEQNUM=4517, ACTION=change}
D/UsbDeviceManager(  813): usb updateState(DISCONNECTED)
D/WindowManager(  813): KEYCODE_VOLUME_UP setStreamMute false
W/AudioService(  813): stream was not muted by this client
