W/ContextImpl(  813): Calling a method in the system process without a qualified user: android.app.ContextImpl.sendBroadcast:1213 com.android.server.usb.UsbSettingsManager.deviceAttached:621 com.android.server.usb.UsbHostManager.usbDeviceAdded:610 com.android.server.usb.UsbHostManager.monitorUsbHostBus:-2 com.android.server.usb.UsbHostManager.access$500:62 
I/ActivityManager(  813): START u0 {act=android.hardware.usb.action.USB_DEVICE_ATTACHED flg=0x10000000 cmp=com.qualcomm.ftcrobotcontroller/org.firstinspires.ftc.robotcontroller.internal.FtcRobotControllerActivity (has extras)} from pid 813
D/dalvikvm( 3646): GC_CONCURRENT freed 5970K, 55% free 5034K/11088K, paused 2ms+3ms, total 31ms
D/DisplayPowerController(  813): updateAmbientLux:  mLightSensorListener lux is 45.0
W/BackupManagerService(  813): dataChanged but no participant pkg='com.android.providers.settings' uid=10017
D/dalvikvm( 3646): GC_CONCURRENT freed 1997K, 55% free 5084K/11088K, paused 3ms+12ms, total 28ms
D/dalvikvm( 3646): WAIT_FOR_CONCURRENT_GC blocked 7ms
D/DisplayPowerController(  813): updateAmbientLux:  mLightSensorListener lux is 46.0
D/dalvikvm( 3646): GC_CONCURRENT freed 2195K, 56% free 4917K/11088K, paused 2ms+2ms, total 20ms
D/DisplayPowerController(  813): updateAmbientLux:  mLightSensorListener lux is 48.0
D/dalvikvm( 3646): GC_CONCURRENT freed 1826K, 54% free 5124K/11088K, paused 6ms+2ms, total 24ms
D/DisplayPowerController(  813): updateAmbientLux:  mLightSensorListener lux is 49.0
D/WifiService(  813): New client listening to asynchronous messages
E/WifiManager( 3646): createWifiLock(), enter. lockType=3 tag= getNameForPid(3646)=com.qualcomm.ftcrobotcontroller
V/RobotCore( 3646): Network: inactive, disconnected
V/RCActivity( 3646): onStart()
D/WifiService(  813): acquireWifiLockLocked: WifiLock{ type=3 binder=android.os.BinderProxy@41b372e0}
V/RCActivity( 3646): onResume()
V/RCActivity( 3646): onPause()
V/RCActivity( 3646): onResume()
V/RCActivity( 3646): onPause()
V/RCActivity( 3646): onResume()
V/RCActivity( 3646): onPause()
V/RCActivity( 3646): onResume()
V/RCActivity( 3646): onPause()
V/RCActivity( 3646): onResume()
V/RCActivity( 3646): onPause()
V/RCActivity( 3646): onResume()
V/FTCService( 3646): onCreate()
V/FTCService( 3646): onBind()
V/FTCService( 3646): Android device is zte, N9130
V/RobotCore( 3646): Starting network of type: WIFIDIRECT
V/WifiDirect( 3646): There are 1 Wifi Direct Assistant Clients (+)
V/WifiDirect( 3646): Enabling Wifi Direct Assistant
D/WifiP2pService(  813): GroupCreatedState{ when=0 what=139277 arg1=-2 arg2=1 target=com.android.internal.util.StateMachine$SmHandler }  > CREATE_GROUP
D/WifiP2pService(  813): P2pEnabledState{ when=0 what=139277 arg1=-2 arg2=1 target=com.android.internal.util.StateMachine$SmHandler }  > CREATE_GROUP
D/WifiP2pService(  813): DefaultState =139277
D/LockScreen_KeyguardViewMediator(  974): setHidden false
D/LockScreen_KeyguardUpdateMonitor(  974): sendKeyguardVisibilityChanged(true)
D/LockScreen_KeyguardUpdateMonitor(  974): handleKeyguardVisibilityChanged(1)
D/LockScreen_KeyguardViewMediator(  974): setHidden false
D/LockScreen_KeyguardUpdateMonitor(  974): sendKeyguardVisibilityChanged(true)
D/LockScreen_KeyguardUpdateMonitor(  974): handleKeyguardVisibilityChanged(1)
D/OpenGLRenderer( 3646): Enabling debug mode 0
D/WifiDirect( 3646): broadcast: state - enabled: true
D/WifiDirect( 3646): broadcast: connection changed: connectStatus=NOT_CONNECTED networkInfo.state=CONNECTED
V/WifiDirect( 3646): NetworkInfo: NetworkInfo: type: WIFI_P2P[], state: CONNECTED/CONNECTED, reason: (unspecified), extra: (none), roaming: false, failover: false, isAvailable: true, isConnectedToProvisioningNetwork: false, subscription: 0
V/WifiDirect( 3646): WifiP2pInfo: groupFormed: true isGroupOwner: true groupOwnerAddress: /192.168.49.1
V/WifiDirect( 3646): WifiP2pGroup: network: DIRECT-So-6710-C-RC, isGO: true, GO: Device: , deviceAddress: aa:a6:68:d3:1d:03, primary type: null, secondary type: null, wps: 0, grpcapab: 0, devcapab: 0, status: 4, wfdInfo: WFD enabled: falseWFD DeviceInfo: 0, WFD CtrlPort: 0, WFD MaxThroughput: 0, interface: p2p0, networkId: 0
D/WifiDirect( 3646): broadcast: this device changed
V/WifiDirect( 3646): device information: 6710-C-RC aa:a6:68:d3:1d:03
D/WifiDirect( 3646): cannot create group, does group already exist?
V/FTCService( 3646): RCActivity.controllerService=bound
V/RobotCore( 3646): Network: unknown, disconnected
V/RobotCore( 3646): Robot Status: stopped
D/WifiP2pService(  813): GroupCreatedState{ when=-1ms what=139285 arg2=2 target=com.android.internal.util.StateMachine$SmHandler }  > REQUEST_CONNECTION_INFO
D/WifiP2pService(  813): P2pEnabledState{ when=-1ms what=139285 arg2=2 target=com.android.internal.util.StateMachine$SmHandler }  > REQUEST_CONNECTION_INFO
D/WifiP2pService(  813): DefaultState =139285
D/WifiP2pService(  813): GroupCreatedState{ when=-1ms what=139268 target=com.android.internal.util.StateMachine$SmHandler }  > STOP_DISCOVERY
D/WifiP2pService(  813): P2pEnabledState{ when=-1ms what=139268 target=com.android.internal.util.StateMachine$SmHandler }  > STOP_DISCOVERY
D/OpmodeRegistration( 3646): registered {DefaultOpMode} as {$Stop$Robot$}
V/FTCService( 3646): Processing robot setup
V/RobotCore( 3646): thread: 'RobotSetupRunnable.run()' starting...
V/D2xx::  ( 3646): Start constructor
V/RobotCore( 3646): Robot Status: stopped, scanning for USB devices
V/D2xx::  ( 3646): End constructor
V/D2xx::  ( 3646): Vendor: 0403, Product: 6001
V/D2xx::  ( 3646): Vendor: 0403, Product: 6001
I/FIRST   ( 3646): ignoring: unable get serial number of attached UsbDevice vendor=0x0403, product=0x6001 device=0x03ec name=/dev/bus/usb/001/004
V/D2xx::  ( 3646): Vendor: 0403, Product: 6001
V/D2xx::  ( 3646): Vendor: 0403, Product: 6001
I/FIRST   ( 3646): ignoring: unable get serial number of attached UsbDevice vendor=0x0403, product=0x6001 device=0x03ed name=/dev/bus/usb/001/005
V/D2xx::  ( 3646): Vendor: 0403, Product: 6001
V/D2xx::  ( 3646): Vendor: 0403, Product: 6001
I/FIRST   ( 3646): ignoring: unable get serial number of attached UsbDevice vendor=0x0403, product=0x6001 device=0x03ee name=/dev/bus/usb/001/006
V/D2xx::  ( 3646): Vendor: 0403, Product: 6001
V/D2xx::  ( 3646): Vendor: 0403, Product: 6001
I/FIRST   ( 3646): ignoring: unable get serial number of attached UsbDevice vendor=0x0403, product=0x6001 device=0x03ef name=/dev/bus/usb/001/007
V/D2xx::  ( 3646): Vendor: 0403, Product: 6001
V/D2xx::  ( 3646): Vendor: 0403, Product: 6001
I/FIRST   ( 3646): ignoring: unable get serial number of attached UsbDevice vendor=0x0403, product=0x6001 device=0x03f0 name=/dev/bus/usb/001/008
D/LockScreen_KeyguardViewMediator(  974): setHidden false
D/LockScreen_KeyguardUpdateMonitor(  974): sendKeyguardVisibilityChanged(true)
D/LockScreen_KeyguardUpdateMonitor(  974): handleKeyguardVisibilityChanged(1)
D/WifiDirect( 3646): group owners address: /192.168.49.1
D/WifiDirect( 3646): group formed, this device is the group owner (GO)
I/FTCService( 3646): Wifi Direct - connected as group owner
D/WifiDirect( 3646): stop discovering peers
D/WifiP2pService(  813): GroupCreatedState{ when=0 what=139287 arg2=3 target=com.android.internal.util.StateMachine$SmHandler }  > REQUEST_GROUP_INFO
D/WifiP2pService(  813): P2pEnabledState{ when=0 what=139287 arg2=3 target=com.android.internal.util.StateMachine$SmHandler }  > REQUEST_GROUP_INFO
D/WifiP2pService(  813): DefaultState =139287
I/ActivityManager(  813): Displayed com.qualcomm.ftcrobotcontroller/org.firstinspires.ftc.robotcontroller.internal.FtcRobotControllerActivity: +1s764ms
I/Timeline(  813): Timeline: Activity_windows_visible id: ActivityRecord{421c6ea0 u0 com.qualcomm.ftcrobotcontroller/org.firstinspires.ftc.robotcontroller.internal.FtcRobotControllerActivity t5} time:361703
D/LockScreen_KeyguardViewMediator(  974): setHidden false
D/LockScreen_KeyguardUpdateMonitor(  974): sendKeyguardVisibilityChanged(true)
V/RobotCore( 3646): Network: enabled, disconnected
D/LockScreen_KeyguardUpdateMonitor(  974): handleKeyguardVisibilityChanged(1)
D/WifiP2pService(  813): GroupCreatedState{ when=-1ms what=139268 target=com.android.internal.util.StateMachine$SmHandler }  > STOP_DISCOVERY
D/WifiP2pService(  813): P2pEnabledState{ when=-1ms what=139268 target=com.android.internal.util.StateMachine$SmHandler }  > STOP_DISCOVERY
D/LockScreen_KeyguardViewMediator(  974): setHidden false
D/LockScreen_KeyguardUpdateMonitor(  974): sendKeyguardVisibilityChanged(true)
D/LockScreen_KeyguardUpdateMonitor(  974): handleKeyguardVisibilityChanged(1)
D/LockScreen_KeyguardViewMediator(  974): setHidden false
D/LockScreen_KeyguardUpdateMonitor(  974): sendKeyguardVisibilityChanged(true)
D/LockScreen_KeyguardUpdateMonitor(  974): handleKeyguardVisibilityChanged(1)
D/LockScreen_KeyguardViewMediator(  974): setHidden false
D/LockScreen_KeyguardUpdateMonitor(  974): sendKeyguardVisibilityChanged(true)
D/LockScreen_KeyguardUpdateMonitor(  974): handleKeyguardVisibilityChanged(1)
D/DisplayPowerController(  813): ZTE_PM updateAutoBrightness: useAutoBrightness = true  mAmbientLuxValid = true  mAmbientLux = 38.65431
D/DisplayPowerController(  813): updateAutoBrightness: value=0.22131217 *255 = 56.4346
D/DisplayPowerController(  813): ZTE_PM mPowerRequest.screenState is 2
D/DisplayPowerController(  813): ZTE_PM_PROX disable ProxSensor while NO useProximitySensor 
D/DisplayPowerController(  813): ZTE_PM_PROX setProximitySensorEnabled enable = false
D/DisplayPowerController(  813): ZTE_PM  setLightSensorEnabled enable = true updateAutoBrightness = false
D/PowerManagerService(  813): sendPendingNotificationsLocked mSendGoToSleepFinishedNotificationWhenReady = false
D/DisplayPowerState(  813): Updating screen state: onChanged=false, on= true, backlightChanged=true, backlight=47
V/WifiDirect( 3646): connection information available
V/WifiDirect( 3646): connection information - groupOwnerName = 6710-C-RC
V/WifiDirect( 3646): connection information - groupOwnerMacAddress = aa:a6:68:d3:1d:03
V/WifiDirect( 3646): connection information - groupInterface = p2p0
V/WifiDirect( 3646): connection information - groupNetworkName = DIRECT-So-6710-C-RC
I/FTCService( 3646): Network Connection Passphrase: OUyDAB5V
V/RobotCore( 3646): Network: active, disconnected
I/Timeline( 3646): Timeline: Activity_idle id: android.os.BinderProxy@418c9bf0 time:361756
D/PowerManagerService(  813): sendPendingNotificationsLocked mSendGoToSleepFinishedNotificationWhenReady = false
D/ledlog_java_com(  813): Excessive delay setting light: 64ms
D/DisplayPowerState(  813): Updating screen state: onChanged=false, on= true, backlightChanged=true, backlight=56
D/ledlog_java_com(  813): Excessive delay setting light: 66ms
D/LockScreen_KeyguardViewMediator(  974): setHidden false
D/LockScreen_KeyguardUpdateMonitor(  974): sendKeyguardVisibilityChanged(true)
D/LockScreen_KeyguardUpdateMonitor(  974): handleKeyguardVisibilityChanged(1)
D/LockScreen_KeyguardViewMediator(  974): setHidden false
D/LockScreen_KeyguardUpdateMonitor(  974): sendKeyguardVisibilityChanged(true)
D/LockScreen_KeyguardUpdateMonitor(  974): handleKeyguardVisibilityChanged(1)
D/PowerManagerService(  813): sendPendingNotificationsLocked mSendGoToSleepFinishedNotificationWhenReady = false
D/PowerManagerService(  813): sendPendingNotificationsLocked mSendGoToSleepFinishedNotificationWhenReady = false
D/DisplayPowerController(  813): updateAmbientLux:  mLightSensorListener lux is 48.0
D/DisplayPowerController(  813): updateAmbientLux:  mLightSensorListener lux is 47.0
D/DisplayPowerController(  813): updateAmbientLux:  mLightSensorListener lux is 48.0
D/DisplayPowerController(  813): updateAmbientLux:  mLightSensorListener lux is 49.0
I/PlayCommon( 1416): [111] com.google.android.play.a.g.e(790): Preparing logs for uploading
I/PlayCommon( 1416): [111] com.google.android.play.a.g.e(792): No file ready to send
V/RobotCore( 3646): EventLoopManager state is NOT_STARTED
V/RobotCore( 3646): Robot Status: stopped, waiting on network
V/RobotCore( 3646): Robot Status: stopped, starting robot
V/Robocol ( 3646): EventLoopManager.start()
V/RobotCore( 3646): Starting network of type: WIFIDIRECT
V/Robocol ( 3646): Spoofing a Network Connection event...
I/RobotCore( 3646): Battery Checker, Level Remaining: 80.0
I/RobotCore( 3646): Battery Checker, Level Remaining: 80.0
V/RobotCore( 3646): executive service EventLoop is terminated
V/RobotCore( 3646): EventLoopManager state is STOPPED
V/Robocol ( 3646): eventLoop=FtcEventLoop
V/RobotCore( 3646): EventLoopManager state is INIT
V/RobotCore( 3646): Robot Status: initializing, starting robot
I/FIRST   ( 3646): ======= INIT START =======
V/RobotCore( 3646): thread: 'SetupRunnable.run()' starting...
D/OpmodeRegistration( 3646): registered {New_Linear_Tele_Op} as {Linear Tele Op New}
W/AwContents( 3646): nativeOnDraw failed; clearing to background color.
D/OpmodeRegistration( 3646): registered {BlueNearAutoOpSigma2016} as {Blue Near Auto Op Sigma 2016}
D/OpmodeRegistration( 3646): registered {RedNearAutoOpSigma2016} as {Red Near Auto Op Sigma 2016}
V/RobotCore( 3646): Creating Modern Robotics USB Core Device Interface Module [AL00VE3C]
V/D2xx::  ( 3646): Vendor: 0403, Product: 6001
D/UsbDeviceConnectionJNI( 3646): close
V/D2xx::  ( 3646): Vendor: 0403, Product: 6001
D/UsbDeviceConnectionJNI( 3646): close
V/D2xx::  ( 3646): Vendor: 0403, Product: 6001
D/UsbDeviceConnectionJNI( 3646): close
V/D2xx::  ( 3646): Vendor: 0403, Product: 6001
D/UsbDeviceConnectionJNI( 3646): close
V/D2xx::  ( 3646): Vendor: 0403, Product: 6001
D/Robocol ( 3646): RobocolDatagramSocket listening addr=/192.168.49.1:20884 cbRec=65520 cbSend=163840 msRecTO=300
V/Robocol ( 3646): RecvLoopRunnable created
V/PeerDiscovery( 3646): Starting peer discovery
V/RobotCore( 3646): thread: 'RecvLoopRunnable.run()' starting...
V/RobotCore( 3646): Setup complete
V/RobotCore( 3646): thread: ...terminating 'SetupRunnable.run()'
D/UsbDeviceConnectionJNI( 3646): close
V/D2xx::  ( 3646): Vendor: 0403, Product: 6001
D/dalvikvm( 3646): GC_CONCURRENT freed 1946K, 54% free 5168K/11088K, paused 3ms+2ms, total 25ms
D/dalvikvm( 3646): WAIT_FOR_CONCURRENT_GC blocked 15ms
D/UsbDeviceConnectionJNI( 3646): close
D/FTDI_Device::( 3646): open SUCCESS
I/FTDI_Device::( 3646): EP: 0x81
I/FTDI_Device::( 3646): EP: 0x02
D/UsbRequestJNI( 3646): init
D/D2XX::  ( 3646): **********************Device Opened**********************
I/dalvikvm( 3646): Could not find method android.support.v4.content.LocalBroadcastManager.getInstance, referenced from method com.ftdi.j2xx.ProcessInCtrl.processEventChars
W/dalvikvm( 3646): VFY: unable to resolve static method 761: Landroid/support/v4/content/LocalBroadcastManager;.getInstance (Landroid/content/Context;)Landroid/support/v4/content/LocalBroadcastManager;
D/dalvikvm( 3646): VFY: replacing opcode 0x71 at 0x004e
I/dalvikvm( 3646): Could not find method android.support.v4.content.LocalBroadcastManager.getInstance, referenced from method com.ftdi.j2xx.ProcessInCtrl.processEventChars
W/dalvikvm( 3646): VFY: unable to resolve static method 761: Landroid/support/v4/content/LocalBroadcastManager;.getInstance (Landroid/content/Context;)Landroid/support/v4/content/LocalBroadcastManager;
D/dalvikvm( 3646): VFY: replacing opcode 0x71 at 0x008d
I/dalvikvm( 3646): Could not find method android.support.v4.content.LocalBroadcastManager.getInstance, referenced from method com.ftdi.j2xx.ProcessInCtrl.processEventChars
W/dalvikvm( 3646): VFY: unable to resolve static method 761: Landroid/support/v4/content/LocalBroadcastManager;.getInstance (Landroid/content/Context;)Landroid/support/v4/content/LocalBroadcastManager;
D/dalvikvm( 3646): VFY: replacing opcode 0x71 at 0x00cc
D/Robocol ( 3646): no packet received: SocketTimeoutException
V/RobotCore( 3646): Starting up device AL00VE3C
V/RobotCore( 3646): thread: 'r/w loop: Modern Robotics USB Core Device Interface Module [AL00VE3C]' starting...
V/RobotCore( 3646): Creating Modern Robotics I2C Gyro Sensor - Port: 0
V/RobotCore( 3646): Creating Modern Robotics USB Legacy Module [AL00XROI]
V/D2xx::  ( 3646): Vendor: 0403, Product: 6001
V/D2xx::  ( 3646): Vendor: 0403, Product: 6001
V/D2xx::  ( 3646): Vendor: 0403, Product: 6001
V/D2xx::  ( 3646): Vendor: 0403, Product: 6001
V/D2xx::  ( 3646): Vendor: 0403, Product: 6001
V/D2xx::  ( 3646): Vendor: 0403, Product: 6001
D/FTDI_Device::( 3646): open SUCCESS
I/FTDI_Device::( 3646): EP: 0x81
I/FTDI_Device::( 3646): EP: 0x02
D/UsbRequestJNI( 3646): init
D/D2XX::  ( 3646): **********************Device Opened**********************
V/RobotCore( 3646): Starting up device AL00XROI
V/RobotCore( 3646): thread: 'r/w loop: Modern Robotics USB Legacy Module [AL00XROI]' starting...
V/RobotCore( 3646): Creating HiTechnic NXT Color Sensor - Port: 1
V/RobotCore( 3646): Creating HiTechnic NXT Color Sensor - Port: 2
V/RobotCore( 3646): Creating HiTechnic NXT Ultrasonic Sensor - Port: 5
V/RobotCore( 3646): Creating Modern Robotics USB DC Motor Controller [AL00VS9P]
D/RobotCore( 3646): arming modern motor controller Modern Robotics USB DC Motor Controller [AL00VS9P]...
V/D2xx::  ( 3646): Vendor: 0403, Product: 6001
V/D2xx::  ( 3646): Vendor: 0403, Product: 6001
V/D2xx::  ( 3646): Vendor: 0403, Product: 6001
V/D2xx::  ( 3646): Vendor: 0403, Product: 6001
V/D2xx::  ( 3646): Vendor: 0403, Product: 6001
V/D2xx::  ( 3646): Vendor: 0403, Product: 6001
D/FTDI_Device::( 3646): open SUCCESS
I/FTDI_Device::( 3646): EP: 0x81
I/FTDI_Device::( 3646): EP: 0x02
D/UsbRequestJNI( 3646): init
D/D2XX::  ( 3646): **********************Device Opened**********************
V/RobotCore( 3646): Starting up device AL00VS9P
V/RobotCore( 3646): thread: 'r/w loop: Modern Robotics USB DC Motor Controller [AL00VS9P]' starting...
D/RobotCore( 3646): ...arming modern motor controller Modern Robotics USB DC Motor Controller [AL00VS9P] complete
V/RobotCore( 3646): Creating Modern Robotics USB Servo Controller [AL00XOKN]
D/RobotCore( 3646): arming modern servo controller Modern Robotics USB Servo Controller [AL00XOKN]...
V/D2xx::  ( 3646): Vendor: 0403, Product: 6001
V/D2xx::  ( 3646): Vendor: 0403, Product: 6001
V/D2xx::  ( 3646): Vendor: 0403, Product: 6001
V/D2xx::  ( 3646): Vendor: 0403, Product: 6001
V/D2xx::  ( 3646): Vendor: 0403, Product: 6001
V/D2xx::  ( 3646): Vendor: 0403, Product: 6001
D/FTDI_Device::( 3646): open SUCCESS
I/FTDI_Device::( 3646): EP: 0x81
I/FTDI_Device::( 3646): EP: 0x02
D/UsbRequestJNI( 3646): init
D/D2XX::  ( 3646): **********************Device Opened**********************
D/dalvikvm( 3646): GC_CONCURRENT freed 957K, 44% free 6257K/11088K, paused 3ms+4ms, total 27ms
D/dalvikvm( 3646): WAIT_FOR_CONCURRENT_GC blocked 21ms
D/DisplayPowerController(  813): ZTE_PM updateAutoBrightness: useAutoBrightness = true  mAmbientLuxValid = true  mAmbientLux = 48.736412
D/DisplayPowerController(  813): updateAutoBrightness: value=0.24620265 *255 = 62.781673
D/DisplayPowerController(  813): ZTE_PM mPowerRequest.screenState is 2
D/DisplayPowerController(  813): ZTE_PM_PROX disable ProxSensor while NO useProximitySensor 
D/DisplayPowerController(  813): ZTE_PM_PROX setProximitySensorEnabled enable = false
D/DisplayPowerController(  813): ZTE_PM  setLightSensorEnabled enable = true updateAutoBrightness = false
D/DisplayPowerState(  813): Updating screen state: onChanged=false, on= true, backlightChanged=true, backlight=58
D/DisplayPowerState(  813): Updating screen state: onChanged=false, on= true, backlightChanged=true, backlight=63
V/RobotCore( 3646): Starting up device AL00XOKN
V/RobotCore( 3646): thread: 'r/w loop: Modern Robotics USB Servo Controller [AL00XOKN]' starting...
D/RobotCore( 3646): ...arming modern servo controller Modern Robotics USB Servo Controller [AL00XOKN] complete
V/RobotCore( 3646): Creating Modern Robotics USB DC Motor Controller [AL00VVUU]
D/RobotCore( 3646): arming modern motor controller Modern Robotics USB DC Motor Controller [AL00VVUU]...
D/Tethering(  813): interfaceLinkStateChanged p2p0, true
D/Tethering(  813): interfaceStatusChanged p2p0, true
V/D2xx::  ( 3646): Vendor: 0403, Product: 6001
V/D2xx::  ( 3646): Vendor: 0403, Product: 6001
V/D2xx::  ( 3646): Vendor: 0403, Product: 6001
I/wpa_supplicant(  987): P2P-DEVICE-FOUND aa:a6:68:bd:6c:56 p2p_dev_addr=aa:a6:68:bd:6c:56 pri_dev_type=10-0050F204-5 name='6710-C-DS' config_methods=0x188 dev_capab=0x25 group_capab=0x0
W/wpa_supplicant(  987): Device is trying to offload WPS Probe Response while not supporting this
W/wpa_supplicant(  987): Device is trying to offload P2P Probe Response while not supporting this
D/WifiMonitor(  813): Event [P2P-DEVICE-FOUND aa:a6:68:bd:6c:56 p2p_dev_addr=aa:a6:68:bd:6c:56 pri_dev_type=10-0050F204-5 name='6710-C-DS' config_methods=0x188 dev_capab=0x25 group_capab=0x0]
V/D2xx::  ( 3646): Vendor: 0403, Product: 6001
D/WifiDirect( 3646): broadcast: peers changed
E/WifiBroadcastReceiver( 3533): onReceive action android.net.wifi.p2p.PEERS_CHANGED
V/D2xx::  ( 3646): Vendor: 0403, Product: 6001
V/WifiDirect( 3646): peers found: 1
V/WifiDirect( 3646):     peer: aa:a6:68:bd:6c:56 6710-C-DS
D/WifiP2pService(  813): GroupCreatedState{ when=-1ms what=147477 obj=Device: 6710-C-DS
D/WifiP2pService(  813):  deviceAddress: aa:a6:68:bd:6c:56
D/WifiP2pService(  813):  primary type: 10-0050F204-5
D/WifiP2pService(  813):  secondary type: null
D/WifiP2pService(  813):  wps: 392
D/WifiP2pService(  813):  grpcapab: 0
D/WifiP2pService(  813):  devcapab: 37
D/WifiP2pService(  813):  status: 3
D/WifiP2pService(  813):  wfdInfo: null target=com.android.internal.util.StateMachine$SmHandler }  << P2P_DEVICE_FOUND_EVENT
D/WifiP2pService(  813): P2pEnabledState{ when=-2ms what=147477 obj=Device: 6710-C-DS
D/WifiP2pService(  813):  deviceAddress: aa:a6:68:bd:6c:56
D/WifiP2pService(  813):  primary type: 10-0050F204-5
D/WifiP2pService(  813):  secondary type: null
D/WifiP2pService(  813):  wps: 392
D/WifiP2pService(  813):  grpcapab: 0
D/WifiP2pService(  813):  devcapab: 37
D/WifiP2pService(  813):  status: 3
D/WifiP2pService(  813):  wfdInfo: null target=com.android.internal.util.StateMachine$SmHandler }  << P2P_DEVICE_FOUND_EVENT
D/WifiP2pService(  813): GroupCreatedState{ when=-1ms what=139283 arg2=1 target=com.android.internal.util.StateMachine$SmHandler }  > REQUEST_PEERS
D/WifiP2pService(  813): P2pEnabledState{ when=-2ms what=139283 arg2=1 target=com.android.internal.util.StateMachine$SmHandler }  > REQUEST_PEERS
D/WifiP2pService(  813): DefaultState =139283
D/WifiP2pService(  813): GroupCreatedState{ when=-1ms what=139283 arg2=4 target=com.android.internal.util.StateMachine$SmHandler }  > REQUEST_PEERS
D/WifiP2pService(  813): P2pEnabledState{ when=-2ms what=139283 arg2=4 target=com.android.internal.util.StateMachine$SmHandler }  > REQUEST_PEERS
D/WifiP2pService(  813): DefaultState =139283
E/WifiBroadcastReceiver( 3533): WIFI_P2P_PEERS_CHANGED_ACTION changed
V/D2xx::  ( 3646): Vendor: 0403, Product: 6001
D/FTDI_Device::( 3646): open SUCCESS
I/FTDI_Device::( 3646): EP: 0x81
I/FTDI_Device::( 3646): EP: 0x02
D/UsbRequestJNI( 3646): init
D/D2XX::  ( 3646): **********************Device Opened**********************
D/WifiP2pService(  813): GroupCreatedState{ when=0 what=139283 arg2=1 target=com.android.internal.util.StateMachine$SmHandler }  > REQUEST_PEERS
D/WifiP2pService(  813): P2pEnabledState{ when=0 what=139283 arg2=1 target=com.android.internal.util.StateMachine$SmHandler }  > REQUEST_PEERS
D/WifiP2pService(  813): DefaultState =139283
D/LockScreen_KeyguardUpdateMonitor(  974): received broadcast android.intent.action.TIME_TICK
D/LockScreen_DMLockCodeController(  974): canAcceptIntent - can: false
D/LockScreen_CMASAlertController(  974): canAcceptIntent - can: false
D/LockScreen_KeyguardUpdateMonitor(  974): handleTimeUpdate
W/AlarmManager(  813): Alarm triggering: Alarm{42403a98 type 3 android}
D/PowerManagerService(  813): sendPendingNotificationsLocked mSendGoToSleepFinishedNotificationWhenReady = false
E/niejiyong(  974): WeatherService is Running
E/niejiyong(  974): Weather process is Running
I/wpa_supplicant(  987): p2p0: AP-STA-CONNECTED aa:a6:68:bd:6c:56 p2p_dev_addr=aa:a6:68:bd:6c:56
D/WifiMonitor(  813): Event [IFNAME=p2p0 AP-STA-CONNECTED aa:a6:68:bd:6c:56 p2p_dev_addr=aa:a6:68:bd:6c:56]
D/WifiDirect( 3646): broadcast: peers changed
D/WifiController(  813): nick, get p2p connection changed broadcast. state: CONNECTED
D/WifiStateMachine(  813): handleMessage: E msg.what=143371
D/WifiStateMachine(  813): processMsg: DisconnectedState
D/WifiP2pService(  813): GroupCreatedState{ when=0 what=147498 obj=Device: 
D/WifiP2pService(  813):  deviceAddress: aa:a6:68:bd:6c:56
D/WifiP2pService(  813):  primary type: null
D/WifiP2pService(  813):  secondary type: null
D/WifiP2pService(  813):  wps: 0
D/WifiP2pService(  813):  grpcapab: 0
D/WifiP2pService(  813):  devcapab: 0
D/WifiP2pService(  813):  status: 4
D/WifiP2pService(  813):  wfdInfo: null target=com.android.internal.util.StateMachine$SmHandler }  << AP_STA_CONNECTED_EVENT
D/WifiP2pService(  813): GroupCreatedState ap sta connected
D/WifiP2pService(  813): sending p2p connection changed broadcast
D/WifiP2pService(  813): GroupCreatedState{ when=-2ms what=139283 arg2=2 target=com.android.internal.util.StateMachine$SmHandler }  > REQUEST_PEERS
D/WifiP2pService(  813): P2pEnabledState{ when=-2ms what=139283 arg2=2 target=com.android.internal.util.StateMachine$SmHandler }  > REQUEST_PEERS
D/WifiP2pService(  813): DefaultState =139283
D/WifiP2pService(  813): GroupCreatedState{ when=-1ms what=139283 arg2=5 target=com.android.internal.util.StateMachine$SmHandler }  > REQUEST_PEERS
D/WifiP2pService(  813): P2pEnabledState{ when=-1ms what=139283 arg2=5 target=com.android.internal.util.StateMachine$SmHandler }  > REQUEST_PEERS
D/WifiP2pService(  813): DefaultState =139283
E/WifiBroadcastReceiver( 3533): onReceive action android.net.wifi.p2p.PEERS_CHANGED
V/WifiDirect( 3646): peers found: 1
V/WifiDirect( 3646):     peer: aa:a6:68:bd:6c:56 6710-C-DS
E/WifiBroadcastReceiver( 3533): WIFI_P2P_PEERS_CHANGED_ACTION changed
D/WifiDirect( 3646): broadcast: connection changed: connectStatus=GROUP_OWNER networkInfo.state=CONNECTED
V/WifiDirect( 3646): NetworkInfo: NetworkInfo: type: WIFI_P2P[], state: CONNECTED/CONNECTED, reason: (unspecified), extra: (none), roaming: false, failover: false, isAvailable: true, isConnectedToProvisioningNetwork: false, subscription: 0
V/WifiDirect( 3646): WifiP2pInfo: groupFormed: true isGroupOwner: true groupOwnerAddress: /192.168.49.1
V/WifiDirect( 3646): WifiP2pGroup: network: DIRECT-So-6710-C-RC, isGO: true, GO: Device: , deviceAddress: aa:a6:68:d3:1d:03, primary type: null, secondary type: null, wps: 0, grpcapab: 0, devcapab: 0, status: 4, wfdInfo: WFD enabled: falseWFD DeviceInfo: 0, WFD CtrlPort: 0, WFD MaxThroughput: 0, Client: Device: 6710-C-DS, deviceAddress: aa:a6:68:bd:6c:56, primary type: 10-0050F204-5, secondary type: null, wps: 392, grpcapab: 0, devcapab: 37, status: 0, wfdInfo: null, interface: p2p0, networkId: 0
D/WifiStateMachine(  813): processMsg: ConnectModeState
D/WifiStateMachine(  813): processMsg: DriverStartedState
D/WifiStateMachine(  813): processMsg: SupplicantStartedState
D/WifiStateMachine(  813): processMsg: DefaultState
D/WifiStateMachine(  813): handleMessage: X
E/WifiBroadcastReceiver( 3533): onReceive action android.net.wifi.p2p.CONNECTION_STATE_CHANGE
E/WifiBroadcastReceiver( 3533): WIFI_P2P_CONNECTION_CHANGED_ACTION
E/niejiyong(  974): WeatherService is Running
E/niejiyong(  974): Weather process is Running
D/WifiP2pService(  813): GroupCreatedState{ when=-2ms what=139283 arg2=1 target=com.android.internal.util.StateMachine$SmHandler }  > REQUEST_PEERS
D/WifiP2pService(  813): P2pEnabledState{ when=-2ms what=139283 arg2=1 target=com.android.internal.util.StateMachine$SmHandler }  > REQUEST_PEERS
D/WifiP2pService(  813): DefaultState =139283
E/WifiBroadcastReceiver( 3533): network connected
D/haha    ( 1349): mDateTimeReceiver intent::Intent { act=android.intent.action.TIME_TICK flg=0x50000014 (has extras) }
E/niejiyong( 1349): TypeBWeatherWidget :: performUpdate..
E/niejiyong( 1349): TypeBWeatherWidget :: performUpdate..cityLocationId = cityId:351193
D/haha    ( 1349): WeatherWidget update  AmPm=1,  Hour=7,  Minute=47
V/wifiDirect_Service( 3533): Service onStartCommand
E/wifiDirect_Service( 3533): Service onStart
D/WifiP2pService(  813): GroupCreatedState{ when=-2ms what=139285 arg2=1 target=com.android.internal.util.StateMachine$SmHandler }  > REQUEST_CONNECTION_INFO
D/WifiP2pService(  813): P2pEnabledState{ when=-2ms what=139285 arg2=1 target=com.android.internal.util.StateMachine$SmHandler }  > REQUEST_CONNECTION_INFO
D/WifiP2pService(  813): DefaultState =139285
E/wifiDirect_Service( 3533):  startSocketListener,mListenStarted true
E/wifiDirect_Service( 3533):  startSocketListener,mListenStarted true
V/WifiConnectionListen( 3533):  isGroupOwner  : true
V/wifiDirect_Service( 3533): pendingUpdate is true keepUpdateThread is false sListenStarted is true
V/WifiOppProvider( 3533): starting query, database is not null; projection is null; selection is null; selectionArgs is null; sort is _id.
V/WifiOppProvider( 3533): created cursor android.database.sqlite.SQLiteCursor@418fc828 on behalf of 
V/WifiOppNotification( 3533): send message
W/AlarmManager(  813): +++alarm onSendFinished ,action=android.intent.action.TIME_TICK
D/PowerManagerService(  813): sendPendingNotificationsLocked mSendGoToSleepFinishedNotificationWhenReady = false
V/WifiOppNotification( 3533): new notify threadi!
V/wifiDirect_Service( 3533): pendingUpdate is false keepUpdateThread is false sListenStarted is true
V/WifiOppNotification( 3533): send delay message
V/WifiOppNotification( 3533): update too frequent, put in queue
V/WifiOppProvider( 3533): starting query, database is not null; projection is null; selection is (status == '192') AND (visibility IS NULL OR visibility == '0') AND (confirm == '1' OR confirm == '2'); selectionArgs is null; sort is _id.
V/WifiOppProvider( 3533): created cursor android.database.sqlite.SQLiteCursor@418feb80 on behalf of 
E/WifiOppNotification( 3533): content uri : content://com.android.wifi.opp/wifiopp
E/WifiOppNotification( 3533): cursor count : 0
V/WifiOppNotification( 3533): mUpdateCompleteNotification = true
V/WifiOppProvider( 3533): starting query, database is not null; projection is null; selection is status >= '200' AND (visibility IS NULL OR visibility == '0') AND (direction == 0); selectionArgs is null; sort is timestamp DESC.
V/WifiOppProvider( 3533): created cursor android.database.sqlite.SQLiteCursor@41900c50 on behalf of 
V/WifiOppNotification( 3533): outbound: succ-0  fail-0
V/WifiOppNotification( 3533): outbound notification was removed.
V/WifiOppProvider( 3533): starting query, database is not null; projection is null; selection is status >= '200' AND (visibility IS NULL OR visibility == '0') AND (direction == 1); selectionArgs is null; sort is timestamp DESC.
V/WifiOppProvider( 3533): created cursor android.database.sqlite.SQLiteCursor@41902b18 on behalf of 
V/WifiOppNotification( 3533): inbound: succ-0  fail-0
V/WifiOppNotification( 3533): inbound notification was removed.
E/WifiOppNotification( 3533): updateIncomingFileConfirmNotification
V/WifiOppProvider( 3533): starting query, database is not null; projection is null; selection is confirm == '5' AND (visibility IS NULL OR visibility == '0'); selectionArgs is null; sort is _id.
V/WifiOppProvider( 3533): created cursor android.database.sqlite.SQLiteCursor@419043f0 on behalf of 
E/WifiOppNotification( 3533): updateIncomingFileConfirmNotification bp1
E/WifiOppNotification( 3533): updateIncomingFileConfirmNotification bp3
I/dnsmasq ( 3510): DHCPDISCOVER(p2p0) aa:a6:68:bd:6c:56 
I/dnsmasq ( 3510): DHCPOFFER(p2p0) 192.168.49.75 aa:a6:68:bd:6c:56 
I/dnsmasq ( 3510): DHCPREQUEST(p2p0) 192.168.49.75 aa:a6:68:bd:6c:56 
I/dnsmasq ( 3510): DHCPACK(p2p0) 192.168.49.75 aa:a6:68:bd:6c:56 android-fe90fde94603e1b5
V/RobotCore( 3646): Starting up device AL00VVUU
V/RobotCore( 3646): thread: 'r/w loop: Modern Robotics USB DC Motor Controller [AL00VVUU]' starting...
D/RobotCore( 3646): ...arming modern motor controller Modern Robotics USB DC Motor Controller [AL00VVUU] complete
D/dalvikvm( 3646): GC_CONCURRENT freed 1510K, 39% free 6786K/11088K, paused 3ms+3ms, total 52ms
V/RobotCore( 3646): Creating Modern Robotics USB DC Motor Controller [AL00VW5E]
D/RobotCore( 3646): arming modern motor controller Modern Robotics USB DC Motor Controller [AL00VW5E]...
V/D2xx::  ( 3646): Vendor: 0403, Product: 6001
V/D2xx::  ( 3646): Vendor: 0403, Product: 6001
V/D2xx::  ( 3646): Vendor: 0403, Product: 6001
V/D2xx::  ( 3646): Vendor: 0403, Product: 6001
V/D2xx::  ( 3646): Vendor: 0403, Product: 6001
V/D2xx::  ( 3646): Vendor: 0403, Product: 6001
D/FTDI_Device::( 3646): open SUCCESS
I/FTDI_Device::( 3646): EP: 0x81
I/FTDI_Device::( 3646): EP: 0x02
D/UsbRequestJNI( 3646): init
D/D2XX::  ( 3646): **********************Device Opened**********************
V/RobotCore( 3646): Starting up device AL00VW5E
V/RobotCore( 3646): thread: 'r/w loop: Modern Robotics USB DC Motor Controller [AL00VW5E]' starting...
D/RobotCore( 3646): ...arming modern motor controller Modern Robotics USB DC Motor Controller [AL00VW5E] complete
I/RobotCore( 3646): Analytics has completed initialization.
I/RobotCore( 3646): ========= Device Information ===================================================
I/RobotCore( 3646): Type                                               Name                           Connection
I/RobotCore( 3646): DC Motor                                           motor_3                        USB AL00VVUU; port 1
I/RobotCore( 3646): Modern Robotics USB Legacy Module v2.0             Legacy Module 2                USB AL00XROI
I/RobotCore( 3646): DC Motor                                           motor_1                        USB AL00VW5E; port 2
I/RobotCore( 3646): Servo                                              pusher_l                       USB AL00XOKN; port 1
I/RobotCore( 3646): Servo                                              pusher_r                       USB AL00XOKN; port 2
I/RobotCore( 3646): Modern Robotics USB DC Motor Controller v2.0       Motor Controller 6             USB AL00VW5E
I/RobotCore( 3646): DC Motor                                           arm                            USB AL00VS9P; port 2
I/RobotCore( 3646): Modern Robotics USB DC Motor Controller v2.0       Motor Controller 5             USB AL00VVUU
I/RobotCore( 3646): Modern Robotics USB Servo Controller v2.0          Servo Controller 4             USB AL00XOKN
I/RobotCore( 3646): Modern Robotics USB Core Device Interface Module v2.0 Device Interface Module 1      USB AL00VE3C
I/RobotCore( 3646): Modern Robotics USB DC Motor Controller v2.0       Motor Controller 3             USB AL00VS9P
I/RobotCore( 3646): DC Motor                                           motor_4                        USB AL00VVUU; port 2
I/RobotCore( 3646): NXT Ultrasonic Sensor                              ultrasonic                     USB AL00XROI; port 5
I/RobotCore( 3646): NXT Color Sensor                                   beacon_color                   USB AL00XROI; I2C port: 1
I/RobotCore( 3646): Modern Robotics Gyro                               gyro                           USB AL00VE3C; I2C port: 0
I/RobotCore( 3646): DC Motor                                           arm2                           USB AL00VS9P; port 1
I/RobotCore( 3646): DC Motor                                           motor_2                        USB AL00VW5E; port 1
I/RobotCore( 3646): NXT Color Sensor                                   line_light                     USB AL00XROI; I2C port: 2
I/FIRST   ( 3646): ======= INIT FINISH =======
V/RobotCore( 3646): EventLoopManager state is RUNNING
V/RobotCore( 3646): Robot Status: running, starting robot
V/RobotCore( 3646): Robot Status: running
E/MediaPlayer-JNI( 3646): QCMediaPlayer mediaplayer NOT present
V/RobotCore( 3646): thread: ...terminating 'RobotSetupRunnable.run()'
V/RobotCore( 3646): thread: 'opmode loop()' starting...
D/Sonivox (  260): file[-1211235624]: EAS_HWOpenFile ---->. mDrmManagerClient[0], mDrmBufOffset[0], mDrmBufSize[0], mDrmBuf[0]
D/Sonivox (  260): wangchong: path is NULL
D/PRDrmPlugIn(  259): PRDrmPlugin::onInitialize, uniqueId = 4278
D/PRDrmPlugIn(  259): PRDrmPlugin::onSetOnInfoListener: starts! uniqueId = 4278
D/PRDrmPlugIn(  259): PRDrmPlugin::onSetOnInfoListener: ends!
D/Sonivox (  260): [qwu ]FileSource::canHandle()begin 
D/Sonivox (  260): [qwu ]FileSource::canHandle()end 
D/Sonivox (  260): [qwu ]FileSource::canHandle() OK 
D/Sonivox (  260): [qwu ]FileSource::canHandle() failed 
D/PRDrmPlugIn(  259): PRDrmPlugin::onTerminate, uniqueId = 4278
D/Sonivox (  260): file[-1211235624]: EAS_HWOpenFile <----. mDrmManagerClient[0], mDrmBufOffset[0], mDrmBufSize[0], mDrmBuf[0]
D/Sonivox (  260): file[-1211235624]: EAS_HWCloseFile ---->. mDrmManagerClient[0], mDrmBufOffset[0], mDrmBufSize[0], mDrmBuf[0]
D/Sonivox (  260): file[-1211235624]: EAS_HWCloseFile <----. mDrmManagerClient[0], mDrmBufOffset[0], mDrmBufSize[0], mDrmBuf[0]
I/ExtendedUtils(  260): AV Sync late margin : Intended=40ms Using=0ms
D/Utils   (  260): printFileName fd(30) -> /data/app/com.qualcomm.ftcrobotcontroller-1.apk
D/RobotCore( 3646): system telemetry: key=$System$None$ msg=""
W/AwContents( 3646): nativeOnDraw failed; clearing to background color.
D/PRDrmPlugIn(  259): PRDrmPlugin::onInitialize, uniqueId = 7769
D/PRDrmPlugIn(  259): PRDrmPlugin::onSetOnInfoListener: starts! uniqueId = 7769
D/PRDrmPlugIn(  259): PRDrmPlugin::onSetOnInfoListener: ends!
D/PRDrmPlugIn(  259): PRDrmPlugin::onTerminate, uniqueId = 7769
D/ExtendedUtils(  260): extended extractor not needed, return default
D/AudioPolicyManager(  260): copl: isOffloadSupported: SR=8000, CM=0x0, Format=0x17000001, StreamType=3, BitRate=4294967295, duration=1019125 us, has_video=0
D/AudioPolicyManager(  260): copl: PCM offload disabled by property audio.offload.pcm.enable
I/AwesomePlayer(  260): Could not offload audio decode, try pcm offload
D/AudioPolicyManager(  260): copl: isOffloadSupported: SR=8000, CM=0x0, Format=0x17000001, StreamType=3, BitRate=4294967295, duration=1019125 us, has_video=0
D/AudioPolicyManager(  260): copl: PCM offload disabled by property audio.offload.pcm.enable
W/MediaPlayer( 3646): mediaplayer went away with unhandled events
W/MediaPlayer( 3646): mediaplayer went away with unhandled events
D/Sonivox (  260): file[-1211235624]: EAS_HWOpenFile ---->. mDrmManagerClient[0], mDrmBufOffset[0], mDrmBufSize[0], mDrmBuf[0]
D/Sonivox (  260): wangchong: path is NULL
D/PRDrmPlugIn(  259): PRDrmPlugin::onInitialize, uniqueId = 6431
D/PRDrmPlugIn(  259): PRDrmPlugin::onSetOnInfoListener: starts! uniqueId = 6431
D/PRDrmPlugIn(  259): PRDrmPlugin::onSetOnInfoListener: ends!
D/Sonivox (  260): [qwu ]FileSource::canHandle()begin 
D/Sonivox (  260): [qwu ]FileSource::canHandle()end 
E/WifiConnectionListen( 3533): Client ipString :192.168.49.75 aa:a6:68:bd:6c:56
E/WifiConnectionListen( 3533): arrays[0]  :192.168.49.75 arrays[1]:aa:a6:68:bd:6c:56
E/WifiConnectionListen( 3533): udpServerSocket.receive(udpPacket)
D/Sonivox (  260): [qwu ]FileSource::canHandle() OK 
D/Sonivox (  260): [qwu ]FileSource::canHandle() failed 
D/PRDrmPlugIn(  259): PRDrmPlugin::onTerminate, uniqueId = 6431
D/Sonivox (  260): file[-1211235624]: EAS_HWOpenFile <----. mDrmManagerClient[0], mDrmBufOffset[0], mDrmBufSize[0], mDrmBuf[0]
D/Sonivox (  260): file[-1211235624]: EAS_HWCloseFile ---->. mDrmManagerClient[0], mDrmBufOffset[0], mDrmBufSize[0], mDrmBuf[0]
D/Sonivox (  260): file[-1211235624]: EAS_HWCloseFile <----. mDrmManagerClient[0], mDrmBufOffset[0], mDrmBufSize[0], mDrmBuf[0]
I/ExtendedUtils(  260): AV Sync late margin : Intended=40ms Using=0ms
D/Utils   (  260): printFileName fd(31) -> /data/app/com.qualcomm.ftcrobotcontroller-1.apk
D/PRDrmPlugIn(  259): PRDrmPlugin::onInitialize, uniqueId = 7396
D/PRDrmPlugIn(  259): PRDrmPlugin::onSetOnInfoListener: starts! uniqueId = 7396
D/PRDrmPlugIn(  259): PRDrmPlugin::onSetOnInfoListener: ends!
D/PRDrmPlugIn(  259): PRDrmPlugin::onTerminate, uniqueId = 7396
D/ExtendedUtils(  260): extended extractor not needed, return default
D/AudioPolicyManager(  260): copl: isOffloadSupported: SR=8000, CM=0x0, Format=0x17000001, StreamType=-1, BitRate=4294967295, duration=1019125 us, has_video=0
D/AudioPolicyManager(  260): copl: isOffloadSupported: stream_type != MUSIC, returning false
I/AwesomePlayer(  260): Could not offload audio decode, try pcm offload
D/AudioPolicyManager(  260): copl: isOffloadSupported: SR=8000, CM=0x0, Format=0x17000001, StreamType=-1, BitRate=4294967295, duration=1019125 us, has_video=0
D/AudioPolicyManager(  260): copl: isOffloadSupported: stream_type != MUSIC, returning false
D/AudioPlayer(  260): start of Playback, useOffload 0
D/PowerManagerService(  813): sendPendingNotificationsLocked mSendGoToSleepFinishedNotificationWhenReady = false
D/dalvikvm( 3646): GC_CONCURRENT freed 1718K, 37% free 7029K/11088K, paused 2ms+5ms, total 32ms
D/AudioPlayer(  260): Pause Playback at 0
D/AudioPlayer(  260): reset: mPlaying=0 mReachedEOS=1 useOffload=0
D/PowerManagerService(  813): sendPendingNotificationsLocked mSendGoToSleepFinishedNotificationWhenReady = false
D/AudioPolicyManager(  260):  getOutput() device 2, stream 3, samplingRate 0, format 0, channelMask 3, flags 0 
D/AudioPolicyManager(  260): getOutput() returns output 2
D/AudioPolicyManager(  260):  getOutput() device 2, stream 3, samplingRate 0, format 0, channelMask 3, flags 0 
D/AudioPolicyManager(  260): getOutput() returns output 2
D/AudioPolicyManager(  260):  getOutput() device 2, stream 3, samplingRate 8000, format 1, channelMask 1, flags 4 
D/AudioPolicyManager(  260): getOutput() returns output 3
D/AudioFlinger(  260): start(4098), calling pid 3646 session 19
D/AudioFlinger(  260): ? => ACTIVE (4098) on thread 0xb7cc6218
D/AudioPolicyManagerBase(  260): startOutput() output 3, stream 3, session 19
D/audio_hw_primary(  260): start_output_stream: enter: stream(0xb7cb7988)usecase(1: low-latency-playback) devices(0x2)
D/audio_hw_primary(  260): select_devices: out_snd_device(2: speaker) in_snd_device(0: )
D/hardware_info(  260): hw_info_append_hw_type : device_name = speaker
I/listen_hal_loader(  260): audio_extn_listen_update_device_status(): device 0x2 of type 0 for Event 1, with Raise=0
D/ACDB-LOADER(  260): ACDB -> send_audio_cal, acdb_id = 14, path =  0
D/ACDB-LOADER(  260): ACDB -> send_adm_topology
D/ACDB-LOADER(  260): ACDB -> ACDB_CMD_GET_AUDPROC_COMMON_TOPOLOGY_ID
D/ACDB-LOADER(  260): ACDB -> send_asm_topology
D/ACDB-LOADER(  260): ACDB -> ACDB_CMD_GET_AUDPROC_STREAM_TOPOLOGY_ID
D/ACDB-LOADER(  260): ACDB -> send_audtable
D/ACDB-LOADER(  260): ACDB -> ACDB_CMD_GET_AUDPROC_COMMON_TABLE
D/ACDB-LOADER(  260): ACDB -> AUDIO_SET_AUDPROC_CAL
D/ACDB-LOADER(  260): ACDB -> send_audvoltable
D/ACDB-LOADER(  260): ACDB -> ACDB_CMD_GET_AUDPROC_GAIN_DEP_STEP_TABLE
D/ACDB-LOADER(  260): ACDB -> AUDIO_SET_AUDPROC_VOL_CAL
D/ACDB-LOADER(  260): ACDB -> send_afe_cal
D/ACDB-LOADER(  260): ACDB -> ACDB_CMD_GET_AFE_COMMON_TABLE
D/ACDB-LOADER(  260): ACDB -> AUDIO_SET_AFE_CAL
D/PowerManagerService(  813): sendPendingNotificationsLocked mSendGoToSleepFinishedNotificationWhenReady = false
I/listen_hal_loader(  260): audio_extn_listen_update_stream_status(): uc_id 1 of type 0 for Event 3, with Raise=0
D/audio_hw_primary(  260): select_devices: done
D/ACDB-LOADER(  260): ACDB -> send_audio_cal, acdb_id = 14, path =  0
D/ACDB-LOADER(  260): ACDB -> send_adm_topology
D/ACDB-LOADER(  260): ACDB -> ACDB_CMD_GET_AUDPROC_COMMON_TOPOLOGY_ID
D/ACDB-LOADER(  260): ACDB -> send_asm_topology
D/ACDB-LOADER(  260): ACDB -> ACDB_CMD_GET_AUDPROC_STREAM_TOPOLOGY_ID
D/ACDB-LOADER(  260): ACDB -> send_audtable
D/ACDB-LOADER(  260): ACDB -> ACDB_CMD_GET_AUDPROC_COMMON_TABLE
D/ACDB-LOADER(  260): ACDB -> AUDIO_SET_AUDPROC_CAL
D/ACDB-LOADER(  260): ACDB -> send_audvoltable
D/ACDB-LOADER(  260): ACDB -> ACDB_CMD_GET_AUDPROC_GAIN_DEP_STEP_TABLE
D/ACDB-LOADER(  260): ACDB -> AUDIO_SET_AUDPROC_VOL_CAL
D/ACDB-LOADER(  260): ACDB -> send_afe_cal
D/ACDB-LOADER(  260): ACDB -> ACDB_CMD_GET_AFE_COMMON_TABLE
D/ACDB-LOADER(  260): ACDB -> AUDIO_SET_AFE_CAL
I/RobotCore( 3646): Attempting to switch to op mode $Stop$Robot$
V/PeerDiscovery( 3646): new remote peer discovered: 192.168.49.75
D/Robocol ( 3646): RobocolDatagramSocket connected to /192.168.49.75:20884
V/NetworkConnectionHandler( 3646): starting sending loop
V/Robocol ( 3646): SendOnceRunnable created
V/RobotCore( 3646): Network: active, connected
E/MediaPlayer-JNI( 3646): QCMediaPlayer mediaplayer NOT present
D/Sonivox (  260): file[-1211235624]: EAS_HWOpenFile ---->. mDrmManagerClient[0], mDrmBufOffset[0], mDrmBufSize[0], mDrmBuf[0]
D/Sonivox (  260): wangchong: path is NULL
D/PRDrmPlugIn(  259): PRDrmPlugin::onInitialize, uniqueId = 5538
D/PRDrmPlugIn(  259): PRDrmPlugin::onSetOnInfoListener: starts! uniqueId = 5538
D/PRDrmPlugIn(  259): PRDrmPlugin::onSetOnInfoListener: ends!
D/Sonivox (  260): [qwu ]FileSource::canHandle()begin 
D/Sonivox (  260): [qwu ]FileSource::canHandle()end 
D/Sonivox (  260): [qwu ]FileSource::canHandle() OK 
D/Sonivox (  260): [qwu ]FileSource::canHandle() failed 
D/PRDrmPlugIn(  259): PRDrmPlugin::onTerminate, uniqueId = 5538
D/Sonivox (  260): file[-1211235624]: EAS_HWOpenFile <----. mDrmManagerClient[0], mDrmBufOffset[0], mDrmBufSize[0], mDrmBuf[0]
D/Sonivox (  260): file[-1211235624]: EAS_HWCloseFile ---->. mDrmManagerClient[0], mDrmBufOffset[0], mDrmBufSize[0], mDrmBuf[0]
D/Sonivox (  260): file[-1211235624]: EAS_HWCloseFile <----. mDrmManagerClient[0], mDrmBufOffset[0], mDrmBufSize[0], mDrmBuf[0]
I/ExtendedUtils(  260): AV Sync late margin : Intended=40ms Using=0ms
D/Utils   (  260): printFileName fd(37) -> /data/app/com.qualcomm.ftcrobotcontroller-1.apk
D/PRDrmPlugIn(  259): PRDrmPlugin::onInitialize, uniqueId = 6616
D/PRDrmPlugIn(  259): PRDrmPlugin::onSetOnInfoListener: starts! uniqueId = 6616
D/PRDrmPlugIn(  259): PRDrmPlugin::onSetOnInfoListener: ends!
D/PRDrmPlugIn(  259): PRDrmPlugin::onTerminate, uniqueId = 6616
D/ExtendedUtils(  260): extended extractor not needed, return default
D/AudioPolicyManager(  260): copl: isOffloadSupported: SR=44100, CM=0x0, Format=0x17000001, StreamType=3, BitRate=4294967295, duration=485011 us, has_video=0
D/AudioPolicyManager(  260): copl: PCM offload disabled by property audio.offload.pcm.enable
I/AwesomePlayer(  260): Could not offload audio decode, try pcm offload
D/AudioPolicyManager(  260): copl: isOffloadSupported: SR=44100, CM=0x0, Format=0x17000001, StreamType=3, BitRate=4294967295, duration=485011 us, has_video=0
D/AudioPolicyManager(  260): copl: PCM offload disabled by property audio.offload.pcm.enable
E/MediaPlayer( 3646): Should have subtitle controller already set
D/Sonivox (  260): file[-1211235624]: EAS_HWOpenFile ---->. mDrmManagerClient[0], mDrmBufOffset[0], mDrmBufSize[0], mDrmBuf[0]
D/Sonivox (  260): wangchong: path is NULL
D/PRDrmPlugIn(  259): PRDrmPlugin::onInitialize, uniqueId = 7112
D/PRDrmPlugIn(  259): PRDrmPlugin::onSetOnInfoListener: starts! uniqueId = 7112
D/PRDrmPlugIn(  259): PRDrmPlugin::onSetOnInfoListener: ends!
D/Sonivox (  260): [qwu ]FileSource::canHandle()begin 
D/Sonivox (  260): [qwu ]FileSource::canHandle()end 
D/Sonivox (  260): [qwu ]FileSource::canHandle() OK 
D/Sonivox (  260): [qwu ]FileSource::canHandle() failed 
D/PRDrmPlugIn(  259): PRDrmPlugin::onTerminate, uniqueId = 7112
D/Sonivox (  260): file[-1211235624]: EAS_HWOpenFile <----. mDrmManagerClient[0], mDrmBufOffset[0], mDrmBufSize[0], mDrmBuf[0]
D/Sonivox (  260): file[-1211235624]: EAS_HWCloseFile ---->. mDrmManagerClient[0], mDrmBufOffset[0], mDrmBufSize[0], mDrmBuf[0]
D/Sonivox (  260): file[-1211235624]: EAS_HWCloseFile <----. mDrmManagerClient[0], mDrmBufOffset[0], mDrmBufSize[0], mDrmBuf[0]
I/ExtendedUtils(  260): AV Sync late margin : Intended=40ms Using=0ms
D/Utils   (  260): printFileName fd(38) -> /data/app/com.qualcomm.ftcrobotcontroller-1.apk
D/PRDrmPlugIn(  259): PRDrmPlugin::onInitialize, uniqueId = 5834
D/PRDrmPlugIn(  259): PRDrmPlugin::onSetOnInfoListener: starts! uniqueId = 5834
D/PRDrmPlugIn(  259): PRDrmPlugin::onSetOnInfoListener: ends!
D/PRDrmPlugIn(  259): PRDrmPlugin::onTerminate, uniqueId = 5834
D/ExtendedUtils(  260): extended extractor not needed, return default
D/AudioPolicyManager(  260): copl: isOffloadSupported: SR=44100, CM=0x0, Format=0x17000001, StreamType=-1, BitRate=4294967295, duration=485011 us, has_video=0
D/AudioPolicyManager(  260): copl: isOffloadSupported: stream_type != MUSIC, returning false
I/AwesomePlayer(  260): Could not offload audio decode, try pcm offload
D/AudioPolicyManager(  260): copl: isOffloadSupported: SR=44100, CM=0x0, Format=0x17000001, StreamType=-1, BitRate=4294967295, duration=485011 us, has_video=0
D/AudioPolicyManager(  260): copl: isOffloadSupported: stream_type != MUSIC, returning false
D/AudioPlayer(  260): start of Playback, useOffload 0
D/AudioPlayer(  260): Pause Playback at 371519
D/AudioPlayer(  260): reset: mPlaying=0 mReachedEOS=1 useOffload=0
V/Robocol ( 3646): received command: CMD_REQUEST_OP_MODE_LIST(10005) 
V/Robocol ( 3646): received command: CMD_REQUEST_ACTIVE_CONFIGURATION(10006) 
