D/WifiMonitor(  813): Event [IFNAME=wlan0 CTRL-EVENT-BSS-REMOVED 19 d8:c7:c8:84:2c:c2]
W/WifiMonitor(  813): <<<<<tokens[0]= CTRL-EVENT-BSS-REMOVED
D/Ulp_jni (  813): Location CB invoked
D/PowerManagerService(  813): sendPendingNotificationsLocked mSendGoToSleepFinishedNotificationWhenReady = false
D/PowerManagerService(  813): sendPendingNotificationsLocked mSendGoToSleepFinishedNotificationWhenReady = false
D/PowerManagerService(  813): sendPendingNotificationsLocked mSendGoToSleepFinishedNotificationWhenReady = false
D/PowerManagerService(  813): sendPendingNotificationsLocked mSendGoToSleepFinishedNotificationWhenReady = false
D/PowerManagerService(  813): sendPendingNotificationsLocked mSendGoToSleepFinishedNotificationWhenReady = false
D/PowerManagerService(  813): sendPendingNotificationsLocked mSendGoToSleepFinishedNotificationWhenReady = false
D/PowerManagerService(  813): sendPendingNotificationsLocked mSendGoToSleepFinishedNotificationWhenReady = false
D/PowerManagerService(  813): sendPendingNotificationsLocked mSendGoToSleepFinishedNotificationWhenReady = false
D/PowerManagerService(  813): sendPendingNotificationsLocked mSendGoToSleepFinishedNotificationWhenReady = false
D/PowerManagerService(  813): sendPendingNotificationsLocked mSendGoToSleepFinishedNotificationWhenReady = false
D/PowerManagerService(  813): sendPendingNotificationsLocked mSendGoToSleepFinishedNotificationWhenReady = false
D/PowerManagerService(  813): sendPendingNotificationsLocked mSendGoToSleepFinishedNotificationWhenReady = false
D/PowerManagerService(  813): sendPendingNotificationsLocked mSendGoToSleepFinishedNotificationWhenReady = false
D/PowerManagerService(  813): sendPendingNotificationsLocked mSendGoToSleepFinishedNotificationWhenReady = false
D/PowerManagerService(  813): sendPendingNotificationsLocked mSendGoToSleepFinishedNotificationWhenReady = false
D/PowerManagerService(  813): sendPendingNotificationsLocked mSendGoToSleepFinishedNotificationWhenReady = false
D/PowerManagerService(  813): sendPendingNotificationsLocked mSendGoToSleepFinishedNotificationWhenReady = false
D/PowerManagerService(  813): sendPendingNotificationsLocked mSendGoToSleepFinishedNotificationWhenReady = false
D/PowerManagerService(  813): sendPendingNotificationsLocked mSendGoToSleepFinishedNotificationWhenReady = false
D/PowerManagerService(  813): sendPendingNotificationsLocked mSendGoToSleepFinishedNotificationWhenReady = false
D/PowerManagerService(  813): sendPendingNotificationsLocked mSendGoToSleepFinishedNotificationWhenReady = false
D/PowerManagerService(  813): sendPendingNotificationsLocked mSendGoToSleepFinishedNotificationWhenReady = false
D/PowerManagerService(  813): sendPendingNotificationsLocked mSendGoToSleepFinishedNotificationWhenReady = false
W/ctxmgr  ( 1111): [ContextSpecificAclFactory]LocationConsent failed, ULR opt-in status is: false, account#-395797278#
W/ctxmgr  ( 1111): [AclManager]No 2 for (accnt=account#-395797278#, com.google.android.gms(10012):UserLocationProducer, vrsn=9877000, 0, 3pPkg = null ,  3pMdlId = null). Was: 2 for 1, account#-395797278#
D/PowerManagerService(  813): sendPendingNotificationsLocked mSendGoToSleepFinishedNotificationWhenReady = false
D/Ulp_jni (  813): Location CB invoked
D/PowerManagerService(  813): sendPendingNotificationsLocked mSendGoToSleepFinishedNotificationWhenReady = false
D/PowerManagerService(  813): sendPendingNotificationsLocked mSendGoToSleepFinishedNotificationWhenReady = false
D/PowerManagerService(  813): sendPendingNotificationsLocked mSendGoToSleepFinishedNotificationWhenReady = false
D/PowerManagerService(  813): sendPendingNotificationsLocked mSendGoToSleepFinishedNotificationWhenReady = false
D/PowerManagerService(  813): sendPendingNotificationsLocked mSendGoToSleepFinishedNotificationWhenReady = false
D/PowerManagerService(  813): sendPendingNotificationsLocked mSendGoToSleepFinishedNotificationWhenReady = false
D/PowerManagerService(  813): sendPendingNotificationsLocked mSendGoToSleepFinishedNotificationWhenReady = false
D/PowerManagerService(  813): sendPendingNotificationsLocked mSendGoToSleepFinishedNotificationWhenReady = false
D/PowerManagerService(  813): sendPendingNotificationsLocked mSendGoToSleepFinishedNotificationWhenReady = false
D/PowerManagerService(  813): sendPendingNotificationsLocked mSendGoToSleepFinishedNotificationWhenReady = false
D/PowerManagerService(  813): sendPendingNotificationsLocked mSendGoToSleepFinishedNotificationWhenReady = false
D/PowerManagerService(  813): sendPendingNotificationsLocked mSendGoToSleepFinishedNotificationWhenReady = false
D/PowerManagerService(  813): sendPendingNotificationsLocked mSendGoToSleepFinishedNotificationWhenReady = false
D/PowerManagerService(  813): sendPendingNotificationsLocked mSendGoToSleepFinishedNotificationWhenReady = false
D/PowerManagerService(  813): sendPendingNotificationsLocked mSendGoToSleepFinishedNotificationWhenReady = false
D/PowerManagerService(  813): sendPendingNotificationsLocked mSendGoToSleepFinishedNotificationWhenReady = false
D/PowerManagerService(  813): sendPendingNotificationsLocked mSendGoToSleepFinishedNotificationWhenReady = false
D/PowerManagerService(  813): sendPendingNotificationsLocked mSendGoToSleepFinishedNotificationWhenReady = false
D/PowerManagerService(  813): sendPendingNotificationsLocked mSendGoToSleepFinishedNotificationWhenReady = false
D/PowerManagerService(  813): sendPendingNotificationsLocked mSendGoToSleepFinishedNotificationWhenReady = false
D/PowerManagerService(  813): sendPendingNotificationsLocked mSendGoToSleepFinishedNotificationWhenReady = false
D/PowerManagerService(  813): sendPendingNotificationsLocked mSendGoToSleepFinishedNotificationWhenReady = false
D/PowerManagerService(  813): sendPendingNotificationsLocked mSendGoToSleepFinishedNotificationWhenReady = false
W/ctxmgr  ( 1111): [ContextSpecificAclFactory]LocationConsent failed, ULR opt-in status is: false, account#-395797278#
W/ctxmgr  ( 1111): [AclManager]No 2 for (accnt=account#-395797278#, com.google.android.gms(10012):UserLocationProducer, vrsn=9877000, 0, 3pPkg = null ,  3pMdlId = null). Was: 2 for 1, account#-395797278#
D/PowerManagerService(  813): sendPendingNotificationsLocked mSendGoToSleepFinishedNotificationWhenReady = false
D/Ulp_jni (  813): Location CB invoked
D/PowerManagerService(  813): sendPendingNotificationsLocked mSendGoToSleepFinishedNotificationWhenReady = false
D/PowerManagerService(  813): sendPendingNotificationsLocked mSendGoToSleepFinishedNotificationWhenReady = false
D/PowerManagerService(  813): sendPendingNotificationsLocked mSendGoToSleepFinishedNotificationWhenReady = false
D/PowerManagerService(  813): sendPendingNotificationsLocked mSendGoToSleepFinishedNotificationWhenReady = false
D/PowerManagerService(  813): sendPendingNotificationsLocked mSendGoToSleepFinishedNotificationWhenReady = false
D/PowerManagerService(  813): sendPendingNotificationsLocked mSendGoToSleepFinishedNotificationWhenReady = false
D/PowerManagerService(  813): sendPendingNotificationsLocked mSendGoToSleepFinishedNotificationWhenReady = false
D/PowerManagerService(  813): sendPendingNotificationsLocked mSendGoToSleepFinishedNotificationWhenReady = false
D/PowerManagerService(  813): sendPendingNotificationsLocked mSendGoToSleepFinishedNotificationWhenReady = false
D/PowerManagerService(  813): sendPendingNotificationsLocked mSendGoToSleepFinishedNotificationWhenReady = false
D/PowerManagerService(  813): sendPendingNotificationsLocked mSendGoToSleepFinishedNotificationWhenReady = false
D/PowerManagerService(  813): sendPendingNotificationsLocked mSendGoToSleepFinishedNotificationWhenReady = false
D/PowerManagerService(  813): sendPendingNotificationsLocked mSendGoToSleepFinishedNotificationWhenReady = false
D/PowerManagerService(  813): sendPendingNotificationsLocked mSendGoToSleepFinishedNotificationWhenReady = false
D/PowerManagerService(  813): sendPendingNotificationsLocked mSendGoToSleepFinishedNotificationWhenReady = false
D/PowerManagerService(  813): sendPendingNotificationsLocked mSendGoToSleepFinishedNotificationWhenReady = false
D/PowerManagerService(  813): sendPendingNotificationsLocked mSendGoToSleepFinishedNotificationWhenReady = false
D/PowerManagerService(  813): sendPendingNotificationsLocked mSendGoToSleepFinishedNotificationWhenReady = false
D/PowerManagerService(  813): sendPendingNotificationsLocked mSendGoToSleepFinishedNotificationWhenReady = false
D/PowerManagerService(  813): sendPendingNotificationsLocked mSendGoToSleepFinishedNotificationWhenReady = false
D/PowerManagerService(  813): sendPendingNotificationsLocked mSendGoToSleepFinishedNotificationWhenReady = false
D/PowerManagerService(  813): sendPendingNotificationsLocked mSendGoToSleepFinishedNotificationWhenReady = false
D/PowerManagerService(  813): sendPendingNotificationsLocked mSendGoToSleepFinishedNotificationWhenReady = false
W/ctxmgr  ( 1111): [ContextSpecificAclFactory]LocationConsent failed, ULR opt-in status is: false, account#-395797278#
W/ctxmgr  ( 1111): [AclManager]No 2 for (accnt=account#-395797278#, com.google.android.gms(10012):UserLocationProducer, vrsn=9877000, 0, 3pPkg = null ,  3pMdlId = null). Was: 2 for 1, account#-395797278#
D/PowerManagerService(  813): sendPendingNotificationsLocked mSendGoToSleepFinishedNotificationWhenReady = false
D/DisplayPowerController(  813): updateAmbientLux:  mLightSensorListener lux is 19.0
D/DisplayPowerController(  813): updateAmbientLux:  mLightSensorListener lux is 20.0
D/Ulp_jni (  813): Location CB invoked
D/PowerManagerService(  813): sendPendingNotificationsLocked mSendGoToSleepFinishedNotificationWhenReady = false
D/PowerManagerService(  813): sendPendingNotificationsLocked mSendGoToSleepFinishedNotificationWhenReady = false
D/PowerManagerService(  813): sendPendingNotificationsLocked mSendGoToSleepFinishedNotificationWhenReady = false
D/PowerManagerService(  813): sendPendingNotificationsLocked mSendGoToSleepFinishedNotificationWhenReady = false
D/PowerManagerService(  813): sendPendingNotificationsLocked mSendGoToSleepFinishedNotificationWhenReady = false
D/PowerManagerService(  813): sendPendingNotificationsLocked mSendGoToSleepFinishedNotificationWhenReady = false
D/PowerManagerService(  813): sendPendingNotificationsLocked mSendGoToSleepFinishedNotificationWhenReady = false
D/PowerManagerService(  813): sendPendingNotificationsLocked mSendGoToSleepFinishedNotificationWhenReady = false
D/PowerManagerService(  813): sendPendingNotificationsLocked mSendGoToSleepFinishedNotificationWhenReady = false
D/PowerManagerService(  813): sendPendingNotificationsLocked mSendGoToSleepFinishedNotificationWhenReady = false
D/PowerManagerService(  813): sendPendingNotificationsLocked mSendGoToSleepFinishedNotificationWhenReady = false
D/PowerManagerService(  813): sendPendingNotificationsLocked mSendGoToSleepFinishedNotificationWhenReady = false
D/PowerManagerService(  813): sendPendingNotificationsLocked mSendGoToSleepFinishedNotificationWhenReady = false
D/PowerManagerService(  813): sendPendingNotificationsLocked mSendGoToSleepFinishedNotificationWhenReady = false
D/PowerManagerService(  813): sendPendingNotificationsLocked mSendGoToSleepFinishedNotificationWhenReady = false
D/PowerManagerService(  813): sendPendingNotificationsLocked mSendGoToSleepFinishedNotificationWhenReady = false
D/PowerManagerService(  813): sendPendingNotificationsLocked mSendGoToSleepFinishedNotificationWhenReady = false
D/PowerManagerService(  813): sendPendingNotificationsLocked mSendGoToSleepFinishedNotificationWhenReady = false
D/PowerManagerService(  813): sendPendingNotificationsLocked mSendGoToSleepFinishedNotificationWhenReady = false
D/PowerManagerService(  813): sendPendingNotificationsLocked mSendGoToSleepFinishedNotificationWhenReady = false
D/PowerManagerService(  813): sendPendingNotificationsLocked mSendGoToSleepFinishedNotificationWhenReady = false
D/PowerManagerService(  813): sendPendingNotificationsLocked mSendGoToSleepFinishedNotificationWhenReady = false
D/PowerManagerService(  813): sendPendingNotificationsLocked mSendGoToSleepFinishedNotificationWhenReady = false
W/ctxmgr  ( 1111): [ContextSpecificAclFactory]LocationConsent failed, ULR opt-in status is: false, account#-395797278#
W/ctxmgr  ( 1111): [AclManager]No 2 for (accnt=account#-395797278#, com.google.android.gms(10012):UserLocationProducer, vrsn=9877000, 0, 3pPkg = null ,  3pMdlId = null). Was: 2 for 1, account#-395797278#
D/PowerManagerService(  813): sendPendingNotificationsLocked mSendGoToSleepFinishedNotificationWhenReady = false
D/DisplayPowerController(  813): updateAmbientLux:  mLightSensorListener lux is 19.0
D/DisplayPowerController(  813): updateAmbientLux:  mLightSensorListener lux is 20.0
D/Ulp_jni (  813): Location CB invoked
D/PowerManagerService(  813): sendPendingNotificationsLocked mSendGoToSleepFinishedNotificationWhenReady = false
D/PowerManagerService(  813): sendPendingNotificationsLocked mSendGoToSleepFinishedNotificationWhenReady = false
D/PowerManagerService(  813): sendPendingNotificationsLocked mSendGoToSleepFinishedNotificationWhenReady = false
D/PowerManagerService(  813): sendPendingNotificationsLocked mSendGoToSleepFinishedNotificationWhenReady = false
D/PowerManagerService(  813): sendPendingNotificationsLocked mSendGoToSleepFinishedNotificationWhenReady = false
D/PowerManagerService(  813): sendPendingNotificationsLocked mSendGoToSleepFinishedNotificationWhenReady = false
D/PowerManagerService(  813): sendPendingNotificationsLocked mSendGoToSleepFinishedNotificationWhenReady = false
D/PowerManagerService(  813): sendPendingNotificationsLocked mSendGoToSleepFinishedNotificationWhenReady = false
D/PowerManagerService(  813): sendPendingNotificationsLocked mSendGoToSleepFinishedNotificationWhenReady = false
D/PowerManagerService(  813): sendPendingNotificationsLocked mSendGoToSleepFinishedNotificationWhenReady = false
D/PowerManagerService(  813): sendPendingNotificationsLocked mSendGoToSleepFinishedNotificationWhenReady = false
D/PowerManagerService(  813): sendPendingNotificationsLocked mSendGoToSleepFinishedNotificationWhenReady = false
D/PowerManagerService(  813): sendPendingNotificationsLocked mSendGoToSleepFinishedNotificationWhenReady = false
D/PowerManagerService(  813): sendPendingNotificationsLocked mSendGoToSleepFinishedNotificationWhenReady = false
D/PowerManagerService(  813): sendPendingNotificationsLocked mSendGoToSleepFinishedNotificationWhenReady = false
D/PowerManagerService(  813): sendPendingNotificationsLocked mSendGoToSleepFinishedNotificationWhenReady = false
D/PowerManagerService(  813): sendPendingNotificationsLocked mSendGoToSleepFinishedNotificationWhenReady = false
D/PowerManagerService(  813): sendPendingNotificationsLocked mSendGoToSleepFinishedNotificationWhenReady = false
D/PowerManagerService(  813): sendPendingNotificationsLocked mSendGoToSleepFinishedNotificationWhenReady = false
D/PowerManagerService(  813): sendPendingNotificationsLocked mSendGoToSleepFinishedNotificationWhenReady = false
D/PowerManagerService(  813): sendPendingNotificationsLocked mSendGoToSleepFinishedNotificationWhenReady = false
D/PowerManagerService(  813): sendPendingNotificationsLocked mSendGoToSleepFinishedNotificationWhenReady = false
D/PowerManagerService(  813): sendPendingNotificationsLocked mSendGoToSleepFinishedNotificationWhenReady = false
W/ctxmgr  ( 1111): [ContextSpecificAclFactory]LocationConsent failed, ULR opt-in status is: false, account#-395797278#
W/ctxmgr  ( 1111): [AclManager]No 2 for (accnt=account#-395797278#, com.google.android.gms(10012):UserLocationProducer, vrsn=9877000, 0, 3pPkg = null ,  3pMdlId = null). Was: 2 for 1, account#-395797278#
D/PowerManagerService(  813): sendPendingNotificationsLocked mSendGoToSleepFinishedNotificationWhenReady = false
D/WifiApPowerMode(  813): ACTION_BATTERY_CHANGED received. pluggedType=2 mUSBConnected=true
D/LockScreen_KeyguardUpdateMonitor(  974): received broadcast android.intent.action.BATTERY_CHANGED
D/LockScreen_DMLockCodeController(  974): canAcceptIntent - can: false
D/LockScreen_CMASAlertController(  974): canAcceptIntent - can: false
D/BatteryService(  813): ZTE Sending ACTION_BATTERY_CHANGED.  level:80, scale:100, status:2, health:2, present:true, voltage: 4187, temperature: 290, technology: Li-ion, AC powered:false, USB powered:true, Wireless powered:false, icon:17302966, invalid charger:0
D/WifiController(  813): battery changed pluggedType: 2
D/PowerManagerService(  813): sendPendingNotificationsLocked mSendGoToSleepFinishedNotificationWhenReady = false
D/LockScreen_KeyguardUpdateMonitor(  974): handleBatteryUpdate
D/Ulp_jni (  813): Location CB invoked
D/PowerManagerService(  813): sendPendingNotificationsLocked mSendGoToSleepFinishedNotificationWhenReady = false
D/PowerManagerService(  813): sendPendingNotificationsLocked mSendGoToSleepFinishedNotificationWhenReady = false
D/PowerManagerService(  813): sendPendingNotificationsLocked mSendGoToSleepFinishedNotificationWhenReady = false
D/PowerManagerService(  813): sendPendingNotificationsLocked mSendGoToSleepFinishedNotificationWhenReady = false
D/PowerManagerService(  813): sendPendingNotificationsLocked mSendGoToSleepFinishedNotificationWhenReady = false
D/PowerManagerService(  813): sendPendingNotificationsLocked mSendGoToSleepFinishedNotificationWhenReady = false
D/PowerManagerService(  813): sendPendingNotificationsLocked mSendGoToSleepFinishedNotificationWhenReady = false
D/PowerManagerService(  813): sendPendingNotificationsLocked mSendGoToSleepFinishedNotificationWhenReady = false
D/PowerManagerService(  813): sendPendingNotificationsLocked mSendGoToSleepFinishedNotificationWhenReady = false
D/PowerManagerService(  813): sendPendingNotificationsLocked mSendGoToSleepFinishedNotificationWhenReady = false
D/PowerManagerService(  813): sendPendingNotificationsLocked mSendGoToSleepFinishedNotificationWhenReady = false
D/PowerManagerService(  813): sendPendingNotificationsLocked mSendGoToSleepFinishedNotificationWhenReady = false
D/PowerManagerService(  813): sendPendingNotificationsLocked mSendGoToSleepFinishedNotificationWhenReady = false
D/PowerManagerService(  813): sendPendingNotificationsLocked mSendGoToSleepFinishedNotificationWhenReady = false
D/PowerManagerService(  813): sendPendingNotificationsLocked mSendGoToSleepFinishedNotificationWhenReady = false
D/PowerManagerService(  813): sendPendingNotificationsLocked mSendGoToSleepFinishedNotificationWhenReady = false
D/PowerManagerService(  813): sendPendingNotificationsLocked mSendGoToSleepFinishedNotificationWhenReady = false
D/PowerManagerService(  813): sendPendingNotificationsLocked mSendGoToSleepFinishedNotificationWhenReady = false
D/PowerManagerService(  813): sendPendingNotificationsLocked mSendGoToSleepFinishedNotificationWhenReady = false
D/PowerManagerService(  813): sendPendingNotificationsLocked mSendGoToSleepFinishedNotificationWhenReady = false
D/PowerManagerService(  813): sendPendingNotificationsLocked mSendGoToSleepFinishedNotificationWhenReady = false
D/PowerManagerService(  813): sendPendingNotificationsLocked mSendGoToSleepFinishedNotificationWhenReady = false
D/PowerManagerService(  813): sendPendingNotificationsLocked mSendGoToSleepFinishedNotificationWhenReady = false
W/ctxmgr  ( 1111): [ContextSpecificAclFactory]LocationConsent failed, ULR opt-in status is: false, account#-395797278#
W/ctxmgr  ( 1111): [AclManager]No 2 for (accnt=account#-395797278#, com.google.android.gms(10012):UserLocationProducer, vrsn=9877000, 0, 3pPkg = null ,  3pMdlId = null). Was: 2 for 1, account#-395797278#
D/PowerManagerService(  813): sendPendingNotificationsLocked mSendGoToSleepFinishedNotificationWhenReady = false
D/LockScreen_KeyguardUpdateMonitor(  974): received broadcast android.intent.action.TIME_TICK
D/LockScreen_DMLockCodeController(  974): canAcceptIntent - can: false
D/LockScreen_CMASAlertController(  974): canAcceptIntent - can: false
D/LockScreen_KeyguardUpdateMonitor(  974): handleTimeUpdate
W/AlarmManager(  813): Alarm triggering: Alarm{418e9540 type 3 android}
D/PowerManagerService(  813): sendPendingNotificationsLocked mSendGoToSleepFinishedNotificationWhenReady = false
E/niejiyong(  974): WeatherService is Running
E/niejiyong(  974): Weather process is Running
E/niejiyong(  974): WeatherService is Running
E/niejiyong(  974): Weather process is Running
D/haha    ( 1349): mDateTimeReceiver intent::Intent { act=android.intent.action.TIME_TICK flg=0x50000014 (has extras) }
E/niejiyong( 1349): TypeBWeatherWidget :: performUpdate..
E/niejiyong( 1349): TypeBWeatherWidget :: performUpdate..cityLocationId = cityId:351193
D/haha    ( 1349): WeatherWidget update  AmPm=1,  Hour=7,  Minute=49
W/AlarmManager(  813): +++alarm onSendFinished ,action=android.intent.action.TIME_TICK
D/PowerManagerService(  813): sendPendingNotificationsLocked mSendGoToSleepFinishedNotificationWhenReady = false
D/Ulp_jni (  813): Location CB invoked
D/PowerManagerService(  813): sendPendingNotificationsLocked mSendGoToSleepFinishedNotificationWhenReady = false
D/PowerManagerService(  813): sendPendingNotificationsLocked mSendGoToSleepFinishedNotificationWhenReady = false
D/PowerManagerService(  813): sendPendingNotificationsLocked mSendGoToSleepFinishedNotificationWhenReady = false
D/PowerManagerService(  813): sendPendingNotificationsLocked mSendGoToSleepFinishedNotificationWhenReady = false
D/PowerManagerService(  813): sendPendingNotificationsLocked mSendGoToSleepFinishedNotificationWhenReady = false
D/PowerManagerService(  813): sendPendingNotificationsLocked mSendGoToSleepFinishedNotificationWhenReady = false
D/PowerManagerService(  813): sendPendingNotificationsLocked mSendGoToSleepFinishedNotificationWhenReady = false
D/PowerManagerService(  813): sendPendingNotificationsLocked mSendGoToSleepFinishedNotificationWhenReady = false
D/PowerManagerService(  813): sendPendingNotificationsLocked mSendGoToSleepFinishedNotificationWhenReady = false
D/PowerManagerService(  813): sendPendingNotificationsLocked mSendGoToSleepFinishedNotificationWhenReady = false
D/PowerManagerService(  813): sendPendingNotificationsLocked mSendGoToSleepFinishedNotificationWhenReady = false
D/PowerManagerService(  813): sendPendingNotificationsLocked mSendGoToSleepFinishedNotificationWhenReady = false
D/PowerManagerService(  813): sendPendingNotificationsLocked mSendGoToSleepFinishedNotificationWhenReady = false
D/PowerManagerService(  813): sendPendingNotificationsLocked mSendGoToSleepFinishedNotificationWhenReady = false
D/PowerManagerService(  813): sendPendingNotificationsLocked mSendGoToSleepFinishedNotificationWhenReady = false
D/PowerManagerService(  813): sendPendingNotificationsLocked mSendGoToSleepFinishedNotificationWhenReady = false
D/PowerManagerService(  813): sendPendingNotificationsLocked mSendGoToSleepFinishedNotificationWhenReady = false
D/PowerManagerService(  813): sendPendingNotificationsLocked mSendGoToSleepFinishedNotificationWhenReady = false
D/PowerManagerService(  813): sendPendingNotificationsLocked mSendGoToSleepFinishedNotificationWhenReady = false
D/PowerManagerService(  813): sendPendingNotificationsLocked mSendGoToSleepFinishedNotificationWhenReady = false
D/PowerManagerService(  813): sendPendingNotificationsLocked mSendGoToSleepFinishedNotificationWhenReady = false
D/PowerManagerService(  813): sendPendingNotificationsLocked mSendGoToSleepFinishedNotificationWhenReady = false
D/PowerManagerService(  813): sendPendingNotificationsLocked mSendGoToSleepFinishedNotificationWhenReady = false
W/ctxmgr  ( 1111): [ContextSpecificAclFactory]LocationConsent failed, ULR opt-in status is: false, account#-395797278#
W/ctxmgr  ( 1111): [AclManager]No 2 for (accnt=account#-395797278#, com.google.android.gms(10012):UserLocationProducer, vrsn=9877000, 0, 3pPkg = null ,  3pMdlId = null). Was: 2 for 1, account#-395797278#
D/PowerManagerService(  813): sendPendingNotificationsLocked mSendGoToSleepFinishedNotificationWhenReady = false
D/Ulp_jni (  813): Location CB invoked
D/PowerManagerService(  813): sendPendingNotificationsLocked mSendGoToSleepFinishedNotificationWhenReady = false
D/PowerManagerService(  813): sendPendingNotificationsLocked mSendGoToSleepFinishedNotificationWhenReady = false
D/PowerManagerService(  813): sendPendingNotificationsLocked mSendGoToSleepFinishedNotificationWhenReady = false
D/PowerManagerService(  813): sendPendingNotificationsLocked mSendGoToSleepFinishedNotificationWhenReady = false
D/PowerManagerService(  813): sendPendingNotificationsLocked mSendGoToSleepFinishedNotificationWhenReady = false
D/PowerManagerService(  813): sendPendingNotificationsLocked mSendGoToSleepFinishedNotificationWhenReady = false
D/PowerManagerService(  813): sendPendingNotificationsLocked mSendGoToSleepFinishedNotificationWhenReady = false
D/PowerManagerService(  813): sendPendingNotificationsLocked mSendGoToSleepFinishedNotificationWhenReady = false
D/PowerManagerService(  813): sendPendingNotificationsLocked mSendGoToSleepFinishedNotificationWhenReady = false
D/PowerManagerService(  813): sendPendingNotificationsLocked mSendGoToSleepFinishedNotificationWhenReady = false
D/PowerManagerService(  813): sendPendingNotificationsLocked mSendGoToSleepFinishedNotificationWhenReady = false
D/PowerManagerService(  813): sendPendingNotificationsLocked mSendGoToSleepFinishedNotificationWhenReady = false
D/PowerManagerService(  813): sendPendingNotificationsLocked mSendGoToSleepFinishedNotificationWhenReady = false
D/PowerManagerService(  813): sendPendingNotificationsLocked mSendGoToSleepFinishedNotificationWhenReady = false
D/PowerManagerService(  813): sendPendingNotificationsLocked mSendGoToSleepFinishedNotificationWhenReady = false
D/PowerManagerService(  813): sendPendingNotificationsLocked mSendGoToSleepFinishedNotificationWhenReady = false
D/PowerManagerService(  813): sendPendingNotificationsLocked mSendGoToSleepFinishedNotificationWhenReady = false
D/PowerManagerService(  813): sendPendingNotificationsLocked mSendGoToSleepFinishedNotificationWhenReady = false
D/PowerManagerService(  813): sendPendingNotificationsLocked mSendGoToSleepFinishedNotificationWhenReady = false
D/PowerManagerService(  813): sendPendingNotificationsLocked mSendGoToSleepFinishedNotificationWhenReady = false
D/PowerManagerService(  813): sendPendingNotificationsLocked mSendGoToSleepFinishedNotificationWhenReady = false
D/PowerManagerService(  813): sendPendingNotificationsLocked mSendGoToSleepFinishedNotificationWhenReady = false
W/ctxmgr  ( 1111): [ContextSpecificAclFactory]LocationConsent failed, ULR opt-in status is: false, account#-395797278#
W/ctxmgr  ( 1111): [AclManager]No 2 for (accnt=account#-395797278#, com.google.android.gms(10012):UserLocationProducer, vrsn=9877000, 0, 3pPkg = null ,  3pMdlId = null). Was: 2 for 1, account#-395797278#
D/PowerManagerService(  813): sendPendingNotificationsLocked mSendGoToSleepFinishedNotificationWhenReady = false
D/PowerManagerService(  813): sendPendingNotificationsLocked mSendGoToSleepFinishedNotificationWhenReady = false
D/Ulp_jni (  813): Location CB invoked
D/PowerManagerService(  813): sendPendingNotificationsLocked mSendGoToSleepFinishedNotificationWhenReady = false
D/PowerManagerService(  813): sendPendingNotificationsLocked mSendGoToSleepFinishedNotificationWhenReady = false
D/PowerManagerService(  813): sendPendingNotificationsLocked mSendGoToSleepFinishedNotificationWhenReady = false
D/PowerManagerService(  813): sendPendingNotificationsLocked mSendGoToSleepFinishedNotificationWhenReady = false
D/PowerManagerService(  813): sendPendingNotificationsLocked mSendGoToSleepFinishedNotificationWhenReady = false
D/PowerManagerService(  813): sendPendingNotificationsLocked mSendGoToSleepFinishedNotificationWhenReady = false
D/PowerManagerService(  813): sendPendingNotificationsLocked mSendGoToSleepFinishedNotificationWhenReady = false
D/PowerManagerService(  813): sendPendingNotificationsLocked mSendGoToSleepFinishedNotificationWhenReady = false
D/PowerManagerService(  813): sendPendingNotificationsLocked mSendGoToSleepFinishedNotificationWhenReady = false
D/PowerManagerService(  813): sendPendingNotificationsLocked mSendGoToSleepFinishedNotificationWhenReady = false
D/PowerManagerService(  813): sendPendingNotificationsLocked mSendGoToSleepFinishedNotificationWhenReady = false
D/PowerManagerService(  813): sendPendingNotificationsLocked mSendGoToSleepFinishedNotificationWhenReady = false
D/PowerManagerService(  813): sendPendingNotificationsLocked mSendGoToSleepFinishedNotificationWhenReady = false
D/PowerManagerService(  813): sendPendingNotificationsLocked mSendGoToSleepFinishedNotificationWhenReady = false
D/PowerManagerService(  813): sendPendingNotificationsLocked mSendGoToSleepFinishedNotificationWhenReady = false
D/PowerManagerService(  813): sendPendingNotificationsLocked mSendGoToSleepFinishedNotificationWhenReady = false
D/PowerManagerService(  813): sendPendingNotificationsLocked mSendGoToSleepFinishedNotificationWhenReady = false
D/PowerManagerService(  813): sendPendingNotificationsLocked mSendGoToSleepFinishedNotificationWhenReady = false
D/PowerManagerService(  813): sendPendingNotificationsLocked mSendGoToSleepFinishedNotificationWhenReady = false
D/PowerManagerService(  813): sendPendingNotificationsLocked mSendGoToSleepFinishedNotificationWhenReady = false
D/PowerManagerService(  813): sendPendingNotificationsLocked mSendGoToSleepFinishedNotificationWhenReady = false
D/PowerManagerService(  813): sendPendingNotificationsLocked mSendGoToSleepFinishedNotificationWhenReady = false
D/PowerManagerService(  813): sendPendingNotificationsLocked mSendGoToSleepFinishedNotificationWhenReady = false
W/ctxmgr  ( 1111): [ContextSpecificAclFactory]LocationConsent failed, ULR opt-in status is: false, account#-395797278#
W/ctxmgr  ( 1111): [AclManager]No 2 for (accnt=account#-395797278#, com.google.android.gms(10012):UserLocationProducer, vrsn=9877000, 0, 3pPkg = null ,  3pMdlId = null). Was: 2 for 1, account#-395797278#
D/PowerManagerService(  813): sendPendingNotificationsLocked mSendGoToSleepFinishedNotificationWhenReady = false
D/Ulp_jni (  813): Location CB invoked
D/PowerManagerService(  813): sendPendingNotificationsLocked mSendGoToSleepFinishedNotificationWhenReady = false
D/PowerManagerService(  813): sendPendingNotificationsLocked mSendGoToSleepFinishedNotificationWhenReady = false
D/PowerManagerService(  813): sendPendingNotificationsLocked mSendGoToSleepFinishedNotificationWhenReady = false
D/PowerManagerService(  813): sendPendingNotificationsLocked mSendGoToSleepFinishedNotificationWhenReady = false
D/PowerManagerService(  813): sendPendingNotificationsLocked mSendGoToSleepFinishedNotificationWhenReady = false
D/PowerManagerService(  813): sendPendingNotificationsLocked mSendGoToSleepFinishedNotificationWhenReady = false
D/PowerManagerService(  813): sendPendingNotificationsLocked mSendGoToSleepFinishedNotificationWhenReady = false
D/PowerManagerService(  813): sendPendingNotificationsLocked mSendGoToSleepFinishedNotificationWhenReady = false
D/PowerManagerService(  813): sendPendingNotificationsLocked mSendGoToSleepFinishedNotificationWhenReady = false
D/PowerManagerService(  813): sendPendingNotificationsLocked mSendGoToSleepFinishedNotificationWhenReady = false
D/PowerManagerService(  813): sendPendingNotificationsLocked mSendGoToSleepFinishedNotificationWhenReady = false
D/PowerManagerService(  813): sendPendingNotificationsLocked mSendGoToSleepFinishedNotificationWhenReady = false
D/PowerManagerService(  813): sendPendingNotificationsLocked mSendGoToSleepFinishedNotificationWhenReady = false
D/PowerManagerService(  813): sendPendingNotificationsLocked mSendGoToSleepFinishedNotificationWhenReady = false
D/PowerManagerService(  813): sendPendingNotificationsLocked mSendGoToSleepFinishedNotificationWhenReady = false
D/PowerManagerService(  813): sendPendingNotificationsLocked mSendGoToSleepFinishedNotificationWhenReady = false
D/PowerManagerService(  813): sendPendingNotificationsLocked mSendGoToSleepFinishedNotificationWhenReady = false
D/PowerManagerService(  813): sendPendingNotificationsLocked mSendGoToSleepFinishedNotificationWhenReady = false
D/PowerManagerService(  813): sendPendingNotificationsLocked mSendGoToSleepFinishedNotificationWhenReady = false
D/PowerManagerService(  813): sendPendingNotificationsLocked mSendGoToSleepFinishedNotificationWhenReady = false
D/PowerManagerService(  813): sendPendingNotificationsLocked mSendGoToSleepFinishedNotificationWhenReady = false
D/PowerManagerService(  813): sendPendingNotificationsLocked mSendGoToSleepFinishedNotificationWhenReady = false
D/PowerManagerService(  813): sendPendingNotificationsLocked mSendGoToSleepFinishedNotificationWhenReady = false
W/ctxmgr  ( 1111): [ContextSpecificAclFactory]LocationConsent failed, ULR opt-in status is: false, account#-395797278#
W/ctxmgr  ( 1111): [AclManager]No 2 for (accnt=account#-395797278#, com.google.android.gms(10012):UserLocationProducer, vrsn=9877000, 0, 3pPkg = null ,  3pMdlId = null). Was: 2 for 1, account#-395797278#
D/PowerManagerService(  813): sendPendingNotificationsLocked mSendGoToSleepFinishedNotificationWhenReady = false
D/Ulp_jni (  813): Location CB invoked
D/PowerManagerService(  813): sendPendingNotificationsLocked mSendGoToSleepFinishedNotificationWhenReady = false
D/PowerManagerService(  813): sendPendingNotificationsLocked mSendGoToSleepFinishedNotificationWhenReady = false
D/PowerManagerService(  813): sendPendingNotificationsLocked mSendGoToSleepFinishedNotificationWhenReady = false
D/PowerManagerService(  813): sendPendingNotificationsLocked mSendGoToSleepFinishedNotificationWhenReady = false
D/PowerManagerService(  813): sendPendingNotificationsLocked mSendGoToSleepFinishedNotificationWhenReady = false
D/PowerManagerService(  813): sendPendingNotificationsLocked mSendGoToSleepFinishedNotificationWhenReady = false
D/PowerManagerService(  813): sendPendingNotificationsLocked mSendGoToSleepFinishedNotificationWhenReady = false
D/PowerManagerService(  813): sendPendingNotificationsLocked mSendGoToSleepFinishedNotificationWhenReady = false
D/PowerManagerService(  813): sendPendingNotificationsLocked mSendGoToSleepFinishedNotificationWhenReady = false
D/PowerManagerService(  813): sendPendingNotificationsLocked mSendGoToSleepFinishedNotificationWhenReady = false
D/PowerManagerService(  813): sendPendingNotificationsLocked mSendGoToSleepFinishedNotificationWhenReady = false
D/PowerManagerService(  813): sendPendingNotificationsLocked mSendGoToSleepFinishedNotificationWhenReady = false
D/PowerManagerService(  813): sendPendingNotificationsLocked mSendGoToSleepFinishedNotificationWhenReady = false
D/PowerManagerService(  813): sendPendingNotificationsLocked mSendGoToSleepFinishedNotificationWhenReady = false
D/PowerManagerService(  813): sendPendingNotificationsLocked mSendGoToSleepFinishedNotificationWhenReady = false
D/PowerManagerService(  813): sendPendingNotificationsLocked mSendGoToSleepFinishedNotificationWhenReady = false
D/PowerManagerService(  813): sendPendingNotificationsLocked mSendGoToSleepFinishedNotificationWhenReady = false
D/PowerManagerService(  813): sendPendingNotificationsLocked mSendGoToSleepFinishedNotificationWhenReady = false
D/PowerManagerService(  813): sendPendingNotificationsLocked mSendGoToSleepFinishedNotificationWhenReady = false
D/PowerManagerService(  813): sendPendingNotificationsLocked mSendGoToSleepFinishedNotificationWhenReady = false
D/PowerManagerService(  813): sendPendingNotificationsLocked mSendGoToSleepFinishedNotificationWhenReady = false
D/PowerManagerService(  813): sendPendingNotificationsLocked mSendGoToSleepFinishedNotificationWhenReady = false
D/PowerManagerService(  813): sendPendingNotificationsLocked mSendGoToSleepFinishedNotificationWhenReady = false
D/dalvikvm( 1111): GC_CONCURRENT freed 1910K, 51% free 5480K/11088K, paused 5ms+5ms, total 43ms
W/ctxmgr  ( 1111): [ContextSpecificAclFactory]LocationConsent failed, ULR opt-in status is: false, account#-395797278#
W/ctxmgr  ( 1111): [AclManager]No 2 for (accnt=account#-395797278#, com.google.android.gms(10012):UserLocationProducer, vrsn=9877000, 0, 3pPkg = null ,  3pMdlId = null). Was: 2 for 1, account#-395797278#
D/PowerManagerService(  813): sendPendingNotificationsLocked mSendGoToSleepFinishedNotificationWhenReady = false
D/WifiStateMachine(  813): handleMessage: E msg.what=131143
D/WifiStateMachine(  813): processMsg: DisconnectedState
D/WifiStateMachine(  813): processMsg: ConnectModeState
D/WifiStateMachine(  813): processMsg: DriverStartedState
D/WifiMonitor(  813): Event [IFNAME=wlan0 CTRL-EVENT-STATE-CHANGE id=-1 state=3 BSSID=00:00:00:00:00:00 SSID=]
W/WifiMonitor(  813): <<<<<tokens[0]= CTRL-EVENT-STATE-CHANGE
W/AlarmManager(  813): Alarm triggering: Alarm{422bace8 type 0 android}
W/AlarmManager(  813): +++Alarm  wakeup phone ,pkg=android
D/WifiStateMachine(  813): handleMessage: X
D/WifiStateMachine(  813): handleMessage: E msg.what=147462
D/WifiStateMachine(  813): processMsg: DisconnectedState
D/WifiStateMachine(  813): setDetailed state, old =IDLE and new state=SCANNING
D/WifiStateMachine(  813): processMsg: ConnectModeState
D/WifiStateMachine(  813): handleMessage: X
D/PowerManagerService(  813): sendPendingNotificationsLocked mSendGoToSleepFinishedNotificationWhenReady = false
W/AlarmManager(  813): +++alarm onSendFinished ,action=com.android.server.WifiManager.action.START_SCAN
D/PowerManagerService(  813): sendPendingNotificationsLocked mSendGoToSleepFinishedNotificationWhenReady = false
D/BatteryService(  813): ZTE Sending ACTION_BATTERY_CHANGED.  level:81, scale:100, status:2, health:2, present:true, voltage: 4192, temperature: 290, technology: Li-ion, AC powered:false, USB powered:true, Wireless powered:false, icon:17302966, invalid charger:0
D/PowerManagerService(  813): sendPendingNotificationsLocked mSendGoToSleepFinishedNotificationWhenReady = false
D/LockScreen_KeyguardUpdateMonitor(  974): received broadcast android.intent.action.BATTERY_CHANGED
D/LockScreen_DMLockCodeController(  974): canAcceptIntent - can: false
D/LockScreen_CMASAlertController(  974): canAcceptIntent - can: false
D/LockScreen_KeyguardUpdateMonitor(  974): handleBatteryUpdate
D/WifiApPowerMode(  813): ACTION_BATTERY_CHANGED received. pluggedType=2 mUSBConnected=true
D/WifiController(  813): battery changed pluggedType: 2
D/PowerManagerService(  813): sendPendingNotificationsLocked mSendGoToSleepFinishedNotificationWhenReady = false
D/PowerManagerService(  813): sendPendingNotificationsLocked mSendGoToSleepFinishedNotificationWhenReady = false
D/WifiMonitor(  813): Event [IFNAME=wlan0 CTRL-EVENT-BSS-ADDED 40 aa:a6:68:a3:67:6b]
W/WifiMonitor(  813): <<<<<tokens[0]= CTRL-EVENT-BSS-ADDED
D/WifiMonitor(  813): Event [IFNAME=wlan0 CTRL-EVENT-BSS-ADDED 41 d8:c7:c8:84:07:44]
W/WifiMonitor(  813): <<<<<tokens[0]= CTRL-EVENT-BSS-ADDED
D/WifiMonitor(  813): Event [IFNAME=wlan0 CTRL-EVENT-BSS-ADDED 42 d2:5b:a8:42:95:38]
W/WifiMonitor(  813): <<<<<tokens[0]= CTRL-EVENT-BSS-ADDED
D/WifiMonitor(  813): Event [IFNAME=wlan0 CTRL-EVENT-BSS-ADDED 43 d8:c7:c8:84:07:40]
W/WifiMonitor(  813): <<<<<tokens[0]= CTRL-EVENT-BSS-ADDED
D/WifiMonitor(  813): Event [IFNAME=wlan0 CTRL-EVENT-BSS-ADDED 44 d8:c7:c8:84:09:27]
W/WifiMonitor(  813): <<<<<tokens[0]= CTRL-EVENT-BSS-ADDED
D/WifiMonitor(  813): Event [IFNAME=wlan0 CTRL-EVENT-BSS-ADDED 45 d8:c7:c8:84:07:47]
W/WifiMonitor(  813): <<<<<tokens[0]= CTRL-EVENT-BSS-ADDED
D/WifiMonitor(  813): Event [IFNAME=wlan0 CTRL-EVENT-BSS-ADDED 46 d8:c7:c8:84:09:24]
W/WifiMonitor(  813): <<<<<tokens[0]= CTRL-EVENT-BSS-ADDED
D/WifiMonitor(  813): Event [IFNAME=wlan0 CTRL-EVENT-BSS-ADDED 47 d8:c7:c8:84:09:20]
W/WifiMonitor(  813): <<<<<tokens[0]= CTRL-EVENT-BSS-ADDED
D/WifiMonitor(  813): Event [IFNAME=wlan0 CTRL-EVENT-BSS-ADDED 48 36:de:34:7f:4f:c6]
W/WifiMonitor(  813): <<<<<tokens[0]= CTRL-EVENT-BSS-ADDED
D/WifiMonitor(  813): Event [IFNAME=wlan0 CTRL-EVENT-BSS-ADDED 49 aa:a6:68:a6:36:e8]
W/WifiMonitor(  813): <<<<<tokens[0]= CTRL-EVENT-BSS-ADDED
D/WifiMonitor(  813): Event [IFNAME=wlan0 CTRL-EVENT-BSS-ADDED 50 d8:c7:c8:83:79:e4]
W/WifiMonitor(  813): <<<<<tokens[0]= CTRL-EVENT-BSS-ADDED
D/WifiMonitor(  813): Event [IFNAME=wlan0 CTRL-EVENT-BSS-ADDED 51 d8:c7:c8:83:79:e7]
W/WifiMonitor(  813): <<<<<tokens[0]= CTRL-EVENT-BSS-ADDED
D/WifiMonitor(  813): Event [IFNAME=wlan0 CTRL-EVENT-BSS-ADDED 52 d8:c7:c8:83:79:e0]
W/WifiMonitor(  813): <<<<<tokens[0]= CTRL-EVENT-BSS-ADDED
D/WifiMonitor(  813): Event [IFNAME=wlan0 CTRL-EVENT-BSS-ADDED 53 d8:c7:c8:83:79:e3]
W/WifiMonitor(  813): <<<<<tokens[0]= CTRL-EVENT-BSS-ADDED
D/WifiMonitor(  813): Event [IFNAME=wlan0 CTRL-EVENT-BSS-ADDED 54 aa:a6:68:9c:59:4b]
W/WifiMonitor(  813): <<<<<tokens[0]= CTRL-EVENT-BSS-ADDED
D/WifiMonitor(  813): Event [IFNAME=wlan0 CTRL-EVENT-BSS-ADDED 55 d8:c7:c8:84:2c:c0]
W/WifiMonitor(  813): <<<<<tokens[0]= CTRL-EVENT-BSS-ADDED
D/WifiMonitor(  813): Event [IFNAME=wlan0 CTRL-EVENT-BSS-ADDED 56 d8:c7:c8:84:07:42]
W/WifiMonitor(  813): <<<<<tokens[0]= CTRL-EVENT-BSS-ADDED
D/WifiMonitor(  813): Event [IFNAME=wlan0 CTRL-EVENT-BSS-ADDED 57 d8:c7:c8:84:09:22]
W/WifiMonitor(  813): <<<<<tokens[0]= CTRL-EVENT-BSS-ADDED
D/WifiMonitor(  813): Event [IFNAME=wlan0 CTRL-EVENT-BSS-ADDED 58 d8:c7:c8:83:79:e2]
W/WifiMonitor(  813): <<<<<tokens[0]= CTRL-EVENT-BSS-ADDED
D/WifiMonitor(  813): Event [IFNAME=wlan0 CTRL-EVENT-BSS-ADDED 59 d8:c7:c8:84:2c:c2]
W/WifiMonitor(  813): <<<<<tokens[0]= CTRL-EVENT-BSS-ADDED
W/WifiMonitor(  813): <<<<<tokens[0]= CTRL-EVENT-SCAN-RESULTS
D/WifiStateMachine(  813): handleMessage: E msg.what=147461
D/WifiStateMachine(  813): processMsg: DisconnectedState
D/WifiStateMachine(  813): processMsg: ConnectModeState
D/WifiStateMachine(  813): processMsg: DriverStartedState
D/WifiStateMachine(  813): processMsg: SupplicantStartedState
D/WifiMonitor(  813): Event [IFNAME=wlan0 WPS-AP-AVAILABLE ]
W/WifiMonitor(  813): <<<<<tokens[0]= WPS-AP-AVAILABLE
W/WifiMonitor(  813): couldn't identify event type - WPS-AP-AVAILABLE 
D/WifiMonitor(  813): Event [IFNAME=wlan0 CTRL-EVENT-STATE-CHANGE id=-1 state=2 BSSID=00:00:00:00:00:00 SSID=]
W/WifiMonitor(  813): <<<<<tokens[0]= CTRL-EVENT-STATE-CHANGE
D/WifiMonitor(  813): Event [IFNAME=p2p0 CTRL-EVENT-BSS-ADDED 40 aa:a6:68:a3:67:6b]
D/WifiMonitor(  813): Event [IFNAME=p2p0 CTRL-EVENT-BSS-ADDED 41 d8:c7:c8:84:07:44]
D/WifiMonitor(  813): Event [IFNAME=p2p0 CTRL-EVENT-BSS-ADDED 42 d2:5b:a8:42:95:38]
D/WifiMonitor(  813): Event [IFNAME=p2p0 CTRL-EVENT-BSS-ADDED 43 d8:c7:c8:84:07:40]
D/WifiMonitor(  813): Event [IFNAME=p2p0 CTRL-EVENT-BSS-ADDED 44 d8:c7:c8:84:09:27]
D/WifiMonitor(  813): Event [IFNAME=p2p0 CTRL-EVENT-BSS-ADDED 45 d8:c7:c8:84:07:47]
D/WifiMonitor(  813): Event [IFNAME=p2p0 CTRL-EVENT-BSS-ADDED 46 d8:c7:c8:84:09:24]
D/WifiMonitor(  813): Event [IFNAME=p2p0 CTRL-EVENT-BSS-ADDED 47 d8:c7:c8:84:09:20]
D/WifiMonitor(  813): Event [IFNAME=p2p0 CTRL-EVENT-BSS-ADDED 48 36:de:34:7f:4f:c6]
D/WifiMonitor(  813): Event [IFNAME=p2p0 CTRL-EVENT-BSS-ADDED 49 aa:a6:68:a6:36:e8]
D/WifiMonitor(  813): Event [IFNAME=p2p0 CTRL-EVENT-BSS-ADDED 50 d8:c7:c8:83:79:e4]
D/WifiMonitor(  813): Event [IFNAME=p2p0 CTRL-EVENT-BSS-ADDED 51 d8:c7:c8:83:79:e7]
D/WifiMonitor(  813): Event [IFNAME=p2p0 CTRL-EVENT-BSS-ADDED 52 d8:c7:c8:83:79:e0]
D/WifiMonitor(  813): Event [IFNAME=p2p0 CTRL-EVENT-BSS-ADDED 53 d8:c7:c8:83:79:e3]
D/WifiMonitor(  813): Event [IFNAME=p2p0 CTRL-EVENT-BSS-ADDED 54 aa:a6:68:9c:59:4b]
D/WifiMonitor(  813): Event [IFNAME=p2p0 CTRL-EVENT-BSS-ADDED 55 d8:c7:c8:84:2c:c0]
D/WifiMonitor(  813): Event [IFNAME=p2p0 CTRL-EVENT-BSS-ADDED 56 d8:c7:c8:84:07:42]
D/WifiMonitor(  813): Event [IFNAME=p2p0 CTRL-EVENT-BSS-ADDED 57 d8:c7:c8:84:09:22]
D/WifiMonitor(  813): Event [IFNAME=p2p0 CTRL-EVENT-BSS-ADDED 58 d8:c7:c8:83:79:e2]
D/WifiMonitor(  813): Event [IFNAME=p2p0 CTRL-EVENT-BSS-ADDED 59 d8:c7:c8:84:2c:c2]
D/LBSSystemMonitorService(  813): handleMessage what - 4
D/Wiper_jni(  813): Send Network Location.
D/WifiStateMachine(  813): handleMessage: X
D/WifiStateMachine(  813): handleMessage: E msg.what=147462
D/WifiStateMachine(  813): processMsg: DisconnectedState
D/WifiStateMachine(  813): setDetailed state, old =SCANNING and new state=IDLE
D/WifiStateMachine(  813): processMsg: ConnectModeState
D/WifiStateMachine(  813): handleMessage: X
D/DisplayPowerController(  813): updateAmbientLux:  mLightSensorListener lux is 15.0
D/DisplayPowerController(  813): updateAmbientLux:  mLightSensorListener lux is 20.0
D/DisplayPowerController(  813): updateAmbientLux:  mLightSensorListener lux is 19.0
D/Ulp_jni (  813): Location CB invoked
D/PowerManagerService(  813): sendPendingNotificationsLocked mSendGoToSleepFinishedNotificationWhenReady = false
D/PowerManagerService(  813): sendPendingNotificationsLocked mSendGoToSleepFinishedNotificationWhenReady = false
D/PowerManagerService(  813): sendPendingNotificationsLocked mSendGoToSleepFinishedNotificationWhenReady = false
D/PowerManagerService(  813): sendPendingNotificationsLocked mSendGoToSleepFinishedNotificationWhenReady = false
D/PowerManagerService(  813): sendPendingNotificationsLocked mSendGoToSleepFinishedNotificationWhenReady = false
D/PowerManagerService(  813): sendPendingNotificationsLocked mSendGoToSleepFinishedNotificationWhenReady = false
D/PowerManagerService(  813): sendPendingNotificationsLocked mSendGoToSleepFinishedNotificationWhenReady = false
D/PowerManagerService(  813): sendPendingNotificationsLocked mSendGoToSleepFinishedNotificationWhenReady = false
D/PowerManagerService(  813): sendPendingNotificationsLocked mSendGoToSleepFinishedNotificationWhenReady = false
D/PowerManagerService(  813): sendPendingNotificationsLocked mSendGoToSleepFinishedNotificationWhenReady = false
D/PowerManagerService(  813): sendPendingNotificationsLocked mSendGoToSleepFinishedNotificationWhenReady = false
D/PowerManagerService(  813): sendPendingNotificationsLocked mSendGoToSleepFinishedNotificationWhenReady = false
D/PowerManagerService(  813): sendPendingNotificationsLocked mSendGoToSleepFinishedNotificationWhenReady = false
D/PowerManagerService(  813): sendPendingNotificationsLocked mSendGoToSleepFinishedNotificationWhenReady = false
D/PowerManagerService(  813): sendPendingNotificationsLocked mSendGoToSleepFinishedNotificationWhenReady = false
D/PowerManagerService(  813): sendPendingNotificationsLocked mSendGoToSleepFinishedNotificationWhenReady = false
D/PowerManagerService(  813): sendPendingNotificationsLocked mSendGoToSleepFinishedNotificationWhenReady = false
D/PowerManagerService(  813): sendPendingNotificationsLocked mSendGoToSleepFinishedNotificationWhenReady = false
D/PowerManagerService(  813): sendPendingNotificationsLocked mSendGoToSleepFinishedNotificationWhenReady = false
D/PowerManagerService(  813): sendPendingNotificationsLocked mSendGoToSleepFinishedNotificationWhenReady = false
D/PowerManagerService(  813): sendPendingNotificationsLocked mSendGoToSleepFinishedNotificationWhenReady = false
D/PowerManagerService(  813): sendPendingNotificationsLocked mSendGoToSleepFinishedNotificationWhenReady = false
D/PowerManagerService(  813): sendPendingNotificationsLocked mSendGoToSleepFinishedNotificationWhenReady = false
W/ctxmgr  ( 1111): [ContextSpecificAclFactory]LocationConsent failed, ULR opt-in status is: false, account#-395797278#
W/ctxmgr  ( 1111): [AclManager]No 2 for (accnt=account#-395797278#, com.google.android.gms(10012):UserLocationProducer, vrsn=9877000, 0, 3pPkg = null ,  3pMdlId = null). Was: 2 for 1, account#-395797278#
D/PowerManagerService(  813): sendPendingNotificationsLocked mSendGoToSleepFinishedNotificationWhenReady = false
D/LockScreen_KeyguardUpdateMonitor(  974): received broadcast android.intent.action.TIME_TICK
D/LockScreen_DMLockCodeController(  974): canAcceptIntent - can: false
D/LockScreen_CMASAlertController(  974): canAcceptIntent - can: false
D/LockScreen_KeyguardUpdateMonitor(  974): handleTimeUpdate
W/AlarmManager(  813): Alarm triggering: Alarm{4220b730 type 3 android}
D/PowerManagerService(  813): sendPendingNotificationsLocked mSendGoToSleepFinishedNotificationWhenReady = false
E/niejiyong(  974): WeatherService is Running
E/niejiyong(  974): Weather process is Running
E/niejiyong(  974): WeatherService is Running
E/niejiyong(  974): Weather process is Running
D/haha    ( 1349): mDateTimeReceiver intent::Intent { act=android.intent.action.TIME_TICK flg=0x50000014 (has extras) }
E/niejiyong( 1349): TypeBWeatherWidget :: performUpdate..
E/niejiyong( 1349): TypeBWeatherWidget :: performUpdate..cityLocationId = cityId:351193
D/haha    ( 1349): WeatherWidget update  AmPm=1,  Hour=7,  Minute=50
W/AlarmManager(  813): +++alarm onSendFinished ,action=android.intent.action.TIME_TICK
D/PowerManagerService(  813): sendPendingNotificationsLocked mSendGoToSleepFinishedNotificationWhenReady = false
D/LocSvc_java(  813): reportXtraServer 
D/LocSvc_java(  813):  server1=http://xtrapath1.izatcloud.net/xtra3grc.bin
D/LocSvc_java(  813):  server2=http://xtrapath2.izatcloud.net/xtra3grc.bin
D/LocSvc_java(  813):  server3=http://xtrapath3.izatcloud.net/xtra3grc.bin
D/LocSvc_java(  813): xtraDownloadRequest
D/LocSvc_java(  813): [ZTE-GPS]GCF STATE(XTRA data) is false
D/LocSvc_java(  813): [ZTE-GPS]Begin to download XTRA data!
D/PowerManagerService(  813): sendPendingNotificationsLocked mSendGoToSleepFinishedNotificationWhenReady = false
